ets Jul 29 2019 12:21:46

rst:0x1 (POWERON_RESET),boot:0x12 (SPI_FAST_FLASH_BOOT)
configsip: 0, SPIWP:0xee
clk_drv:0x00,q_drv:0x00,d_drv:0x00,cs0_drv:0x00,hd_drv:0x00,wp_drv:0x00
mode:DIO, clock div:2
load:0x3fff0030,len:1184
load:0x40078000,len:13232
load:0x40080400,len:3028
entry 0x400805e4


============
CLIENT SETUP
============
[BOOT] RESET_REASON=1 POWERON
[HEAP] 00:00:00 169368 167208 110580 (init)
[PSRM] 00:00:00 0
[EFUS]...Two Point: NOT supported
[EFUS]...Vref: NOT supported
[INIT]...initMheard
[INIT]...init_flash
[   870][E][Preferences.cpp:483] getString(): nvs_get_str len fail: node_call NOT_FOUND
[   873][E][Preferences.cpp:483] getString(): nvs_get_str len fail: node_short NOT_FOUND
[   874][E][Preferences.cpp:503] getBytesLength(): nvs_get_blob len fail: node_lat NOT_FOUND
[   875][E][Preferences.cpp:503] getBytesLength(): nvs_get_blob len fail: node_lon NOT_FOUND
[   875][E][Preferences.cpp:503] getBytesLength(): nvs_get_blob len fail: node_temp NOT_FOUND
[   875][E][Preferences.cpp:503] getBytesLength(): nvs_get_blob len fail: node_hum NOT_FOUND
[   875][E][Preferences.cpp:503] getBytesLength(): nvs_get_blob len fail: node_press NOT_FOUND
[   876][E][Preferences.cpp:483] getString(): nvs_get_str len fail: node_ssid NOT_FOUND
[   876][E][Preferences.cpp:483] getString(): nvs_get_str len fail: node_pwd NOT_FOUND
[   876][E][Preferences.cpp:503] getBytesLength(): nvs_get_blob len fail: node_maxv NOT_FOUND
[   876][E][Preferences.cpp:483] getString(): nvs_get_str len fail: node_extern NOT_FOUND
[   877][E][Preferences.cpp:503] getBytesLength(): nvs_get_blob len fail: node_freq NOT_FOUND
[   877][E][Preferences.cpp:503] getBytesLength(): nvs_get_blob len fail: node_bw NOT_FOUND
[   877][E][Preferences.cpp:483] getString(): nvs_get_str len fail: node_atxt NOT_FOUND
[   878][E][Preferences.cpp:503] getBytesLength(): nvs_get_blob len fail: node_temp2 NOT_FOUND
[   878][E][Preferences.cpp:503] getBytesLength(): nvs_get_blob len fail: node_utcof NOT_FOUND
[   878][E][Preferences.cpp:503] getBytesLength(): nvs_get_blob len fail: node_gas NOT_FOUND
[   878][E][Preferences.cpp:503] getBytesLength(): nvs_get_blob len fail: node_co2 NOT_FOUND
[   879][E][Preferences.cpp:483] getString(): nvs_get_str len fail: node_mcp170 NOT_FOUND
[   879][E][Preferences.cpp:483] getString(): nvs_get_str len fail: node_mcp171 NOT_FOUND
[   879][E][Preferences.cpp:483] getString(): nvs_get_str len fail: node_mcp172 NOT_FOUND
[   880][E][Preferences.cpp:483] getString(): nvs_get_str len fail: node_mcp173 NOT_FOUND
[   880][E][Preferences.cpp:483] getString(): nvs_get_str len fail: node_mcp174 NOT_FOUND
[   880][E][Preferences.cpp:483] getString(): nvs_get_str len fail: node_mcp175 NOT_FOUND
[   880][E][Preferences.cpp:483] getString(): nvs_get_str len fail: node_mcp176 NOT_FOUND
[   881][E][Preferences.cpp:483] getString(): nvs_get_str len fail: node_mcp177 NOT_FOUND
[   881][E][Preferences.cpp:483] getString(): nvs_get_str len fail: node_mcp178 NOT_FOUND
[   881][E][Preferences.cpp:483] getString(): nvs_get_str len fail: node_mcp179 NOT_FOUND
[   881][E][Preferences.cpp:483] getString(): nvs_get_str len fail: node_mcp1710 NOT_FOUND
[   882][E][Preferences.cpp:483] getString(): nvs_get_str len fail: node_mcp1711 NOT_FOUND
[   882][E][Preferences.cpp:483] getString(): nvs_get_str len fail: node_mcp1712 NOT_FOUND
[   882][E][Preferences.cpp:483] getString(): nvs_get_str len fail: node_mcp1713 NOT_FOUND
[   884][E][Preferences.cpp:483] getString(): nvs_get_str len fail: node_mcp1714 NOT_FOUND
[   884][E][Preferences.cpp:483] getString(): nvs_get_str len fail: node_mcp1715 NOT_FOUND
[   887][E][Preferences.cpp:503] getBytesLength(): nvs_get_blob len fail: node_track NOT_FOUND
[   891][E][Preferences.cpp:483] getString(): nvs_get_str len fail: node_passwd NOT_FOUND
[   892][E][Preferences.cpp:483] getString(): nvs_get_str len fail: node_ownip NOT_FOUND
[   892][E][Preferences.cpp:483] getString(): nvs_get_str len fail: node_owngw NOT_FOUND
[   892][E][Preferences.cpp:483] getString(): nvs_get_str len fail: node_ownms NOT_FOUND
[   892][E][Preferences.cpp:483] getString(): nvs_get_str len fail: node_name NOT_FOUND
[   893][E][Preferences.cpp:483] getString(): nvs_get_str len fail: node_webpwd NOT_FOUND
[   893][E][Preferences.cpp:483] getString(): nvs_get_str len fail: node_lssid NOT_FOUND
[   893][E][Preferences.cpp:483] getString(): nvs_get_str len fail: node_lpwd NOT_FOUND
[   894][E][Preferences.cpp:503] getBytesLength(): nvs_get_blob len fail: node_afakt NOT_FOUND
[   894][E][Preferences.cpp:483] getString(): nvs_get_str len fail: node_parm NOT_FOUND
[   894][E][Preferences.cpp:483] getString(): nvs_get_str len fail: node_unit NOT_FOUND
[   894][E][Preferences.cpp:483] getString(): nvs_get_str len fail: node_format NOT_FOUND
[   895][E][Preferences.cpp:483] getString(): nvs_get_str len fail: node_eqns NOT_FOUND
[   895][E][Preferences.cpp:483] getString(): nvs_get_str len fail: node_values NOT_FOUND
[   895][E][Preferences.cpp:503] getBytesLength(): nvs_get_blob len fail: node_spstart NOT_FOUND
[   895][E][Preferences.cpp:503] getBytesLength(): nvs_get_blob len fail: node_spend NOT_FOUND
[   896][E][Preferences.cpp:503] getBytesLength(): nvs_get_blob len fail: node_spstep NOT_FOUND
[   896][E][Preferences.cpp:503] getBytesLength(): nvs_get_blob len fail: node_bfakt NOT_FOUND
[   896][E][Preferences.cpp:483] getString(): nvs_get_str len fail: node_ucall NOT_FOUND
[   896][E][Preferences.cpp:503] getBytesLength(): nvs_get_blob len fail: node_aak NOT_FOUND
[   897][E][Preferences.cpp:503] getBytesLength(): nvs_get_blob len fail: node_aslo NOT_FOUND
[   897][E][Preferences.cpp:503] getBytesLength(): nvs_get_blob len fail: node_aoff NOT_FOUND
[   897][E][Preferences.cpp:503] getBytesLength(): nvs_get_blob len fail: node_atten NOT_FOUND
[   897][E][Preferences.cpp:483] getString(): nvs_get_str len fail: node_gwsrv NOT_FOUND
[   898][E][Preferences.cpp:503] getBytesLength(): nvs_get_blob len fail: node_tmpiof NOT_FOUND
[   898][E][Preferences.cpp:503] getBytesLength(): nvs_get_blob len fail: node_tmpoof NOT_FOUND
[   898][E][Preferences.cpp:503] getBytesLength(): nvs_get_blob len fail: node_shunt NOT_FOUND
[   898][E][Preferences.cpp:503] getBytesLength(): nvs_get_blob len fail: node_imax NOT_FOUND
[   899][E][Preferences.cpp:483] getString(): nvs_get_str len fail: node_owndns NOT_FOUND
[   899][E][Preferences.cpp:483] getString(): nvs_get_str len fail: node_ownntp NOT_FOUND
[   899][E][Preferences.cpp:483] getString(): nvs_get_str len fail: node_fwversion NOT_FOUND
[   900][E][Preferences.cpp:483] getString(): nvs_get_str len fail: node_via NOT_FOUND
[   900][E][Preferences.cpp:483] getString(): nvs_get_str len fail: node_aprsmc NOT_FOUND
[   900][E][Preferences.cpp:483] getString(): nvs_get_str len fail: node_pingcall NOT_FOUND
[INIT]...build Sep 26 2026 / 23:07:25
[INIT]...FLASH cleared, Settings-Layout 0 -> 20260724
[INIT]...FLASH #entries 628 bevor clear
[INIT]...FLASH #entries 628 after clear
[TIME]...Loaded time persistence: saved_time=0, mheard_time=0, msg_time=0
[INIT]...WIFIAP starting...
[INIT]...WEBServer starting...
[QEMU]...headless defaults: web+console ON, wifiAP/gateway/extudp OFF
[QEMU]...virtual GPS enabled (bGPSON=true); NMEA expected on UART1
[INIT].._GW_ID: 00000000
[INIT]...Initialize clock: ok
[LoRa]...SX1268 chip Initializing ... success
[EXTRADIO] enabled, bridge 10.0.2.2:7000, auth=password
[LoRa]...All settings successfully changed
[BLE ]...Device started with BLE-Name <MC-0000-XX0XXX-00>
[BLE ]...disabled (DISABLE_BLE)
==============
CLIENT STARTED
==============
[QEMU]...starting OpenETH (esp_eth_start)
[WIFI]...no connection possible
[QEMU]...OpenETH driver started
[QEMU]...OpenETH link connected
[QEMU]...dhcpc_start -> 0x5004 (0=started, 0x5004=already-running)
[GPS ]...QEMU virtual GPS on UART1 (synthetic RX=16 TX=17 @ 9600 baud; no hardware)
[QEMU]...OpenETH GOT_IP ip=10.0.2.15 mask=255.255.255.0 gw=10.0.2.5
[GPS ]...QEMU NMEA presence: 0 chars -> no data yet
[QEMU]...OpenETH connect OK
[WIFI];link;down;sta;0;status;255;down_s;0;last_reason;0;got_ip_n;0;ip;1;ms;12745
[CON ]...HMAC console init.
[CON ]...Console started on port 2323
[BOOT];ready;ms;12762;ip;1
TimeClient no update possible --> CPU-Mode
[ 12764][E][WiFiUdp.cpp:221] parsePacket(): could not receive data: 9
[ 12774][E][WiFiUdp.cpp:221] parsePacket(): could not receive data: 9
[ 12783][E][WiFiUdp.cpp:221] parsePacket(): could not receive data: 9
[ 12789][E][WiFiUdp.cpp:221] parsePacket(): could not receive data: 9
[ 12795][E][WiFiUdp.cpp:221] parsePacket(): could not receive data: 9
[ 12801][E][WiFiUdp.cpp:221] parsePacket(): could not receive data: 9
[ 12807][E][WiFiUdp.cpp:221] parsePacket(): could not receive data: 9
[ 12813][E][WiFiUdp.cpp:221] parsePacket(): could not receive data: 9
[ 12820][E][WiFiUdp.cpp:221] parsePacket(): could not receive data: 9
[ 12826][E][WiFiUdp.cpp:221] parsePacket(): could not receive data: 9
[ 12832][E][WiFiUdp.cpp:221] parsePacket(): could not receive data: 9
[ 12839][E][WiFiUdp.cpp:221] parsePacket(): could not receive data: 9
[ 12846][E][WiFiUdp.cpp:221] parsePacket(): could not receive data: 9
[ 12853][E][WiFiUdp.cpp:221] parsePacket(): could not receive data: 9
[ 12862][E][WiFiUdp.cpp:221] parsePacket(): could not receive data: 9
[ 12869][E][WiFiUdp.cpp:221] parsePacket(): could not receive data: 9
[ 12875][E][WiFiUdp.cpp:221] parsePacket(): could not receive data: 9
[ 12880][E][WiFiUdp.cpp:221] parsePacket(): could not receive data: 9
[ 12886][E][WiFiUdp.cpp:221] parsePacket(): could not receive data: 9
[ 12892][E][WiFiUdp.cpp:221] parsePacket(): could not receive data: 9
[ 12899][E][WiFiUdp.cpp:221] parsePacket(): could not receive data: 9
[ 12906][E][WiFiUdp.cpp:221] parsePacket(): could not receive data: 9
[ 12913][E][WiFiUdp.cpp:221] parsePacket(): could not receive data: 9
[ 12920][E][WiFiUdp.cpp:221] parsePacket(): could not receive data: 9
[ 12927][E][WiFiUdp.cpp:221] parsePacket(): could not receive data: 9
[ 12934][E][WiFiUdp.cpp:221] parsePacket(): could not receive data: 9
[ 12941][E][WiFiUdp.cpp:221] parsePacket(): could not receive data: 9
[ 12948][E][WiFiUdp.cpp:221] parsePacket(): could not receive data: 9
[ 12955][E][WiFiUdp.cpp:221] parsePacket(): could not receive data: 9
[ 12962][E][WiFiUdp.cpp:221] parsePacket(): could not receive data: 9
[ 12969][E][WiFiUdp.cpp:221] parsePacket(): could not receive data: 9
[ 12975][E][WiFiUdp.cpp:221] parsePacket(): could not receive data: 9
[ 12981][E][WiFiUdp.cpp:221] parsePacket(): could not receive data: 9
[ 12987][E][WiFiUdp.cpp:221] parsePacket(): could not receive data: 9
[ 12993][E][WiFiUdp.cpp:221] parsePacket(): could not receive data: 9
[ 12999][E][WiFiUdp.cpp:221] parsePacket(): could not receive data: 9
[ 13005][E][WiFiUdp.cpp:221] parsePacket(): could not receive data: 9
[ 13011][E][WiFiUdp.cpp:221] parsePacket(): could not receive data: 9
[ 13017][E][WiFiUdp.cpp:221] parsePacket(): could not receive data: 9
[ 13023][E][WiFiUdp.cpp:221] parsePacket(): could not receive data: 9
[ 13029][E][WiFiUdp.cpp:221] parsePacket(): could not receive data: 9
[ 13035][E][WiFiUdp.cpp:221] parsePacket(): could not receive data: 9
[ 13041][E][WiFiUdp.cpp:221] parsePacket(): could not receive data: 9
[ 13047][E][WiFiUdp.cpp:221] parsePacket(): could not receive data: 9
[ 13053][E][WiFiUdp.cpp:221] parsePacket(): could not receive data: 9
[ 13059][E][WiFiUdp.cpp:221] parsePacket(): could not receive data: 9
[ 13065][E][WiFiUdp.cpp:221] parsePacket(): could not receive data: 9
[ 13071][E][WiFiUdp.cpp:221] parsePacket(): could not receive data: 9
[ 13077][E][WiFiUdp.cpp:221] parsePacket(): could not receive data: 9
[ 13083][E][WiFiUdp.cpp:221] parsePacket(): could not receive data: 9
[ 13089][E][WiFiUdp.cpp:221] parsePacket(): could not receive data: 9
[ 13095][E][WiFiUdp.cpp:221] parsePacket(): could not receive data: 9
[ 13101][E][WiFiUdp.cpp:221] parsePacket(): could not receive data: 9
[ 13107][E][WiFiUdp.cpp:221] parsePacket(): could not receive data: 9
[ 13113][E][WiFiUdp.cpp:221] parsePacket(): could not receive data: 9
[ 13119][E][WiFiUdp.cpp:221] parsePacket(): could not receive data: 9
[ 13125][E][WiFiUdp.cpp:221] parsePacket(): could not receive data: 9
[ 13131][E][WiFiUdp.cpp:221] parsePacket(): could not receive data: 9
[ 13137][E][WiFiUdp.cpp:221] parsePacket(): could not receive data: 9
[ 13143][E][WiFiUdp.cpp:221] parsePacket(): could not receive data: 9
[ 13149][E][WiFiUdp.cpp:221] parsePacket(): could not receive data: 9
[ 13155][E][WiFiUdp.cpp:221] parsePacket(): could not receive data: 9
[ 13161][E][WiFiUdp.cpp:221] parsePacket(): could not receive data: 9
[ 13167][E][WiFiUdp.cpp:221] parsePacket(): could not receive data: 9
[ 13173][E][WiFiUdp.cpp:221] parsePacket(): could not receive data: 9
[ 13179][E][WiFiUdp.cpp:221] parsePacket(): could not receive data: 9
[ 13185][E][WiFiUdp.cpp:221] parsePacket(): could not receive data: 9
[ 13191][E][WiFiUdp.cpp:221] parsePacket(): could not receive data: 9
[ 13197][E][WiFiUdp.cpp:221] parsePacket(): could not receive data: 9
[ 13203][E][WiFiUdp.cpp:221] parsePacket(): could not receive data: 9
[ 13209][E][WiFiUdp.cpp:221] parsePacket(): could not receive data: 9
[ 13215][E][WiFiUdp.cpp:221] parsePacket(): could not receive data: 9
[ 13221][E][WiFiUdp.cpp:221] parsePacket(): could not receive data: 9
[ 13227][E][WiFiUdp.cpp:221] parsePacket(): could not receive data: 9
[ 13233][E][WiFiUdp.cpp:221] parsePacket(): could not receive data: 9
[ 13239][E][WiFiUdp.cpp:221] parsePacket(): could not receive data: 9
[ 13245][E][WiFiUdp.cpp:221] parsePacket(): could not receive data: 9
[ 13251][E][WiFiUdp.cpp:221] parsePacket(): could not receive data: 9
[ 13257][E][WiFiUdp.cpp:221] parsePacket(): could not receive data: 9
[ 13263][E][WiFiUdp.cpp:221] parsePacket(): could not receive data: 9
[ 13269][E][WiFiUdp.cpp:221] parsePacket(): could not receive data: 9
[ 13275][E][WiFiUdp.cpp:221] parsePacket(): could not receive data: 9
[ 13281][E][WiFiUdp.cpp:221] parsePacket(): could not receive data: 9
[ 13287][E][WiFiUdp.cpp:221] parsePacket(): could not receive data: 9
[ 13293][E][WiFiUdp.cpp:221] parsePacket(): could not receive data: 9
[ 13299][E][WiFiUdp.cpp:221] parsePacket(): could not receive data: 9
[ 13305][E][WiFiUdp.cpp:221] parsePacket(): could not receive data: 9
[ 13311][E][WiFiUdp.cpp:221] parsePacket(): could not receive data: 9
[ 13317][E][WiFiUdp.cpp:221] parsePacket(): could not receive data: 9
[ 13323][E][WiFiUdp.cpp:221] parsePacket(): could not receive data: 9
[ 13329][E][WiFiUdp.cpp:221] parsePacket(): could not receive data: 9
[ 13335][E][WiFiUdp.cpp:221] parsePacket(): could not receive data: 9
[ 13341][E][WiFiUdp.cpp:221] parsePacket(): could not receive data: 9
[ 13347][E][WiFiUdp.cpp:221] parsePacket(): could not receive data: 9
[ 13353][E][WiFiUdp.cpp:221] parsePacket(): could not receive data: 9
[ 13359][E][WiFiUdp.cpp:221] parsePacket(): could not receive data: 9
[ 13366][E][WiFiUdp.cpp:221] parsePacket(): could not receive data: 9
[CON ]...accept() fd=50 free=133356
[ 13376][E][WiFiUdp.cpp:221] parsePacket(): could not receive data: 9
[CON ]...Client authenticated on port 2323. free heap=128132
-[ 13385][E][WiFiUdp.cpp:221] parsePacket(): could not receive data: 9
-[ 13392][E][WiFiUdp.cpp:221] parsePacket(): could not receive data: 9
i[ 13399][E][WiFiUdp.cpp:221] parsePacket(): could not receive data: 9
n[ 13406][E][WiFiUdp.cpp:221] parsePacket(): could not receive data: 9
f[ 13412][E][WiFiUdp.cpp:221] parsePacket(): could not receive data: 9
o[ 13419][E][WiFiUdp.cpp:221] parsePacket(): could not receive data: 9
[ 13426][E][WiFiUdp.cpp:221] parsePacket(): could not receive data: 9

--MeshCom 4.35t (build: Sep 26 2026 / 23:07:22)
...UPDATE: 
...Call: <XX0XXX-00> ...ID 00000000 ...NODE 39 <EBYTE_E22> ...UTC-OFF 1.000000 [CPU]
...BATT 0.00 V ...BATT 0 % ...MAXV 4.200 V
...TIME 13447 ms
...Flash-Version 20260724
...NOMSGALL off ...MESH off ...BUTTON (12) off ...SOFTSER off ... SOFTSERREAD off
...PASSWD <>
...DEBUG man ...DEBUG en
...DEBUG off ...LORADEBUG off ...GPSDEBUG off/0 ...SOFTSERDEBUG off
...WXDEBUG off ...BLEDEBUG off
...DisplayInfo off ...DisplayCont off ...DisplyLog off ...contrast 255 ...ackinfo off
...EXTUDP off ...EXT IP none ...NOPMOTHER off
...BTCODE 000000
...APRSMC: APRSMC
...ATXT: 
...NAME: 
...BLE : short
...DISPLAY on
...CTRY EU8
...FREQ 433.1750 MHz TXPWR 17 dBm RXBOOST off
...MAXHOP text 4 / pos 2

...Webserver  on / Webpwd <> / Gateway off 
...NETConsole on (port 2323)
...KISS/TCP   off / TX off / RxMeta off / Auth off
...WIFI-AP    off
...SSID <none> / PASSWORD <***>
...NETWORK Mode:ETH
...hasIpAddress: yes
...IP address   : 10.0.2.15
...SUBNET-MASK  : 255.255.255.0
...GW address   : 10.0.2.5
...DNS address  : 
...UDP-HBeat : 13468
[ 13469][E][WiFiUdp.cpp:221] parsePacket(): could not receive data: 9
[ 13475][E][WiFiUdp.cpp:221] parsePacket(): could not receive data: 9
[ 13481][E][WiFiUdp.cpp:221] parsePacket(): could not receive data: 9
[ 13487][E][WiFiUdp.cpp:221] parsePacket(): could not receive data: 9
[ 13493][E][WiFiUdp.cpp:221] parsePacket(): could not receive data: 9
[ 13499][E][WiFiUdp.cpp:221] parsePacket(): could not receive data: 9
[ 13506][E][WiFiUdp.cpp:221] parsePacket(): could not receive data: 9
[ 13513][E][WiFiUdp.cpp:221] parsePacket(): could not receive data: 9
[ 13520][E][WiFiUdp.cpp:221] parsePacket(): could not receive data: 9
[ 13527][E][WiFiUdp.cpp:221] parsePacket(): could not receive data: 9
[ 13534][E][WiFiUdp.cpp:221] parsePacket(): could not receive data: 9
[ 13541][E][WiFiUdp.cpp:221] parsePacket(): could not receive data: 9
[ 13548][E][WiFiUdp.cpp:221] parsePacket(): could not receive data: 9
[ 13554][E][WiFiUdp.cpp:221] parsePacket(): could not receive data: 9
[ 13560][E][WiFiUdp.cpp:221] parsePacket(): could not receive data: 9
[ 13566][E][WiFiUdp.cpp:221] parsePacket(): could not receive data: 9
[ 13572][E][WiFiUdp.cpp:221] parsePacket(): could not receive data: 9
[ 13581][E][WiFiUdp.cpp:221] parsePacket(): could not receive data: 9
[ 13587][E][WiFiUdp.cpp:221] parsePacket(): could not receive data: 9
[ 13593][E][WiFiUdp.cpp:221] parsePacket(): could not receive data: 9
[ 13599][E][WiFiUdp.cpp:221] parsePacket(): could not receive data: 9
[ 13606][E][WiFiUdp.cpp:221] parsePacket(): could not receive data: 9
[ 13614][E][WiFiUdp.cpp:221] parsePacket(): could not receive data: 9
[ 13621][E][WiFiUdp.cpp:221] parsePacket(): could not receive data: 9
[ 13627][E][WiFiUdp.cpp:221] parsePacket(): could not receive data: 9
[ 13635][E][WiFiUdp.cpp:221] parsePacket(): could not receive data: 9
[ 13642][E][WiFiUdp.cpp:221] parsePacket(): could not receive data: 9
[ 13650][E][WiFiUdp.cpp:221] parsePacket(): could not receive data: 9
[ 13658][E][WiFiUdp.cpp:221] parsePacket(): could not receive data: 9
[ 13666][E][WiFiUdp.cpp:221] parsePacket(): could not receive data: 9
[ 13673][E][WiFiUdp.cpp:221] parsePacket(): could not receive data: 9
[ 13681][E][WiFiUdp.cpp:221] parsePacket(): could not receive data: 9
[ 13690][E][WiFiUdp.cpp:221] parsePacket(): could not receive data: 9
[ 13697][E][WiFiUdp.cpp:221] parsePacket(): could not receive data: 9
[ 13706][E][WiFiUdp.cpp:221] parsePacket(): could not receive data: 9
[ 13714][E][WiFiUdp.cpp:221] parsePacket(): could not receive data: 9
[ 13721][E][WiFiUdp.cpp:221] parsePacket(): could not receive data: 9
[ 13728][E][WiFiUdp.cpp:221] parsePacket(): could not receive data: 9
[ 13735][E][WiFiUdp.cpp:221] parsePacket(): could not receive data: 9
[ 13742][E][WiFiUdp.cpp:221] parsePacket(): could not receive data: 9
[ 13749][E][WiFiUdp.cpp:221] parsePacket(): could not receive data: 9
[ 13756][E][WiFiUdp.cpp:221] parsePacket(): could not receive data: 9
[ 13763][E][WiFiUdp.cpp:221] parsePacket(): could not receive data: 9
[ 13769][E][WiFiUdp.cpp:221] parsePacket(): could not receive data: 9
[ 13775][E][WiFiUdp.cpp:221] parsePacket(): could not receive data: 9
[ 13782][E][WiFiUdp.cpp:221] parsePacket(): could not receive data: 9
[ 13789][E][WiFiUdp.cpp:221] parsePacket(): could not receive data: 9
[ 13796][E][WiFiUdp.cpp:221] parsePacket(): could not receive data: 9
[ 13802][E][WiFiUdp.cpp:221] parsePacket(): could not receive data: 9
[ 13808][E][WiFiUdp.cpp:221] parsePacket(): could not receive data: 9
[ 13814][E][WiFiUdp.cpp:221] parsePacket(): could not receive data: 9
[ 13820][E][WiFiUdp.cpp:221] parsePacket(): could not receive data: 9
[ 13826][E][WiFiUdp.cpp:221] parsePacket(): could not receive data: 9
[ 13832][E][WiFiUdp.cpp:221] parsePacket(): could not receive data: 9
[ 13838][E][WiFiUdp.cpp:221] parsePacket(): could not receive data: 9
[ 13844][E][WiFiUdp.cpp:221] parsePacket(): could not receive data: 9
[ 13850][E][WiFiUdp.cpp:221] parsePacket(): could not receive data: 9
[ 13856][E][WiFiUdp.cpp:221] parsePacket(): could not receive data: 9
[ 13862][E][WiFiUdp.cpp:221] parsePacket(): could not receive data: 9
[ 13868][E][WiFiUdp.cpp:221] parsePacket(): could not receive data: 9
[ 13874][E][WiFiUdp.cpp:221] parsePacket(): could not receive data: 9
[ 13880][E][WiFiUdp.cpp:221] parsePacket(): could not receive data: 9
[ 13886][E][WiFiUdp.cpp:221] parsePacket(): could not receive data: 9
[ 13892][E][WiFiUdp.cpp:221] parsePacket(): could not receive data: 9
[ 13898][E][WiFiUdp.cpp:221] parsePacket(): could not receive data: 9
[ 13904][E][WiFiUdp.cpp:221] parsePacket(): could not receive data: 9
[ 13910][E][WiFiUdp.cpp:221] parsePacket(): could not receive data: 9
[ 13916][E][WiFiUdp.cpp:221] parsePacket(): could not receive data: 9
[ 13922][E][WiFiUdp.cpp:221] parsePacket(): could not receive data: 9
[ 13928][E][WiFiUdp.cpp:221] parsePacket(): could not receive data: 9
[ 13934][E][WiFiUdp.cpp:221] parsePacket(): could not receive data: 9
[ 13940][E][WiFiUdp.cpp:221] parsePacket(): could not receive data: 9
[ 13947][E][WiFiUdp.cpp:221] parsePacket(): could not receive data: 9
[ 13954][E][WiFiUdp.cpp:221] parsePacket(): could not receive data: 9
[ 13960][E][WiFiUdp.cpp:221] parsePacket(): could not receive data: 9
[ 13966][E][WiFiUdp.cpp:221] parsePacket(): could not receive data: 9
[ 13972][E][WiFiUdp.cpp:221] parsePacket(): could not receive data: 9
[ 13979][E][WiFiUdp.cpp:221] parsePacket(): could not receive data: 9
[ 13986][E][WiFiUdp.cpp:221] parsePacket(): could not receive data: 9
[ 13993][E][WiFiUdp.cpp:221] parsePacket(): could not receive data: 9
[ 14000][E][WiFiUdp.cpp:221] parsePacket(): could not receive data: 9
[ 14007][E][WiFiUdp.cpp:221] parsePacket(): could not receive data: 9
[ 14014][E][WiFiUdp.cpp:221] parsePacket(): could not receive data: 9
[ 14021][E][WiFiUdp.cpp:221] parsePacket(): could not receive data: 9
[ 14028][E][WiFiUdp.cpp:221] parsePacket(): could not receive data: 9
[ 14035][E][WiFiUdp.cpp:221] parsePacket(): could not receive data: 9
[ 14042][E][WiFiUdp.cpp:221] parsePacket(): could not receive data: 9
[ 14049][E][WiFiUdp.cpp:221] parsePacket(): could not receive data: 9
[ 14056][E][WiFiUdp.cpp:221] parsePacket(): could not receive data: 9
[ 14063][E][WiFiUdp.cpp:221] parsePacket(): could not receive data: 9
[ 14070][E][WiFiUdp.cpp:221] parsePacket(): could not receive data: 9
[ 14077][E][WiFiUdp.cpp:221] parsePacket(): could not receive data: 9
[ 14084][E][WiFiUdp.cpp:221] parsePacket(): could not receive data: 9
[ 14091][E][WiFiUdp.cpp:221] parsePacket(): could not receive data: 9
[ 14098][E][WiFiUdp.cpp:221] parsePacket(): could not receive data: 9
[ 14105][E][WiFiUdp.cpp:221] parsePacket(): could not receive data: 9
[ 14112][E][WiFiUdp.cpp:221] parsePacket(): could not receive data: 9
[ 14119][E][WiFiUdp.cpp:221] parsePacket(): could not receive data: 9
[ 14126][E][WiFiUdp.cpp:221] parsePacket(): could not receive data: 9
[ 14133][E][WiFiUdp.cpp:221] parsePacket(): could not receive data: 9
[ 14140][E][WiFiUdp.cpp:221] parsePacket(): could not receive data: 9
[ 14147][E][WiFiUdp.cpp:221] parsePacket(): could not receive data: 9
[ 14154][E][WiFiUdp.cpp:221] parsePacket(): could not receive data: 9
[ 14161][E][WiFiUdp.cpp:221] parsePacket(): could not receive data: 9
[ 14168][E][WiFiUdp.cpp:221] parsePacket(): could not receive data: 9
[ 14174][E][WiFiUdp.cpp:221] parsePacket(): could not receive data: 9
[ 14180][E][WiFiUdp.cpp:221] parsePacket(): could not receive data: 9
[ 14186][E][WiFiUdp.cpp:221] parsePacket(): could not receive data: 9
[ 14193][E][WiFiUdp.cpp:221] parsePacket(): could not receive data: 9
[ 14200][E][WiFiUdp.cpp:221] parsePacket(): could not receive data: 9
[ 14206][E][WiFiUdp.cpp:221] parsePacket(): could not receive data: 9
[ 14213][E][WiFiUdp.cpp:221] parsePacket(): could not receive data: 9
[ 14220][E][WiFiUdp.cpp:221] parsePacket(): could not receive data: 9
[ 14226][E][WiFiUdp.cpp:221] parsePacket(): could not receive data: 9
[ 14233][E][WiFiUdp.cpp:221] parsePacket(): could not receive data: 9
[ 14240][E][WiFiUdp.cpp:221] parsePacket(): could not receive data: 9
[ 14247][E][WiFiUdp.cpp:221] parsePacket(): could not receive data: 9
[ 14254][E][WiFiUdp.cpp:221] parsePacket(): could not receive data: 9
[ 14261][E][WiFiUdp.cpp:221] parsePacket(): could not receive data: 9
[ 14268][E][WiFiUdp.cpp:221] parsePacket(): could not receive data: 9
[ 14274][E][WiFiUdp.cpp:221] parsePacket(): could not receive data: 9
[ 14281][E][WiFiUdp.cpp:221] parsePacket(): could not receive data: 9
[ 14287][E][WiFiUdp.cpp:221] parsePacket(): could not receive data: 9
[ 14294][E][WiFiUdp.cpp:221] parsePacket(): could not receive data: 9
[ 14301][E][WiFiUdp.cpp:221] parsePacket(): could not receive data: 9
[ 14308][E][WiFiUdp.cpp:221] parsePacket(): could not receive data: 9
[ 14315][E][WiFiUdp.cpp:221] parsePacket(): could not receive data: 9
[ 14322][E][WiFiUdp.cpp:221] parsePacket(): could not receive data: 9
[ 14329][E][WiFiUdp.cpp:221] parsePacket(): could not receive data: 9
[ 14336][E][WiFiUdp.cpp:221] parsePacket(): could not receive data: 9
[ 14343][E][WiFiUdp.cpp:221] parsePacket(): could not receive data: 9
[ 14350][E][WiFiUdp.cpp:221] parsePacket(): could not receive data: 9
[ 14357][E][WiFiUdp.cpp:221] parsePacket(): could not receive data: 9
[ 14364][E][WiFiUdp.cpp:221] parsePacket(): could not receive data: 9
[ 14371][E][WiFiUdp.cpp:221] parsePacket(): could not receive data: 9
[ 14378][E][WiFiUdp.cpp:221] parsePacket(): could not receive data: 9
[ 14385][E][WiFiUdp.cpp:221] parsePacket(): could not receive data: 9
[ 14392][E][WiFiUdp.cpp:221] parsePacket(): could not receive data: 9
[ 14399][E][WiFiUdp.cpp:221] parsePacket(): could not receive data: 9
[ 14406][E][WiFiUdp.cpp:221] parsePacket(): could not receive data: 9
[ 14413][E][WiFiUdp.cpp:221] parsePacket(): could not receive data: 9
[ 14419][E][WiFiUdp.cpp:221] parsePacket(): could not receive data: 9
[ 14425][E][WiFiUdp.cpp:221] parsePacket(): could not receive data: 9
[ 14431][E][WiFiUdp.cpp:221] parsePacket(): could not receive data: 9
[ 14437][E][WiFiUdp.cpp:221] parsePacket(): could not receive data: 9
[ 14443][E][WiFiUdp.cpp:221] parsePacket(): could not receive data: 9
[ 14449][E][WiFiUdp.cpp:221] parsePacket(): could not receive data: 9
[ 14455][E][WiFiUdp.cpp:221] parsePacket(): could not receive data: 9
[ 14462][E][WiFiUdp.cpp:221] parsePacket(): could not receive data: 9
[ 14469][E][WiFiUdp.cpp:221] parsePacket(): could not receive data: 9
[ 14476][E][WiFiUdp.cpp:221] parsePacket(): could not receive data: 9
[ 14483][E][WiFiUdp.cpp:221] parsePacket(): could not receive data: 9
[ 14490][E][WiFiUdp.cpp:221] parsePacket(): could not receive data: 9
[ 14497][E][WiFiUdp.cpp:221] parsePacket(): could not receive data: 9
[ 14504][E][WiFiUdp.cpp:221] parsePacket(): could not receive data: 9
[ 14511][E][WiFiUdp.cpp:221] parsePacket(): could not receive data: 9
[ 14518][E][WiFiUdp.cpp:221] parsePacket(): could not receive data: 9
[ 14525][E][WiFiUdp.cpp:221] parsePacket(): could not receive data: 9
[ 14532][E][WiFiUdp.cpp:221] parsePacket(): could not receive data: 9
[ 14539][E][WiFiUdp.cpp:221] parsePacket(): could not receive data: 9
[ 14546][E][WiFiUdp.cpp:221] parsePacket(): could not receive data: 9
[ 14553][E][WiFiUdp.cpp:221] parsePacket(): could not receive data: 9
[ 14560][E][WiFiUdp.cpp:221] parsePacket(): could not receive data: 9
[ 14566][E][WiFiUdp.cpp:221] parsePacket(): could not receive data: 9
[ 14573][E][WiFiUdp.cpp:221] parsePacket(): could not receive data: 9
[ 14580][E][WiFiUdp.cpp:221] parsePacket(): could not receive data: 9
[ 14587][E][WiFiUdp.cpp:221] parsePacket(): could not receive data: 9
[ 14594][E][WiFiUdp.cpp:221] parsePacket(): could not receive data: 9
[ 14601][E][WiFiUdp.cpp:221] parsePacket(): could not receive data: 9
[ 14608][E][WiFiUdp.cpp:221] parsePacket(): could not receive data: 9
[ 14615][E][WiFiUdp.cpp:221] parsePacket(): could not receive data: 9
[ 14622][E][WiFiUdp.cpp:221] parsePacket(): could not receive data: 9
[ 14629][E][WiFiUdp.cpp:221] parsePacket(): could not receive data: 9
[ 14636][E][WiFiUdp.cpp:221] parsePacket(): could not receive data: 9
[ 14642][E][WiFiUdp.cpp:221] parsePacket(): could not receive data: 9
[ 14648][E][WiFiUdp.cpp:221] parsePacket(): could not receive data: 9
[ 14655][E][WiFiUdp.cpp:221] parsePacket(): could not receive data: 9
[ 14662][E][WiFiUdp.cpp:221] parsePacket(): could not receive data: 9
[ 14669][E][WiFiUdp.cpp:221] parsePacket(): could not receive data: 9
[ 14676][E][WiFiUdp.cpp:221] parsePacket(): could not receive data: 9
[ 14683][E][WiFiUdp.cpp:221] parsePacket(): could not receive data: 9
[ 14690][E][WiFiUdp.cpp:221] parsePacket(): could not receive data: 9
[ 14697][E][WiFiUdp.cpp:221] parsePacket(): could not receive data: 9
[ 14704][E][WiFiUdp.cpp:221] parsePacket(): could not receive data: 9
[ 14711][E][WiFiUdp.cpp:221] parsePacket(): could not receive data: 9
[ 14718][E][WiFiUdp.cpp:221] parsePacket(): could not receive data: 9
[ 14725][E][WiFiUdp.cpp:221] parsePacket(): could not receive data: 9
[ 14732][E][WiFiUdp.cpp:221] parsePacket(): could not receive data: 9
[ 14738][E][WiFiUdp.cpp:221] parsePacket(): could not receive data: 9
[ 14745][E][WiFiUdp.cpp:221] parsePacket(): could not receive data: 9
[ 14752][E][WiFiUdp.cpp:221] parsePacket(): could not receive data: 9
[ 14759][E][WiFiUdp.cpp:221] parsePacket(): could not receive data: 9
[ 14766][E][WiFiUdp.cpp:221] parsePacket(): could not receive data: 9
[ 14773][E][WiFiUdp.cpp:221] parsePacket(): could not receive data: 9
[ 14780][E][WiFiUdp.cpp:221] parsePacket(): could not receive data: 9
[ 14787][E][WiFiUdp.cpp:221] parsePacket(): could not receive data: 9
[ 14794][E][WiFiUdp.cpp:221] parsePacket(): could not receive data: 9
[ 14801][E][WiFiUdp.cpp:221] parsePacket(): could not receive data: 9
[ 14808][E][WiFiUdp.cpp:221] parsePacket(): could not receive data: 9
[ 14815][E][WiFiUdp.cpp:221] parsePacket(): could not receive data: 9
[ 14822][E][WiFiUdp.cpp:221] parsePacket(): could not receive data: 9
[ 14829][E][WiFiUdp.cpp:221] parsePacket(): could not receive data: 9
[ 14836][E][WiFiUdp.cpp:221] parsePacket(): could not receive data: 9
[ 14843][E][WiFiUdp.cpp:221] parsePacket(): could not receive data: 9
[ 14850][E][WiFiUdp.cpp:221] parsePacket(): could not receive data: 9
[ 14857][E][WiFiUdp.cpp:221] parsePacket(): could not receive data: 9
[ 14864][E][WiFiUdp.cpp:221] parsePacket(): could not receive data: 9
[ 14871][E][WiFiUdp.cpp:221] parsePacket(): could not receive data: 9
[ 14879][E][WiFiUdp.cpp:221] parsePacket(): could not receive data: 9
[ 14885][E][WiFiUdp.cpp:221] parsePacket(): could not receive data: 9
[ 14892][E][WiFiUdp.cpp:221] parsePacket(): could not receive data: 9
[ 14899][E][WiFiUdp.cpp:221] parsePacket(): could not receive data: 9
[ 14906][E][WiFiUdp.cpp:221] parsePacket(): could not receive data: 9
[ 14913][E][WiFiUdp.cpp:221] parsePacket(): could not receive data: 9
[ 14920][E][WiFiUdp.cpp:221] parsePacket(): could not receive data: 9
[ 14927][E][WiFiUdp.cpp:221] parsePacket(): could not receive data: 9
[ 14934][E][WiFiUdp.cpp:221] parsePacket(): could not receive data: 9
[ 14941][E][WiFiUdp.cpp:221] parsePacket(): could not receive data: 9
[ 14948][E][WiFiUdp.cpp:221] parsePacket(): could not receive data: 9
[ 14954][E][WiFiUdp.cpp:221] parsePacket(): could not receive data: 9
[ 14960][E][WiFiUdp.cpp:221] parsePacket(): could not receive data: 9
[ 14966][E][WiFiUdp.cpp:221] parsePacket(): could not receive data: 9
[ 14972][E][WiFiUdp.cpp:221] parsePacket(): could not receive data: 9
[ 14978][E][WiFiUdp.cpp:221] parsePacket(): could not receive data: 9
[ 14984][E][WiFiUdp.cpp:221] parsePacket(): could not receive data: 9
[ 14990][E][WiFiUdp.cpp:221] parsePacket(): could not receive data: 9
[ 14996][E][WiFiUdp.cpp:221] parsePacket(): could not receive data: 9
[ 15002][E][WiFiUdp.cpp:221] parsePacket(): could not receive data: 9
[ 15008][E][WiFiUdp.cpp:221] parsePacket(): could not receive data: 9
[ 15014][E][WiFiUdp.cpp:221] parsePacket(): could not receive data: 9
[ 15020][E][WiFiUdp.cpp:221] parsePacket(): could not receive data: 9
[ 15026][E][WiFiUdp.cpp:221] parsePacket(): could not receive data: 9
[ 15032][E][WiFiUdp.cpp:221] parsePacket(): could not receive data: 9
[ 15038][E][WiFiUdp.cpp:221] parsePacket(): could not receive data: 9
[ 15044][E][WiFiUdp.cpp:221] parsePacket(): could not receive data: 9
[ 15050][E][WiFiUdp.cpp:221] parsePacket(): could not receive data: 9
[ 15056][E][WiFiUdp.cpp:221] parsePacket(): could not receive data: 9
[ 15062][E][WiFiUdp.cpp:221] parsePacket(): could not receive data: 9
[ 15069][E][WiFiUdp.cpp:221] parsePacket(): could not receive data: 9
[ 15076][E][WiFiUdp.cpp:221] parsePacket(): could not receive data: 9
[ 15083][E][WiFiUdp.cpp:221] parsePacket(): could not receive data: 9
[ 15090][E][WiFiUdp.cpp:221] parsePacket(): could not receive data: 9
[ 15097][E][WiFiUdp.cpp:221] parsePacket(): could not receive data: 9
[ 15103][E][WiFiUdp.cpp:221] parsePacket(): could not receive data: 9
[ 15109][E][WiFiUdp.cpp:221] parsePacket(): could not receive data: 9
[ 15115][E][WiFiUdp.cpp:221] parsePacket(): could not receive data: 9
[ 15121][E][WiFiUdp.cpp:221] parsePacket(): could not receive data: 9
[ 15127][E][WiFiUdp.cpp:221] parsePacket(): could not receive data: 9
[ 15133][E][WiFiUdp.cpp:221] parsePacket(): could not receive data: 9
[ 15139][E][WiFiUdp.cpp:221] parsePacket(): could not receive data: 9
[ 15145][E][WiFiUdp.cpp:221] parsePacket(): could not receive data: 9
[ 15151][E][WiFiUdp.cpp:221] parsePacket(): could not receive data: 9
[ 15157][E][WiFiUdp.cpp:221] parsePacket(): could not receive data: 9
[ 15163][E][WiFiUdp.cpp:221] parsePacket(): could not receive data: 9
[ 15168][E][WiFiUdp.cpp:221] parsePacket(): could not receive data: 9
[ 15174][E][WiFiUdp.cpp:221] parsePacket(): could not receive data: 9
[ 15180][E][WiFiUdp.cpp:221] parsePacket(): could not receive data: 9
[ 15186][E][WiFiUdp.cpp:221] parsePacket(): could not receive data: 9
[ 15192][E][WiFiUdp.cpp:221] parsePacket(): could not receive data: 9
[ 15198][E][WiFiUdp.cpp:221] parsePacket(): could not receive data: 9
[ 15204][E][WiFiUdp.cpp:221] parsePacket(): could not receive data: 9
[ 15210][E][WiFiUdp.cpp:221] parsePacket(): could not receive data: 9
[ 15216][E][WiFiUdp.cpp:221] parsePacket(): could not receive data: 9
[ 15222][E][WiFiUdp.cpp:221] parsePacket(): could not receive data: 9
[ 15228][E][WiFiUdp.cpp:221] parsePacket(): could not receive data: 9
[ 15234][E][WiFiUdp.cpp:221] parsePacket(): could not receive data: 9
[ 15240][E][WiFiUdp.cpp:221] parsePacket(): could not receive data: 9
[ 15246][E][WiFiUdp.cpp:221] parsePacket(): could not receive data: 9
[ 15252][E][WiFiUdp.cpp:221] parsePacket(): could not receive data: 9
[ 15258][E][WiFiUdp.cpp:221] parsePacket(): could not receive data: 9
[ 15264][E][WiFiUdp.cpp:221] parsePacket(): could not receive data: 9
[ 15270][E][WiFiUdp.cpp:221] parsePacket(): could not receive data: 9
[ 15276][E][WiFiUdp.cpp:221] parsePacket(): could not receive data: 9
[ 15282][E][WiFiUdp.cpp:221] parsePacket(): could not receive data: 9
[ 15288][E][WiFiUdp.cpp:221] parsePacket(): could not receive data: 9
[ 15294][E][WiFiUdp.cpp:221] parsePacket(): could not receive data: 9
[ 15300][E][WiFiUdp.cpp:221] parsePacket(): could not receive data: 9
[ 15306][E][WiFiUdp.cpp:221] parsePacket(): could not receive data: 9
[ 15312][E][WiFiUdp.cpp:221] parsePacket(): could not receive data: 9
[ 15318][E][WiFiUdp.cpp:221] parsePacket(): could not receive data: 9
[ 15324][E][WiFiUdp.cpp:221] parsePacket(): could not receive data: 9
[ 15330][E][WiFiUdp.cpp:221] parsePacket(): could not receive data: 9
[ 15336][E][WiFiUdp.cpp:221] parsePacket(): could not receive data: 9
[ 15342][E][WiFiUdp.cpp:221] parsePacket(): could not receive data: 9
[ 15348][E][WiFiUdp.cpp:221] parsePacket(): could not receive data: 9
[ 15354][E][WiFiUdp.cpp:221] parsePacket(): could not receive data: 9
[ 15360][E][WiFiUdp.cpp:221] parsePacket(): could not receive data: 9
[ 15366][E][WiFiUdp.cpp:221] parsePacket(): could not receive data: 9
[ 15372][E][WiFiUdp.cpp:221] parsePacket(): could not receive data: 9
[ 15378][E][WiFiUdp.cpp:221] parsePacket(): could not receive data: 9
[ 15384][E][WiFiUdp.cpp:221] parsePacket(): could not receive data: 9
[ 15390][E][WiFiUdp.cpp:221] parsePacket(): could not receive data: 9
[ 15396][E][WiFiUdp.cpp:221] parsePacket(): could not receive data: 9
[ 15402][E][WiFiUdp.cpp:221] parsePacket(): could not receive data: 9
[ 15408][E][WiFiUdp.cpp:221] parsePacket(): could not receive data: 9
[ 15414][E][WiFiUdp.cpp:221] parsePacket(): could not receive data: 9
[ 15420][E][WiFiUdp.cpp:221] parsePacket(): could not receive data: 9
[ 15426][E][WiFiUdp.cpp:221] parsePacket(): could not receive data: 9
[ 15432][E][WiFiUdp.cpp:221] parsePacket(): could not receive data: 9
[ 15438][E][WiFiUdp.cpp:221] parsePacket(): could not receive data: 9
[ 15444][E][WiFiUdp.cpp:221] parsePacket(): could not receive data: 9
[ 15450][E][WiFiUdp.cpp:221] parsePacket(): could not receive data: 9
[ 15456][E][WiFiUdp.cpp:221] parsePacket(): could not receive data: 9
[ 15462][E][WiFiUdp.cpp:221] parsePacket(): could not receive data: 9
[ 15468][E][WiFiUdp.cpp:221] parsePacket(): could not receive data: 9
[ 15474][E][WiFiUdp.cpp:221] parsePacket(): could not receive data: 9
[ 15480][E][WiFiUdp.cpp:221] parsePacket(): could not receive data: 9
[ 15486][E][WiFiUdp.cpp:221] parsePacket(): could not receive data: 9
[ 15492][E][WiFiUdp.cpp:221] parsePacket(): could not receive data: 9
[ 15498][E][WiFiUdp.cpp:221] parsePacket(): could not receive data: 9
[ 15504][E][WiFiUdp.cpp:221] parsePacket(): could not receive data: 9
[ 15510][E][WiFiUdp.cpp:221] parsePacket(): could not receive data: 9
[ 15516][E][WiFiUdp.cpp:221] parsePacket(): could not receive data: 9
[ 15522][E][WiFiUdp.cpp:221] parsePacket(): could not receive data: 9
[ 15528][E][WiFiUdp.cpp:221] parsePacket(): could not receive data: 9
[ 15534][E][WiFiUdp.cpp:221] parsePacket(): could not receive data: 9
[ 15540][E][WiFiUdp.cpp:221] parsePacket(): could not receive data: 9
[ 15546][E][WiFiUdp.cpp:221] parsePacket(): could not receive data: 9
[ 15552][E][WiFiUdp.cpp:221] parsePacket(): could not receive data: 9
[ 15558][E][WiFiUdp.cpp:221] parsePacket(): could not receive data: 9
[ 15564][E][WiFiUdp.cpp:221] parsePacket(): could not receive data: 9
[ 15570][E][WiFiUdp.cpp:221] parsePacket(): could not receive data: 9
[ 15576][E][WiFiUdp.cpp:221] parsePacket(): could not receive data: 9
[ 15582][E][WiFiUdp.cpp:221] parsePacket(): could not receive data: 9
[ 15588][E][WiFiUdp.cpp:221] parsePacket(): could not receive data: 9
[ 15594][E][WiFiUdp.cpp:221] parsePacket(): could not receive data: 9
[ 15600][E][WiFiUdp.cpp:221] parsePacket(): could not receive data: 9
[ 15606][E][WiFiUdp.cpp:221] parsePacket(): could not receive data: 9
[ 15612][E][WiFiUdp.cpp:221] parsePacket(): could not receive data: 9
[ 15618][E][WiFiUdp.cpp:221] parsePacket(): could not receive data: 9
[ 15624][E][WiFiUdp.cpp:221] parsePacket(): could not receive data: 9
[ 15630][E][WiFiUdp.cpp:221] parsePacket(): could not receive data: 9
[ 15636][E][WiFiUdp.cpp:221] parsePacket(): could not receive data: 9
[ 15642][E][WiFiUdp.cpp:221] parsePacket(): could not receive data: 9
[ 15648][E][WiFiUdp.cpp:221] parsePacket(): could not receive data: 9
[ 15654][E][WiFiUdp.cpp:221] parsePacket(): could not receive data: 9
[ 15660][E][WiFiUdp.cpp:221] parsePacket(): could not receive data: 9
[ 15666][E][WiFiUdp.cpp:221] parsePacket(): could not receive data: 9
[ 15672][E][WiFiUdp.cpp:221] parsePacket(): could not receive data: 9
[ 15678][E][WiFiUdp.cpp:221] parsePacket(): could not receive data: 9
[ 15684][E][WiFiUdp.cpp:221] parsePacket(): could not receive data: 9
[ 15690][E][WiFiUdp.cpp:221] parsePacket(): could not receive data: 9
[ 15696][E][WiFiUdp.cpp:221] parsePacket(): could not receive data: 9
[ 15702][E][WiFiUdp.cpp:221] parsePacket(): could not receive data: 9
[ 15708][E][WiFiUdp.cpp:221] parsePacket(): could not receive data: 9
[ 15714][E][WiFiUdp.cpp:221] parsePacket(): could not receive data: 9
[ 15720][E][WiFiUdp.cpp:221] parsePacket(): could not receive data: 9
[ 15726][E][WiFiUdp.cpp:221] parsePacket(): could not receive data: 9
[ 15732][E][WiFiUdp.cpp:221] parsePacket(): could not receive data: 9
[ 15737][E][WiFiUdp.cpp:221] parsePacket(): could not receive data: 9
[ 15743][E][WiFiUdp.cpp:221] parsePacket(): could not receive data: 9
[ 15749][E][WiFiUdp.cpp:221] parsePacket(): could not receive data: 9
[ 15755][E][WiFiUdp.cpp:221] parsePacket(): could not receive data: 9
[ 15761][E][WiFiUdp.cpp:221] parsePacket(): could not receive data: 9
[ 15767][E][WiFiUdp.cpp:221] parsePacket(): could not receive data: 9
[ 15773][E][WiFiUdp.cpp:221] parsePacket(): could not receive data: 9
[ 15779][E][WiFiUdp.cpp:221] parsePacket(): could not receive data: 9
[ 15785][E][WiFiUdp.cpp:221] parsePacket(): could not receive data: 9
[ 15791][E][WiFiUdp.cpp:221] parsePacket(): could not receive data: 9
[ 15798][E][WiFiUdp.cpp:221] parsePacket(): could not receive data: 9
[ 15805][E][WiFiUdp.cpp:221] parsePacket(): could not receive data: 9
[ 15811][E][WiFiUdp.cpp:221] parsePacket(): could not receive data: 9
[ 15817][E][WiFiUdp.cpp:221] parsePacket(): could not receive data: 9
[ 15823][E][WiFiUdp.cpp:221] parsePacket(): could not receive data: 9
[ 15829][E][WiFiUdp.cpp:221] parsePacket(): could not receive data: 9
[ 15835][E][WiFiUdp.cpp:221] parsePacket(): could not receive data: 9
[ 15841][E][WiFiUdp.cpp:221] parsePacket(): could not receive data: 9
[ 15847][E][WiFiUdp.cpp:221] parsePacket(): could not receive data: 9
[ 15853][E][WiFiUdp.cpp:221] parsePacket(): could not receive data: 9
[ 15859][E][WiFiUdp.cpp:221] parsePacket(): could not receive data: 9
[ 15865][E][WiFiUdp.cpp:221] parsePacket(): could not receive data: 9
[ 15871][E][WiFiUdp.cpp:221] parsePacket(): could not receive data: 9
[ 15877][E][WiFiUdp.cpp:221] parsePacket(): could not receive data: 9
[ 15883][E][WiFiUdp.cpp:221] parsePacket(): could not receive data: 9
[ 15889][E][WiFiUdp.cpp:221] parsePacket(): could not receive data: 9
[ 15895][E][WiFiUdp.cpp:221] parsePacket(): could not receive data: 9
[ 15901][E][WiFiUdp.cpp:221] parsePacket(): could not receive data: 9
[ 15907][E][WiFiUdp.cpp:221] parsePacket(): could not receive data: 9
[ 15913][E][WiFiUdp.cpp:221] parsePacket(): could not receive data: 9
[ 15919][E][WiFiUdp.cpp:221] parsePacket(): could not receive data: 9
[ 15925][E][WiFiUdp.cpp:221] parsePacket(): could not receive data: 9
[ 15931][E][WiFiUdp.cpp:221] parsePacket(): could not receive data: 9
[ 15937][E][WiFiUdp.cpp:221] parsePacket(): could not receive data: 9
[ 15943][E][WiFiUdp.cpp:221] parsePacket(): could not receive data: 9
[ 15949][E][WiFiUdp.cpp:221] parsePacket(): could not receive data: 9
[ 15955][E][WiFiUdp.cpp:221] parsePacket(): could not receive data: 9
[ 15961][E][WiFiUdp.cpp:221] parsePacket(): could not receive data: 9
[ 15967][E][WiFiUdp.cpp:221] parsePacket(): could not receive data: 9
[ 15973][E][WiFiUdp.cpp:221] parsePacket(): could not receive data: 9
[ 15979][E][WiFiUdp.cpp:221] parsePacket(): could not receive data: 9
[ 15985][E][WiFiUdp.cpp:221] parsePacket(): could not receive data: 9
[ 15991][E][WiFiUdp.cpp:221] parsePacket(): could not receive data: 9
[ 15997][E][WiFiUdp.cpp:221] parsePacket(): could not receive data: 9
[ 16003][E][WiFiUdp.cpp:221] parsePacket(): could not receive data: 9
[ 16009][E][WiFiUdp.cpp:221] parsePacket(): could not receive data: 9
[ 16015][E][WiFiUdp.cpp:221] parsePacket(): could not receive data: 9
[ 16021][E][WiFiUdp.cpp:221] parsePacket(): could not receive data: 9
[ 16027][E][WiFiUdp.cpp:221] parsePacket(): could not receive data: 9
[ 16033][E][WiFiUdp.cpp:221] parsePacket(): could not receive data: 9
[ 16039][E][WiFiUdp.cpp:221] parsePacket(): could not receive data: 9
[ 16045][E][WiFiUdp.cpp:221] parsePacket(): could not receive data: 9
[ 16051][E][WiFiUdp.cpp:221] parsePacket(): could not receive data: 9
[ 16057][E][WiFiUdp.cpp:221] parsePacket(): could not receive data: 9
[ 16063][E][WiFiUdp.cpp:221] parsePacket(): could not receive data: 9
[ 16069][E][WiFiUdp.cpp:221] parsePacket(): could not receive data: 9
[ 16075][E][WiFiUdp.cpp:221] parsePacket(): could not receive data: 9
[ 16081][E][WiFiUdp.cpp:221] parsePacket(): could not receive data: 9
[ 16087][E][WiFiUdp.cpp:221] parsePacket(): could not receive data: 9
[ 16093][E][WiFiUdp.cpp:221] parsePacket(): could not receive data: 9
[ 16099][E][WiFiUdp.cpp:221] parsePacket(): could not receive data: 9
[ 16105][E][WiFiUdp.cpp:221] parsePacket(): could not receive data: 9
[ 16111][E][WiFiUdp.cpp:221] parsePacket(): could not receive data: 9
[ 16117][E][WiFiUdp.cpp:221] parsePacket(): could not receive data: 9
[ 16123][E][WiFiUdp.cpp:221] parsePacket(): could not receive data: 9
[ 16129][E][WiFiUdp.cpp:221] parsePacket(): could not receive data: 9
[ 16135][E][WiFiUdp.cpp:221] parsePacket(): could not receive data: 9
[ 16141][E][WiFiUdp.cpp:221] parsePacket(): could not receive data: 9
[ 16147][E][WiFiUdp.cpp:221] parsePacket(): could not receive data: 9
[ 16153][E][WiFiUdp.cpp:221] parsePacket(): could not receive data: 9
[ 16159][E][WiFiUdp.cpp:221] parsePacket(): could not receive data: 9
[ 16165][E][WiFiUdp.cpp:221] parsePacket(): could not receive data: 9
[ 16171][E][WiFiUdp.cpp:221] parsePacket(): could not receive data: 9
[ 16177][E][WiFiUdp.cpp:221] parsePacket(): could not receive data: 9
[ 16183][E][WiFiUdp.cpp:221] parsePacket(): could not receive data: 9
[ 16189][E][WiFiUdp.cpp:221] parsePacket(): could not receive data: 9
[ 16195][E][WiFiUdp.cpp:221] parsePacket(): could not receive data: 9
[ 16201][E][WiFiUdp.cpp:221] parsePacket(): could not receive data: 9
[ 16207][E][WiFiUdp.cpp:221] parsePacket(): could not receive data: 9
[ 16213][E][WiFiUdp.cpp:221] parsePacket(): could not receive data: 9
[ 16219][E][WiFiUdp.cpp:221] parsePacket(): could not receive data: 9
[ 16225][E][WiFiUdp.cpp:221] parsePacket(): could not receive data: 9
[ 16231][E][WiFiUdp.cpp:221] parsePacket(): could not receive data: 9
[ 16237][E][WiFiUdp.cpp:221] parsePacket(): could not receive data: 9
[ 16243][E][WiFiUdp.cpp:221] parsePacket(): could not receive data: 9
[ 16249][E][WiFiUdp.cpp:221] parsePacket(): could not receive data: 9
[ 16255][E][WiFiUdp.cpp:221] parsePacket(): could not receive data: 9
[ 16261][E][WiFiUdp.cpp:221] parsePacket(): could not receive data: 9
[ 16267][E][WiFiUdp.cpp:221] parsePacket(): could not receive data: 9
[ 16273][E][WiFiUdp.cpp:221] parsePacket(): could not receive data: 9
[ 16279][E][WiFiUdp.cpp:221] parsePacket(): could not receive data: 9
[ 16285][E][WiFiUdp.cpp:221] parsePacket(): could not receive data: 9
[ 16291][E][WiFiUdp.cpp:221] parsePacket(): could not receive data: 9
[ 16297][E][WiFiUdp.cpp:221] parsePacket(): could not receive data: 9
[ 16303][E][WiFiUdp.cpp:221] parsePacket(): could not receive data: 9
[ 16309][E][WiFiUdp.cpp:221] parsePacket(): could not receive data: 9
[ 16315][E][WiFiUdp.cpp:221] parsePacket(): could not receive data: 9
[ 16321][E][WiFiUdp.cpp:221] parsePacket(): could not receive data: 9
[ 16327][E][WiFiUdp.cpp:221] parsePacket(): could not receive data: 9
[ 16333][E][WiFiUdp.cpp:221] parsePacket(): could not receive data: 9
[ 16339][E][WiFiUdp.cpp:221] parsePacket(): could not receive data: 9
[ 16345][E][WiFiUdp.cpp:221] parsePacket(): could not receive data: 9
[ 16351][E][WiFiUdp.cpp:221] parsePacket(): could not receive data: 9
[ 16357][E][WiFiUdp.cpp:221] parsePacket(): could not receive data: 9
[ 16363][E][WiFiUdp.cpp:221] parsePacket(): could not receive data: 9
[ 16369][E][WiFiUdp.cpp:221] parsePacket(): could not receive data: 9
[ 16375][E][WiFiUdp.cpp:221] parsePacket(): could not receive data: 9
[ 16381][E][WiFiUdp.cpp:221] parsePacket(): could not receive data: 9
[ 16387][E][WiFiUdp.cpp:221] parsePacket(): could not receive data: 9
[ 16393][E][WiFiUdp.cpp:221] parsePacket(): could not receive data: 9
[ 16399][E][WiFiUdp.cpp:221] parsePacket(): could not receive data: 9
[ 16405][E][WiFiUdp.cpp:221] parsePacket(): could not receive data: 9
[ 16411][E][WiFiUdp.cpp:221] parsePacket(): could not receive data: 9
[ 16417][E][WiFiUdp.cpp:221] parsePacket(): could not receive data: 9
[ 16423][E][WiFiUdp.cpp:221] parsePacket(): could not receive data: 9
[ 16429][E][WiFiUdp.cpp:221] parsePacket(): could not receive data: 9
[ 16435][E][WiFiUdp.cpp:221] parsePacket(): could not receive data: 9
[ 16441][E][WiFiUdp.cpp:221] parsePacket(): could not receive data: 9
[ 16447][E][WiFiUdp.cpp:221] parsePacket(): could not receive data: 9
[ 16453][E][WiFiUdp.cpp:221] parsePacket(): could not receive data: 9
[ 16459][E][WiFiUdp.cpp:221] parsePacket(): could not receive data: 9
[ 16465][E][WiFiUdp.cpp:221] parsePacket(): could not receive data: 9
[ 16471][E][WiFiUdp.cpp:221] parsePacket(): could not receive data: 9
[ 16477][E][WiFiUdp.cpp:221] parsePacket(): could not receive data: 9
[ 16483][E][WiFiUdp.cpp:221] parsePacket(): could not receive data: 9
[ 16489][E][WiFiUdp.cpp:221] parsePacket(): could not receive data: 9
[ 16495][E][WiFiUdp.cpp:221] parsePacket(): could not receive data: 9
[ 16501][E][WiFiUdp.cpp:221] parsePacket(): could not receive data: 9
[ 16507][E][WiFiUdp.cpp:221] parsePacket(): could not receive data: 9
[ 16513][E][WiFiUdp.cpp:221] parsePacket(): could not receive data: 9
[ 16519][E][WiFiUdp.cpp:221] parsePacket(): could not receive data: 9
[ 16525][E][WiFiUdp.cpp:221] parsePacket(): could not receive data: 9
[ 16531][E][WiFiUdp.cpp:221] parsePacket(): could not receive data: 9
[ 16537][E][WiFiUdp.cpp:221] parsePacket(): could not receive data: 9
[ 16543][E][WiFiUdp.cpp:221] parsePacket(): could not receive data: 9
[ 16549][E][WiFiUdp.cpp:221] parsePacket(): could not receive data: 9
[ 16555][E][WiFiUdp.cpp:221] parsePacket(): could not receive data: 9
[ 16561][E][WiFiUdp.cpp:221] parsePacket(): could not receive data: 9
[ 16567][E][WiFiUdp.cpp:221] parsePacket(): could not receive data: 9
[ 16573][E][WiFiUdp.cpp:221] parsePacket(): could not receive data: 9
[ 16579][E][WiFiUdp.cpp:221] parsePacket(): could not receive data: 9
[ 16585][E][WiFiUdp.cpp:221] parsePacket(): could not receive data: 9
[ 16591][E][WiFiUdp.cpp:221] parsePacket(): could not receive data: 9
[ 16597][E][WiFiUdp.cpp:221] parsePacket(): could not receive data: 9
[ 16603][E][WiFiUdp.cpp:221] parsePacket(): could not receive data: 9
[ 16609][E][WiFiUdp.cpp:221] parsePacket(): could not receive data: 9
[ 16615][E][WiFiUdp.cpp:221] parsePacket(): could not receive data: 9
[ 16621][E][WiFiUdp.cpp:221] parsePacket(): could not receive data: 9
[ 16627][E][WiFiUdp.cpp:221] parsePacket(): could not receive data: 9
[ 16633][E][WiFiUdp.cpp:221] parsePacket(): could not receive data: 9
[ 16639][E][WiFiUdp.cpp:221] parsePacket(): could not receive data: 9
[ 16645][E][WiFiUdp.cpp:221] parsePacket(): could not receive data: 9
[ 16651][E][WiFiUdp.cpp:221] parsePacket(): could not receive data: 9
[ 16657][E][WiFiUdp.cpp:221] parsePacket(): could not receive data: 9
[ 16663][E][WiFiUdp.cpp:221] parsePacket(): could not receive data: 9
[ 16669][E][WiFiUdp.cpp:221] parsePacket(): could not receive data: 9
[ 16675][E][WiFiUdp.cpp:221] parsePacket(): could not receive data: 9
[ 16681][E][WiFiUdp.cpp:221] parsePacket(): could not receive data: 9
[ 16687][E][WiFiUdp.cpp:221] parsePacket(): could not receive data: 9
[ 16693][E][WiFiUdp.cpp:221] parsePacket(): could not receive data: 9
[ 16699][E][WiFiUdp.cpp:221] parsePacket(): could not receive data: 9
[ 16705][E][WiFiUdp.cpp:221] parsePacket(): could not receive data: 9
[ 16711][E][WiFiUdp.cpp:221] parsePacket(): could not receive data: 9
[ 16717][E][WiFiUdp.cpp:221] parsePacket(): could not receive data: 9
[ 16723][E][WiFiUdp.cpp:221] parsePacket(): could not receive data: 9
[ 16729][E][WiFiUdp.cpp:221] parsePacket(): could not receive data: 9
[ 16735][E][WiFiUdp.cpp:221] parsePacket(): could not receive data: 9
[ 16741][E][WiFiUdp.cpp:221] parsePacket(): could not receive data: 9
[ 16747][E][WiFiUdp.cpp:221] parsePacket(): could not receive data: 9
[ 16753][E][WiFiUdp.cpp:221] parsePacket(): could not receive data: 9
[ 16759][E][WiFiUdp.cpp:221] parsePacket(): could not receive data: 9
[ 16765][E][WiFiUdp.cpp:221] parsePacket(): could not receive data: 9
[ 16771][E][WiFiUdp.cpp:221] parsePacket(): could not receive data: 9
[ 16777][E][WiFiUdp.cpp:221] parsePacket(): could not receive data: 9
[ 16783][E][WiFiUdp.cpp:221] parsePacket(): could not receive data: 9
[ 16789][E][WiFiUdp.cpp:221] parsePacket(): could not receive data: 9
[ 16795][E][WiFiUdp.cpp:221] parsePacket(): could not receive data: 9
[ 16801][E][WiFiUdp.cpp:221] parsePacket(): could not receive data: 9
[ 16807][E][WiFiUdp.cpp:221] parsePacket(): could not receive data: 9
[ 16813][E][WiFiUdp.cpp:221] parsePacket(): could not receive data: 9
[ 16819][E][WiFiUdp.cpp:221] parsePacket(): could not receive data: 9
[ 16824][E][WiFiUdp.cpp:221] parsePacket(): could not receive data: 9
[ 16830][E][WiFiUdp.cpp:221] parsePacket(): could not receive data: 9
[ 16836][E][WiFiUdp.cpp:221] parsePacket(): could not receive data: 9
[ 16842][E][WiFiUdp.cpp:221] parsePacket(): could not receive data: 9
[ 16848][E][WiFiUdp.cpp:221] parsePacket(): could not receive data: 9
[ 16854][E][WiFiUdp.cpp:221] parsePacket(): could not receive data: 9
[ 16860][E][WiFiUdp.cpp:221] parsePacket(): could not receive data: 9
[ 16866][E][WiFiUdp.cpp:221] parsePacket(): could not receive data: 9
[ 16872][E][WiFiUdp.cpp:221] parsePacket(): could not receive data: 9
[ 16878][E][WiFiUdp.cpp:221] parsePacket(): could not receive data: 9
[ 16884][E][WiFiUdp.cpp:221] parsePacket(): could not receive data: 9
[ 16890][E][WiFiUdp.cpp:221] parsePacket(): could not receive data: 9
[ 16896][E][WiFiUdp.cpp:221] parsePacket(): could not receive data: 9
[ 16902][E][WiFiUdp.cpp:221] parsePacket(): could not receive data: 9
[ 16908][E][WiFiUdp.cpp:221] parsePacket(): could not receive data: 9
[ 16914][E][WiFiUdp.cpp:221] parsePacket(): could not receive data: 9
[ 16920][E][WiFiUdp.cpp:221] parsePacket(): could not receive data: 9
[ 16926][E][WiFiUdp.cpp:221] parsePacket(): could not receive data: 9
[ 16932][E][WiFiUdp.cpp:221] parsePacket(): could not receive data: 9
[ 16938][E][WiFiUdp.cpp:221] parsePacket(): could not receive data: 9
[ 16944][E][WiFiUdp.cpp:221] parsePacket(): could not receive data: 9
[ 16950][E][WiFiUdp.cpp:221] parsePacket(): could not receive data: 9
[ 16956][E][WiFiUdp.cpp:221] parsePacket(): could not receive data: 9
[ 16962][E][WiFiUdp.cpp:221] parsePacket(): could not receive data: 9
[ 16968][E][WiFiUdp.cpp:221] parsePacket(): could not receive data: 9
[ 16974][E][WiFiUdp.cpp:221] parsePacket(): could not receive data: 9
[ 16980][E][WiFiUdp.cpp:221] parsePacket(): could not receive data: 9
[ 16986][E][WiFiUdp.cpp:221] parsePacket(): could not receive data: 9
[ 16992][E][WiFiUdp.cpp:221] parsePacket(): could not receive data: 9
[ 16998][E][WiFiUdp.cpp:221] parsePacket(): could not receive data: 9
[ 17004][E][WiFiUdp.cpp:221] parsePacket(): could not receive data: 9
[ 17010][E][WiFiUdp.cpp:221] parsePacket(): could not receive data: 9
[ 17016][E][WiFiUdp.cpp:221] parsePacket(): could not receive data: 9
[ 17022][E][WiFiUdp.cpp:221] parsePacket(): could not receive data: 9
[ 17028][E][WiFiUdp.cpp:221] parsePacket(): could not receive data: 9
[ 17034][E][WiFiUdp.cpp:221] parsePacket(): could not receive data: 9
[ 17040][E][WiFiUdp.cpp:221] parsePacket(): could not receive data: 9
[ 17046][E][WiFiUdp.cpp:221] parsePacket(): could not receive data: 9
[ 17052][E][WiFiUdp.cpp:221] parsePacket(): could not receive data: 9
[ 17058][E][WiFiUdp.cpp:221] parsePacket(): could not receive data: 9
[ 17064][E][WiFiUdp.cpp:221] parsePacket(): could not receive data: 9
[ 17070][E][WiFiUdp.cpp:221] parsePacket(): could not receive data: 9
[ 17076][E][WiFiUdp.cpp:221] parsePacket(): could not receive data: 9
[ 17082][E][WiFiUdp.cpp:221] parsePacket(): could not receive data: 9
[ 17088][E][WiFiUdp.cpp:221] parsePacket(): could not receive data: 9
[ 17094][E][WiFiUdp.cpp:221] parsePacket(): could not receive data: 9
[ 17100][E][WiFiUdp.cpp:221] parsePacket(): could not receive data: 9
[ 17106][E][WiFiUdp.cpp:221] parsePacket(): could not receive data: 9
[ 17112][E][WiFiUdp.cpp:221] parsePacket(): could not receive data: 9
[ 17118][E][WiFiUdp.cpp:221] parsePacket(): could not receive data: 9
[ 17124][E][WiFiUdp.cpp:221] parsePacket(): could not receive data: 9
[ 17130][E][WiFiUdp.cpp:221] parsePacket(): could not receive data: 9
[ 17136][E][WiFiUdp.cpp:221] parsePacket(): could not receive data: 9
[ 17142][E][WiFiUdp.cpp:221] parsePacket(): could not receive data: 9
[ 17148][E][WiFiUdp.cpp:221] parsePacket(): could not receive data: 9
[ 17154][E][WiFiUdp.cpp:221] parsePacket(): could not receive data: 9
[ 17160][E][WiFiUdp.cpp:221] parsePacket(): could not receive data: 9
[ 17166][E][WiFiUdp.cpp:221] parsePacket(): could not receive data: 9
[ 17172][E][WiFiUdp.cpp:221] parsePacket(): could not receive data: 9
[ 17178][E][WiFiUdp.cpp:221] parsePacket(): could not receive data: 9
[ 17184][E][WiFiUdp.cpp:221] parsePacket(): could not receive data: 9
[ 17190][E][WiFiUdp.cpp:221] parsePacket(): could not receive data: 9
[ 17196][E][WiFiUdp.cpp:221] parsePacket(): could not receive data: 9
[ 17202][E][WiFiUdp.cpp:221] parsePacket(): could not receive data: 9
[ 17208][E][WiFiUdp.cpp:221] parsePacket(): could not receive data: 9
[ 17214][E][WiFiUdp.cpp:221] parsePacket(): could not receive data: 9
[ 17220][E][WiFiUdp.cpp:221] parsePacket(): could not receive data: 9
[ 17226][E][WiFiUdp.cpp:221] parsePacket(): could not receive data: 9
[ 17232][E][WiFiUdp.cpp:221] parsePacket(): could not receive data: 9
[ 17238][E][WiFiUdp.cpp:221] parsePacket(): could not receive data: 9
[ 17244][E][WiFiUdp.cpp:221] parsePacket(): could not receive data: 9
[ 17250][E][WiFiUdp.cpp:221] parsePacket(): could not receive data: 9
[ 17256][E][WiFiUdp.cpp:221] parsePacket(): could not receive data: 9
[ 17262][E][WiFiUdp.cpp:221] parsePacket(): could not receive data: 9
[ 17268][E][WiFiUdp.cpp:221] parsePacket(): could not receive data: 9
[ 17274][E][WiFiUdp.cpp:221] parsePacket(): could not receive data: 9
[ 17280][E][WiFiUdp.cpp:221] parsePacket(): could not receive data: 9
[ 17286][E][WiFiUdp.cpp:221] parsePacket(): could not receive data: 9
[ 17292][E][WiFiUdp.cpp:221] parsePacket(): could not receive data: 9
[ 17298][E][WiFiUdp.cpp:221] parsePacket(): could not receive data: 9
[ 17304][E][WiFiUdp.cpp:221] parsePacket(): could not receive data: 9
[ 17309][E][WiFiUdp.cpp:221] parsePacket(): could not receive data: 9
[ 17315][E][WiFiUdp.cpp:221] parsePacket(): could not receive data: 9
[ 17321][E][WiFiUdp.cpp:221] parsePacket(): could not receive data: 9
[ 17327][E][WiFiUdp.cpp:221] parsePacket(): could not receive data: 9
[ 17333][E][WiFiUdp.cpp:221] parsePacket(): could not receive data: 9
[ 17339][E][WiFiUdp.cpp:221] parsePacket(): could not receive data: 9
[ 17345][E][WiFiUdp.cpp:221] parsePacket(): could not receive data: 9
[ 17351][E][WiFiUdp.cpp:221] parsePacket(): could not receive data: 9
[ 17357][E][WiFiUdp.cpp:221] parsePacket(): could not receive data: 9
[ 17363][E][WiFiUdp.cpp:221] parsePacket(): could not receive data: 9
[ 17369][E][WiFiUdp.cpp:221] parsePacket(): could not receive data: 9
[ 17375][E][WiFiUdp.cpp:221] parsePacket(): could not receive data: 9
[ 17381][E][WiFiUdp.cpp:221] parsePacket(): could not receive data: 9
[ 17387][E][WiFiUdp.cpp:221] parsePacket(): could not receive data: 9
[ 17393][E][WiFiUdp.cpp:221] parsePacket(): could not receive data: 9
[ 17399][E][WiFiUdp.cpp:221] parsePacket(): could not receive data: 9
[ 17405][E][WiFiUdp.cpp:221] parsePacket(): could not receive data: 9
[ 17411][E][WiFiUdp.cpp:221] parsePacket(): could not receive data: 9
[ 17417][E][WiFiUdp.cpp:221] parsePacket(): could not receive data: 9
[ 17423][E][WiFiUdp.cpp:221] parsePacket(): could not receive data: 9
[ 17429][E][WiFiUdp.cpp:221] parsePacket(): could not receive data: 9
[ 17435][E][WiFiUdp.cpp:221] parsePacket(): could not receive data: 9
[ 17441][E][WiFiUdp.cpp:221] parsePacket(): could not receive data: 9
[ 17447][E][WiFiUdp.cpp:221] parsePacket(): could not receive data: 9
[ 17453][E][WiFiUdp.cpp:221] parsePacket(): could not receive data: 9
[ 17458][E][WiFiUdp.cpp:221] parsePacket(): could not receive data: 9
[ 17464][E][WiFiUdp.cpp:221] parsePacket(): could not receive data: 9
[ 17470][E][WiFiUdp.cpp:221] parsePacket(): could not receive data: 9
