DET E22_1262-DevKitC command_functions.cpp.o
DET E22_1262-DevKitC esp32/esp32_main.cpp.o
DET E22_1262-DevKitC web_functions/web_functions.cpp.o
DET E22_1262-DevKitC rtc_functions.cpp.o
DET E22-DevKitC command_functions.cpp.o
DET E22-DevKitC esp32/esp32_main.cpp.o
DET E22-DevKitC web_functions/web_functions.cpp.o
DET E22-DevKitC rtc_functions.cpp.o
DET E22_XML-DevKitC command_functions.cpp.o
DET E22_XML-DevKitC esp32/esp32_main.cpp.o
DET E22_XML-DevKitC web_functions/web_functions.cpp.o
DET E22_XML-DevKitC rtc_functions.cpp.o
DET E22_1268_S3-DevKitC-1-N16R8 command_functions.cpp.o
DET E22_1268_S3-DevKitC-1-N16R8 esp32/esp32_main.cpp.o
DET E22_1268_S3-DevKitC-1-N16R8 web_functions/web_functions.cpp.o
DET E22_1268_S3-DevKitC-1-N16R8 rtc_functions.cpp.o
DET E22_1262_S3-DevKitC-1-N16R8 command_functions.cpp.o
DET E22_1262_S3-DevKitC-1-N16R8 esp32/esp32_main.cpp.o
DET E22_1262_S3-DevKitC-1-N16R8 web_functions/web_functions.cpp.o
DET E22_1262_S3-DevKitC-1-N16R8 rtc_functions.cpp.o
DET heltec_wifi_lora_32_V2 command_functions.cpp.o
DET heltec_wifi_lora_32_V2 esp32/esp32_main.cpp.o
DET heltec_wifi_lora_32_V2 web_functions/web_functions.cpp.o
DET heltec_wifi_lora_32_V2 rtc_functions.cpp.o
DET heltec_wifi_lora_32_V3 command_functions.cpp.o
DET heltec_wifi_lora_32_V3 esp32/esp32_main.cpp.o
DET heltec_wifi_lora_32_V3 web_functions/web_functions.cpp.o
DET heltec_wifi_lora_32_V3 rtc_functions.cpp.o
DET heltec_wifi_lora_32_V4 command_functions.cpp.o
DET heltec_wifi_lora_32_V4 esp32/esp32_main.cpp.o
DET heltec_wifi_lora_32_V4 web_functions/web_functions.cpp.o
DET heltec_wifi_lora_32_V4 rtc_functions.cpp.o
DET heltec_wireless_stick command_functions.cpp.o
DET heltec_wireless_stick esp32/esp32_main.cpp.o
DET heltec_wireless_stick web_functions/web_functions.cpp.o
DET heltec_wireless_stick rtc_functions.cpp.o
DET heltec_wireless_tracker command_functions.cpp.o
DET heltec_wireless_tracker esp32/esp32_main.cpp.o
DET heltec_wireless_tracker web_functions/web_functions.cpp.o
DET heltec_wireless_tracker rtc_functions.cpp.o
DET heltec_t114 command_functions.cpp.o
DET heltec_t114 web_functions/web_functions.cpp.o
DET heltec_t114 rtc_functions.cpp.o
DET heltec_t114 nrf52/nrf52_functions.cpp.o
DET vision-master-e290 command_functions.cpp.o
DET vision-master-e290 esp32/esp32_main.cpp.o
DET vision-master-e290 web_functions/web_functions.cpp.o
DET vision-master-e290 rtc_functions.cpp.o
DET vision-master-e213 command_functions.cpp.o
DET vision-master-e213 esp32/esp32_main.cpp.o
DET vision-master-e213 web_functions/web_functions.cpp.o
DET vision-master-e213 rtc_functions.cpp.o
DET wireless-paper command_functions.cpp.o
DET wireless-paper esp32/esp32_main.cpp.o
DET wireless-paper web_functions/web_functions.cpp.o
DET wireless-paper rtc_functions.cpp.o
DET T-ETH-ELITE_1262 command_functions.cpp.o
DET T-ETH-ELITE_1262 esp32/esp32_main.cpp.o
DET T-ETH-ELITE_1262 web_functions/web_functions.cpp.o
DET T-ETH-ELITE_1262 rtc_functions.cpp.o
DET LilyGo_T-Beam-1W command_functions.cpp.o
DET LilyGo_T-Beam-1W esp32/esp32_main.cpp.o
DET LilyGo_T-Beam-1W web_functions/web_functions.cpp.o
DET LilyGo_T-Beam-1W rtc_functions.cpp.o
DET LilyGo_T3_S3_V1_3 command_functions.cpp.o
DET LilyGo_T3_S3_V1_3 esp32/esp32_main.cpp.o
DET LilyGo_T3_S3_V1_3 web_functions/web_functions.cpp.o
DET LilyGo_T3_S3_V1_3 rtc_functions.cpp.o
DET LilyGo_T_Connect_Pro command_functions.cpp.o
DET LilyGo_T_Connect_Pro esp32/esp32_main.cpp.o
DET LilyGo_T_Connect_Pro web_functions/web_functions.cpp.o
DET LilyGo_T_Connect_Pro rtc_functions.cpp.o
DET ttgo-lora32-v21 command_functions.cpp.o
DET ttgo-lora32-v21 esp32/esp32_main.cpp.o
DET ttgo-lora32-v21 web_functions/web_functions.cpp.o
DET ttgo-lora32-v21 rtc_functions.cpp.o
DET ttgo_tbeam command_functions.cpp.o
DET ttgo_tbeam esp32/esp32_main.cpp.o
DET ttgo_tbeam web_functions/web_functions.cpp.o
DET ttgo_tbeam rtc_functions.cpp.o
DET ttgo_tbeam_SX1262 command_functions.cpp.o
DET ttgo_tbeam_SX1262 esp32/esp32_main.cpp.o
DET ttgo_tbeam_SX1262 web_functions/web_functions.cpp.o
DET ttgo_tbeam_SX1262 rtc_functions.cpp.o
DET ttgo_tbeam_SX1268 command_functions.cpp.o
DET ttgo_tbeam_SX1268 esp32/esp32_main.cpp.o
DET ttgo_tbeam_SX1268 web_functions/web_functions.cpp.o
DET ttgo_tbeam_SX1268 rtc_functions.cpp.o
DET ttgo_tbeam_supreme command_functions.cpp.o
DET ttgo_tbeam_supreme esp32/esp32_main.cpp.o
DET ttgo_tbeam_supreme web_functions/web_functions.cpp.o
DET ttgo_tbeam_supreme rtc_functions.cpp.o
DET t_deck command_functions.cpp.o
DET t_deck esp32/esp32_main.cpp.o
DET t_deck t-deck/tdeck_main.cpp.o
DET t_deck web_functions/web_functions.cpp.o
DET t_deck rtc_functions.cpp.o
DET t_deck_plus command_functions.cpp.o
DET t_deck_plus esp32/esp32_main.cpp.o
DET t_deck_plus t-deck/tdeck_main.cpp.o
DET t_deck_plus web_functions/web_functions.cpp.o
DET t_deck_plus rtc_functions.cpp.o
DET t_deck_pro command_functions.cpp.o
DET t_deck_pro esp32/esp32_main.cpp.o
DET t_deck_pro web_functions/web_functions.cpp.o
DET t_deck_pro rtc_functions.cpp.o
DET t_echo command_functions.cpp.o
DET t_echo web_functions/web_functions.cpp.o
DET t_echo rtc_functions.cpp.o
DET t_echo nrf52/nrf52_functions.cpp.o
DET wiscore_rak4631 command_functions.cpp.o
DET wiscore_rak4631 web_functions/web_functions.cpp.o
DET wiscore_rak4631 rtc_functions.cpp.o
DET wiscore_rak4631 nrf52/nrf52_functions.cpp.o
DET esp32-loraprs-e22 command_functions.cpp.o
DET esp32-loraprs-e22 esp32/esp32_main.cpp.o
DET esp32-loraprs-e22 web_functions/web_functions.cpp.o
DET esp32-loraprs-e22 rtc_functions.cpp.o
DET esp32-loraprs-ra01 command_functions.cpp.o
DET esp32-loraprs-ra01 esp32/esp32_main.cpp.o
DET esp32-loraprs-ra01 web_functions/web_functions.cpp.o
DET esp32-loraprs-ra01 rtc_functions.cpp.o
