FLAGOBJ E22_1262-DevKitC ok
FLAGOBJ E22-DevKitC ok
FLAGOBJ E22_XML-DevKitC ok
FLAGOBJ E22_1268_S3-DevKitC-1-N16R8 ok
FLAGOBJ E22_1262_S3-DevKitC-1-N16R8 ok
FLAGOBJ heltec_wifi_lora_32_V2 ok
FLAGOBJ heltec_wifi_lora_32_V3 ok
FLAGOBJ heltec_wifi_lora_32_V4 ok
FLAGOBJ heltec_wireless_stick ok
FLAGOBJ heltec_wireless_tracker ok
FLAGOBJ vision-master-e290 ok
FLAGOBJ vision-master-e213 ok
FLAGOBJ wireless-paper ok
FLAGOBJ T-ETH-ELITE_1262 ok
FLAGOBJ LilyGo_T-Beam-1W ok
FLAGOBJ LilyGo_T3_S3_V1_3 ok
FLAGOBJ LilyGo_T_Connect_Pro ok
FLAGOBJ ttgo-lora32-v21 ok
FLAGOBJ ttgo_tbeam ok
FLAGOBJ ttgo_tbeam_SX1262 ok
FLAGOBJ ttgo_tbeam_SX1268 ok
FLAGOBJ ttgo_tbeam_supreme ok
FLAGOBJ t_deck ok
FLAGOBJ t_deck_plus ok
FLAGOBJ t_deck_pro ok
FLAGOBJ esp32-loraprs-e22 ok
FLAGOBJ esp32-loraprs-ra01 ok
