# pio run -e t5_epaper on pr2: HEAD 97fa8df1b004c536605210c856519aa31bfa1b36 tree 8f693de4cbc9d4bc07029950bd172227f850fd9c PLATFORMIO_BUILD_FLAGS='' image ac01fffefb30 cpus=4 start 2026-09-26T21:37:39Z
Python 3.11.16
PlatformIO Core, version 6.2.0
Processing t5_epaper (platform: espressif32@6.5.0; board: T5-ePaper-S3; framework: arduino)
--------------------------------------------------------------------------------
Platform Manager: Installing espressif32 @ 6.5.0
Downloading 0% 10% 20% 30% 40% 50% 60% 70% 80% 90% 100%
Unpacking 0% 10% 20% 30% 40% 50% 60% 70% 80% 90% 100%
Platform Manager: espressif32@6.5.0 has been installed!
Tool Manager: Installing espressif/toolchain-xtensa-esp32s3 @ 8.4.0+2021r2-patch5
Downloading 0% 10% 20% 30% 40% 50% 60% 70% 80% 90% 100%
Unpacking 0% 10% 20% 30% 40% 50% 60% 70% 80% 90% 100%
Tool Manager: toolchain-xtensa-esp32s3@8.4.0+2021r2-patch5 has been installed!
Tool Manager: Installing espressif/toolchain-riscv32-esp @ 8.4.0+2021r2-patch5
Downloading 0% 10% 20% 30% 40% 50% 60% 70% 80% 90% 100%
Unpacking 0% 10% 20% 30% 40% 50% 60% 70% 80% 90% 100%
Tool Manager: toolchain-riscv32-esp@8.4.0+2021r2-patch5 has been installed!
Tool Manager: Installing platformio/framework-arduinoespressif32 @ ~3.20014.0
Downloading 0% 10% 20% 30% 40% 50% 60% 70% 80% 90% 100%
Unpacking 0% 10% 20% 30% 40% 50% 60% 70% 80% 90% 100%
Tool Manager: framework-arduinoespressif32@3.20014.231204 has been installed!
Tool Manager: Installing platformio/tool-esptoolpy @ ~1.40501.0
Downloading 0% 10% 20% 30% 40% 50% 60% 70% 80% 90% 100%
Unpacking 0% 10% 20% 30% 40% 50% 60% 70% 80% 90% 100%
Tool Manager: tool-esptoolpy@1.40501.0 has been installed!
Tool Manager: Installing platformio/tool-scons @ ~4.41101.0
Downloading 0% 10% 20% 30% 40% 50% 60% 70% 80% 90% 100%
Unpacking 0% 10% 20% 30% 40% 50% 60% 70% 80% 90% 100%
Tool Manager: tool-scons@4.41101.0 has been installed!
Library Manager: Installing git+https://github.com/icssw-org/NTPClient
git version 2.43.0
Cloning into '/root/.platformio/.cache/tmp/pkg-installing-mslg8gvb'...
Library Manager: NTPClient@3.2.1+sha.c4661d9 has been installed!
Library Manager: Installing bblanchon/ArduinoJson @ ^7.4.1
Downloading 0% 10% 20% 30% 40% 50% 60% 70% 80% 90%
Unpacking 0% 10% 20% 30% 40% 50% 60% 70% 80% 90% 100%
Library Manager: ArduinoJson@7.4.3 has been installed!
Library Manager: Installing mikalhart/TinyGPSPlus @ ^1.1.0
Downloading 0% 10% 20% 30% 40% 50%
Unpacking 0% 10% 20% 30% 40% 50% 60% 70% 80% 90% 100%
Library Manager: TinyGPSPlus@1.1.0 has been installed!
Library Manager: Installing adafruit/RTClib @ ^2.1.4
Downloading 0% 10% 20% 30% 40% 50%
Unpacking 0% 10% 20% 30% 40% 50% 60% 70% 80% 90% 100%
Library Manager: RTClib@2.1.4 has been installed!
Library Manager: Resolving dependencies...
Library Manager: Installing Adafruit BusIO
Downloading 0% 10% 20% 30%
Unpacking 0% 10% 20% 30% 40% 50% 60% 70% 80% 90% 100%
Library Manager: Adafruit BusIO@1.17.4 has been installed!
Library Manager: Installing h2zero/NimBLE-Arduino @ 2.2.3
Downloading 0% 10% 20% 30% 40% 50% 60% 70% 80% 90% 100%
Unpacking 0% 10% 20% 30% 40% 50% 60% 70% 80% 90% 100%
Library Manager: NimBLE-Arduino@2.2.3 has been installed!
Library Manager: Installing bitbucket-christandlg/BMx280MI @ ^1.2.3
Downloading 0% 10% 20%
Unpacking 0% 10% 20% 30% 40% 50% 60% 70% 80% 90% 100%
Library Manager: BMx280MI@1.2.3 has been installed!
Library Manager: Installing adafruit/Adafruit BME680 Library @ ^2.0.5
Downloading 0% 10% 20% 30% 40%
Unpacking 0% 10% 20% 30% 40% 50% 60% 70% 80% 90% 100%
Library Manager: Adafruit BME680 Library@2.0.6 has been installed!
Library Manager: Resolving dependencies...
Library Manager: Installing Adafruit Unified Sensor
Downloading 0% 10% 20%
Unpacking 0% 10% 20% 30% 40% 50% 60% 70%
Library Manager: Adafruit Unified Sensor@1.1.15 has been installed!
Library Manager: Installing Adafruit GFX Library
Downloading 0% 10% 20% 30% 40% 50% 60% 70% 80% 90% 100%
Unpacking 0% 10% 20% 30% 40% 50% 60% 70% 80% 90% 100%
Library Manager: Adafruit GFX Library@1.12.6 has been installed!
Library Manager: Resolving dependencies...
Library Manager: Installing Adafruit SSD1306
Downloading 0% 10% 20% 30%
Unpacking 0% 10% 20% 30% 40% 50% 60% 70% 80% 90% 100%
Library Manager: Adafruit SSD1306@2.5.17 has been installed!
Library Manager: Resolving dependencies...
Library Manager: Installing adafruit/Adafruit CCS811 Library @ ^1.1.3
Downloading 0% 10% 20%
Unpacking 0% 10% 20% 30% 40% 50% 60% 70% 80% 90% 100%
Library Manager: Adafruit CCS811 Library@1.1.3 has been installed!
Library Manager: Resolving dependencies...
Library Manager: Installing paulstoffregen/OneWire @ ^2.3.8
Downloading 0% 10% 20% 30%
Unpacking 0% 10% 20% 30% 40% 50% 60% 70% 80% 90% 100%
Library Manager: OneWire@2.3.8 has been installed!
Library Manager: Installing adafruit/Adafruit MCP23017 Arduino Library @ ^2.3.2
Downloading 0% 10% 20%
Unpacking 0% 10% 20% 30% 40% 50% 60% 70% 80% 90% 100%
Library Manager: Adafruit MCP23017 Arduino Library@2.3.2 has been installed!
Library Manager: Resolving dependencies...
Library Manager: Installing git+https://github.com/RobTillaart/INA226
git version 2.43.0
Cloning into '/root/.platformio/.cache/tmp/pkg-installing-chcg9nbh'...
Library Manager: INA226@0.6.6+sha.2d8aff4 has been installed!
Library Manager: Installing adafruit/Adafruit BMP3XX Library @ 2.1.6
Downloading 0% 10% 20% 30% 40% 50% 60% 70% 80%
Unpacking 0% 10% 20% 30% 40% 50% 60% 70% 80% 90% 100%
Library Manager: Adafruit BMP3XX Library@2.1.6 has been installed!
Library Manager: Resolving dependencies...
Library Manager: Installing adafruit/Adafruit AHTX0 @ ^2.0.5
Downloading 0% 10% 20%
Unpacking 0% 10% 20% 30% 40% 50% 60% 70% 80% 90% 100%
Library Manager: Adafruit AHTX0@2.0.6 has been installed!
Library Manager: Resolving dependencies...
Library Manager: Installing Adafruit SH110X
Downloading 0% 10% 20%
Unpacking 0% 10% 20% 30% 40% 50% 60% 70% 80% 90% 100%
Library Manager: Adafruit SH110X@2.1.15 has been installed!
Library Manager: Resolving dependencies...
Library Manager: Installing mathertel/OneButton @ ^2.6.1
Downloading 0% 10% 20% 30%
Unpacking 0% 10% 20% 30% 40% 50% 60% 70% 80% 90% 100%
Library Manager: OneButton@2.6.2 has been installed!
Library Manager: Installing jgromes/RadioLib @ 7.1.2
Downloading 0% 10% 20% 30% 40% 50% 60% 70% 80% 90% 100%
Unpacking 0% 10% 20% 30% 40% 50% 60% 70% 80% 90% 100%
Library Manager: RadioLib@7.1.2 has been installed!
Library Manager: Installing lewisxhe/SensorLib @ ^0.2.6
Downloading 0% 10% 20% 30% 40% 50% 60% 70% 80% 90% 100%
Unpacking 0% 10% 20% 30% 40% 50% 60% 70% 80% 90% 100%
Library Manager: SensorLib@0.2.6 has been installed!
Library Manager: Installing lewisxhe/XPowersLib
Downloading 0% 10% 20% 30% 40% 50% 60% 70% 80% 90% 100%
Unpacking 0% 10% 20% 30% 40% 50% 60% 70% 80% 90% 100%
Library Manager: XPowersLib@0.3.3 has been installed!
Library Manager: Installing throwtheswitch/Unity @ ^2.6.1
Downloading 0% 10% 20% 30% 40% 50% 60% 70% 80% 90%
Unpacking 0% 10% 20% 30% 40% 50% 60% 70% 80% 90% 100%
Library Manager: Unity@2.6.1 has been installed!
Verbose mode can be enabled via `-v, --verbose` option
CONFIGURATION: https://docs.platformio.org/page/boards/espressif32/T5-ePaper-S3.html
PLATFORM: Espressif 32 (6.5.0) > LilyGo T5-ePaper-S3
HARDWARE: ESP32S3 240MHz, 320KB RAM, 16MB Flash
DEBUG: Current (cmsis-dap) External (cmsis-dap, esp-bridge, esp-builtin, esp-prog, iot-bus-jtag, jlink, minimodule, olimex-arm-usb-ocd, olimex-arm-usb-ocd-h, olimex-arm-usb-tiny-h, olimex-jtag-tiny, tumpa)
PACKAGES: 
 - framework-arduinoespressif32 @ 3.20014.231204 (2.0.14) 
 - tool-esptoolpy @ 1.40501.0 (4.5.1) 
 - toolchain-riscv32-esp @ 8.4.0+2021r2-patch5 
 - toolchain-xtensa-esp32s3 @ 8.4.0+2021r2-patch5
LDF: Library Dependency Finder -> https://bit.ly/configure-pio-ldf
LDF Modes: Finder ~ chain, Compatibility ~ soft
Found 71 compatible libraries
Scanning dependencies...
Dependency Graph
|-- Wire @ 2.0.0
|-- SPI @ 2.0.0
|-- NTPClient @ 3.2.1+sha.c4661d9
|-- ArduinoJson @ 7.4.3
|-- TinyGPSPlus @ 1.1.0
|-- RTClib @ 2.1.4
|-- NimBLE-Arduino @ 2.2.3
|-- BMx280MI @ 1.2.3
|-- Adafruit BME680 Library @ 2.0.6
|-- Adafruit CCS811 Library @ 1.1.3
|-- OneWire @ 2.3.8
|-- Adafruit MCP23017 Arduino Library @ 2.3.2
|-- INA226 @ 0.6.6+sha.2d8aff4
|-- Adafruit BMP3XX Library @ 2.1.6
|-- Adafruit AHTX0 @ 2.0.6
|-- OneButton @ 2.6.2
|-- RadioLib @ 7.1.2
|-- SensorLib @ 0.2.6
|-- XPowersLib @ 0.3.3
|-- Adafruit Unified Sensor @ 1.1.15
|-- SD @ 2.0.0
|-- SPIFFS @ 2.0.0
|-- ESP32-audioI2S @ 2.1.0
|-- Preferences @ 2.0.0
|-- Timeout
|-- FS @ 2.0.0
|-- WiFi @ 2.0.0
|-- external_radio_tcp @ 0.1.0
|-- external_radio_txq @ 0.1.0
|-- kiss_ax25 @ 0.1.0
|-- GxEPD2 @ 1.5.5
|-- lvgl @ 8.3.11
|-- Adafruit SSD1306 @ 2.5.17
|-- epdiy @ 2.0.0
|-- Adafruit GFX Library @ 1.12.6
|-- EEPROM @ 2.0.0
|-- TinyGSM @ 0.11.7
|-- AceButton @ 1.3.3
|-- ESPmDNS @ 2.0.0
Building in release mode
Compiling .pio/build/t5_epaper/src/Platforms/ESP32/spi.cpp.o
Compiling .pio/build/t5_epaper/src/Platforms/ESP8266/spi.cpp.o
Compiling .pio/build/t5_epaper/src/Platforms/M1280/spi.cpp.o
Compiling .pio/build/t5_epaper/src/Platforms/M2560/spi.cpp.o
Compiling .pio/build/t5_epaper/src/Platforms/M328P/spi.cpp.o
Compiling .pio/build/t5_epaper/src/Platforms/SAMD21G18A/pin_mux.cpp.o
Compiling .pio/build/t5_epaper/src/Platforms/SAMD21G18A/spi.cpp.o
Compiling .pio/build/t5_epaper/src/Platforms/VisionMasterE213/power_controls.cpp.o
Compiling .pio/build/t5_epaper/src/Platforms/VisionMasterE213/spi.cpp.o
Compiling .pio/build/t5_epaper/src/Platforms/VisionMasterE290/power_controls.cpp.o
Compiling .pio/build/t5_epaper/src/Platforms/VisionMasterE290/spi.cpp.o
Compiling .pio/build/t5_epaper/src/Platforms/WirelessPaper/power_controls.cpp.o
Compiling .pio/build/t5_epaper/src/Platforms/WirelessPaper/spi.cpp.o
Compiling .pio/build/t5_epaper/src/Platforms/fallback/spi.cpp.o
Compiling .pio/build/t5_epaper/src/Regexp.cpp.o
Compiling .pio/build/t5_epaper/src/adc_functions.cpp.o
src/adc_functions.cpp:1:10: fatal error: configuration.h: No such file or directory

***********************************************************************
* Looking for configuration.h dependency? Check our library registry!
*
* CLI  > platformio lib search "header:configuration.h"
* Web  > https://registry.platformio.org/search?q=header:configuration.h
*
***********************************************************************

 #include "configuration.h"
          ^~~~~~~~~~~~~~~~~
compilation terminated.
Compiling .pio/build/t5_epaper/src/aht20.cpp.o
*** [.pio/build/t5_epaper/src/adc_functions.cpp.o] Error 1
src/aht20.cpp:4:10: fatal error: configuration.h: No such file or directory

***********************************************************************
* Looking for configuration.h dependency? Check our library registry!
*
* CLI  > platformio lib search "header:configuration.h"
* Web  > https://registry.platformio.org/search?q=header:configuration.h
*
***********************************************************************

 #include "configuration.h"
          ^~~~~~~~~~~~~~~~~
compilation terminated.
*** [.pio/build/t5_epaper/src/aht20.cpp.o] Error 1

========================= [FAILED] Took 219.25 seconds =========================
Environment    Status    Duration
-------------  --------  ------------
t5_epaper      FAILED    00:03:39.248
==================== 1 failed, 0 succeeded in 00:03:39.248 ====================
# exit 1 end 2026-09-26T21:41:20Z
