23:21:45 qemu-netconsole.py base-eth rc=0 load=3.30
23:28:45 qemu-netconsole.py base-all rc=0 load=5.01
23:29:03 qemu-netconsole.py pr3-all rc=0 load=4.08
23:29:23 qemu-netconsole.py merge-plain rc=0 load=3.78
23:36:24 qemu-netconsole.py pr3-drop3 rc=0 load=4.34
23:43:24 qemu-netconsole.py merge-drop3 rc=0 load=4.21
23:46:01 qemu-measure.py base-plain rc=0 load=7.55
23:48:38 qemu-measure.py base-nobatt rc=0 load=5.06
23:51:16 qemu-measure.py base-nobatt-flag rc=0 load=6.68
23:53:52 qemu-measure.py base-noble rc=0 load=3.38
23:56:28 qemu-measure.py base-noble-flag rc=0 load=3.45
23:59:05 qemu-measure.py base-all rc=0 load=3.30
00:01:43 qemu-measure.py pr3-all rc=0 load=3.84
00:04:21 qemu-measure.py merge-plain rc=0 load=5.26
00:06:57 qemu-measure.py pr3-drop3 rc=0 load=6.50
00:09:33 qemu-measure.py pr3-drop3-batt rc=0 load=3.64
00:12:10 qemu-measure.py pr3-drop3-ble rc=0 load=3.52
00:14:46 qemu-measure.py merge-drop3 rc=0 load=5.99
00:17:23 qemu-measure.py merge-drop3-batt rc=0 load=3.33
00:20:01 qemu-measure.py merge-drop3-ble rc=0 load=2.76
