ets Jul 29 2019 12:21:46

rst:0x1 (POWERON_RESET),boot:0x12 (SPI_FAST_FLASH_BOOT)
configsip: 0, SPIWP:0xee
clk_drv:0x00,q_drv:0x00,d_drv:0x00,cs0_drv:0x00,hd_drv:0x00,wp_drv:0x00
mode:DIO, clock div:2
load:0x3fff0030,len:1184
load:0x40078000,len:13232
load:0x40080400,len:3028
entry 0x400805e4


============
CLIENT SETUP
============
[BOOT] RESET_REASON=1 POWERON
[HEAP] 00:00:00 158576 156336 110580 (init)
[PSRM] 00:00:00 0
[EFUS]...Two Point: NOT supported
[EFUS]...Vref: NOT supported
[INIT]...initMheard
[INIT]...init_flash
[INIT]...build Sep 26 2026 / 22:38:46
[INIT]...FLASH layout 20260724 ok, build 20260909
[TIME]...Loaded time persistence: saved_time=0, mheard_time=0, msg_time=0
[INIT]...WIFIAP starting...
[INIT]...WEBServer starting...
[QEMU]...headless defaults: web+console ON, wifiAP/gateway/extudp OFF
[QEMU]...virtual GPS enabled (bGPSON=true); NMEA expected on UART1
[INIT].._GW_ID: 00000000
[INIT]...Initialize clock: ok
[LoRa]...SX1268 chip Initializing ... success
[EXTRADIO] enabled, bridge 10.0.2.2:7000, auth=password
[LoRa]...All settings successfully changed
[BLE ]...Device started with BLE-Name <MC-0000-XX0XXX-00>
[QEMU]...BLE/NimBLE disabled (no backend in QEMU); BLE init skipped
[BLE ]...Waiting a client connection to notify...
==============
CLIENT STARTED
==============
[QEMU]...starting OpenETH (esp_eth_start)
[QEMU]...OpenETH driver started[WIFI]...no connection possible

[QEMU]...OpenETH link connected
[GPS ]...QEMU virtual GPS on UART1 (synthetic RX=16 TX=17 @ 9600 baud; no hardware)
[QEMU]...dhcpc_start -> 0x5004 (0=started, 0x5004=already-running)
[QEMU]...OpenETH GOT_IP ip=10.0.2.15 mask=255.255.255.0 gw=10.0.2.5
[GPS ]...QEMU NMEA presence: 0 chars -> no data yet
[QEMU]...OpenETH connect OK
[WIFI];link;down;sta;0;status;255;down_s;0;last_reason;0;got_ip_n;0;ip;1;ms;14799
[CON ]...HMAC console init.
[CON ]...Console started on port 2323
[BOOT];ready;ms;14814;ip;1
TimeClient no update possible --> CPU-Mode
[ 14816][E][WiFiUdp.cpp:221] parsePacket(): could not receive data: 9
[ 14826][E][WiFiUdp.cpp:221] parsePacket(): could not receive data: 9
[ 14833][E][WiFiUdp.cpp:221] parsePacket(): could not receive data: 9
[ 14838][E][WiFiUdp.cpp:221] parsePacket(): could not receive data: 9
[ 14843][E][WiFiUdp.cpp:221] parsePacket(): could not receive data: 9
[ 14849][E][WiFiUdp.cpp:221] parsePacket(): could not receive data: 9
[ 14855][E][WiFiUdp.cpp:221] parsePacket(): could not receive data: 9
[ 14862][E][WiFiUdp.cpp:221] parsePacket(): could not receive data: 9
[ 14868][E][WiFiUdp.cpp:221] parsePacket(): could not receive data: 9
[ 14874][E][WiFiUdp.cpp:221] parsePacket(): could not receive data: 9
[ 14880][E][WiFiUdp.cpp:221] parsePacket(): could not receive data: 9
[ 14886][E][WiFiUdp.cpp:221] parsePacket(): could not receive data: 9
[ 14892][E][WiFiUdp.cpp:221] parsePacket(): could not receive data: 9
[ 14899][E][WiFiUdp.cpp:221] parsePacket(): could not receive data: 9
[ 14906][E][WiFiUdp.cpp:221] parsePacket(): could not receive data: 9
[ 14913][E][WiFiUdp.cpp:221] parsePacket(): could not receive data: 9
[ 14919][E][WiFiUdp.cpp:221] parsePacket(): could not receive data: 9
[ 14924][E][WiFiUdp.cpp:221] parsePacket(): could not receive data: 9
[ 14930][E][WiFiUdp.cpp:221] parsePacket(): could not receive data: 9
[ 14936][E][WiFiUdp.cpp:221] parsePacket(): could not receive data: 9
[ 14942][E][WiFiUdp.cpp:221] parsePacket(): could not receive data: 9
[ 14947][E][WiFiUdp.cpp:221] parsePacket(): could not receive data: 9
[ 14953][E][WiFiUdp.cpp:221] parsePacket(): could not receive data: 9
[ 14958][E][WiFiUdp.cpp:221] parsePacket(): could not receive data: 9
[ 14963][E][WiFiUdp.cpp:221] parsePacket(): could not receive data: 9
[ 14968][E][WiFiUdp.cpp:221] parsePacket(): could not receive data: 9
[ 14973][E][WiFiUdp.cpp:221] parsePacket(): could not receive data: 9
[ 14978][E][WiFiUdp.cpp:221] parsePacket(): could not receive data: 9
[ 14983][E][WiFiUdp.cpp:221] parsePacket(): could not receive data: 9
[ 14988][E][WiFiUdp.cpp:221] parsePacket(): could not receive data: 9
[ 14994][E][WiFiUdp.cpp:221] parsePacket(): could not receive data: 9
[ 14999][E][WiFiUdp.cpp:221] parsePacket(): could not receive data: 9
[ 15005][E][WiFiUdp.cpp:221] parsePacket(): could not receive data: 9
[ 15011][E][WiFiUdp.cpp:221] parsePacket(): could not receive data: 9
[ 15017][E][WiFiUdp.cpp:221] parsePacket(): could not receive data: 9
[ 15022][E][WiFiUdp.cpp:221] parsePacket(): could not receive data: 9
[ 15027][E][WiFiUdp.cpp:221] parsePacket(): could not receive data: 9
[ 15032][E][WiFiUdp.cpp:221] parsePacket(): could not receive data: 9
[ 15037][E][WiFiUdp.cpp:221] parsePacket(): could not receive data: 9
[ 15042][E][WiFiUdp.cpp:221] parsePacket(): could not receive data: 9
[ 15047][E][WiFiUdp.cpp:221] parsePacket(): could not receive data: 9
[ 15052][E][WiFiUdp.cpp:221] parsePacket(): could not receive data: 9
[ 15057][E][WiFiUdp.cpp:221] parsePacket(): could not receive data: 9
[ 15063][E][WiFiUdp.cpp:221] parsePacket(): could not receive data: 9
[ 15069][E][WiFiUdp.cpp:221] parsePacket(): could not receive data: 9
[ 15074][E][WiFiUdp.cpp:221] parsePacket(): could not receive data: 9
[ 15079][E][WiFiUdp.cpp:221] parsePacket(): could not receive data: 9
[ 15084][E][WiFiUdp.cpp:221] parsePacket(): could not receive data: 9
[ 15090][E][WiFiUdp.cpp:221] parsePacket(): could not receive data: 9
[ 15095][E][WiFiUdp.cpp:221] parsePacket(): could not receive data: 9
[ 15100][E][WiFiUdp.cpp:221] parsePacket(): could not receive data: 9
[ 15105][E][WiFiUdp.cpp:221] parsePacket(): could not receive data: 9
[ 15110][E][WiFiUdp.cpp:221] parsePacket(): could not receive data: 9
[ 15115][E][WiFiUdp.cpp:221] parsePacket(): could not receive data: 9
[ 15121][E][WiFiUdp.cpp:221] parsePacket(): could not receive data: 9
[ 15127][E][WiFiUdp.cpp:221] parsePacket(): could not receive data: 9
[ 15132][E][WiFiUdp.cpp:221] parsePacket(): could not receive data: 9
[ 15137][E][WiFiUdp.cpp:221] parsePacket(): could not receive data: 9
[ 15142][E][WiFiUdp.cpp:221] parsePacket(): could not receive data: 9
[ 15147][E][WiFiUdp.cpp:221] parsePacket(): could not receive data: 9
[ 15152][E][WiFiUdp.cpp:221] parsePacket(): could not receive data: 9
[ 15157][E][WiFiUdp.cpp:221] parsePacket(): could not receive data: 9
[ 15162][E][WiFiUdp.cpp:221] parsePacket(): could not receive data: 9
[ 15167][E][WiFiUdp.cpp:221] parsePacket(): could not receive data: 9
[ 15172][E][WiFiUdp.cpp:221] parsePacket(): could not receive data: 9
[ 15177][E][WiFiUdp.cpp:221] parsePacket(): could not receive data: 9
[ 15182][E][WiFiUdp.cpp:221] parsePacket(): could not receive data: 9
[ 15187][E][WiFiUdp.cpp:221] parsePacket(): could not receive data: 9
[ 15192][E][WiFiUdp.cpp:221] parsePacket(): could not receive data: 9
[ 15197][E][WiFiUdp.cpp:221] parsePacket(): could not receive data: 9
[ 15202][E][WiFiUdp.cpp:221] parsePacket(): could not receive data: 9
[ 15207][E][WiFiUdp.cpp:221] parsePacket(): could not receive data: 9
[ 15212][E][WiFiUdp.cpp:221] parsePacket(): could not receive data: 9
[ 15217][E][WiFiUdp.cpp:221] parsePacket(): could not receive data: 9
[ 15222][E][WiFiUdp.cpp:221] parsePacket(): could not receive data: 9
[ 15227][E][WiFiUdp.cpp:221] parsePacket(): could not receive data: 9
[ 15232][E][WiFiUdp.cpp:221] parsePacket(): could not receive data: 9
[ 15237][E][WiFiUdp.cpp:221] parsePacket(): could not receive data: 9
[ 15242][E][WiFiUdp.cpp:221] parsePacket(): could not receive data: 9
[ 15247][E][WiFiUdp.cpp:221] parsePacket(): could not receive data: 9
[ 15252][E][WiFiUdp.cpp:221] parsePacket(): could not receive data: 9
[ 15257][E][WiFiUdp.cpp:221] parsePacket(): could not receive data: 9
[ 15262][E][WiFiUdp.cpp:221] parsePacket(): could not receive data: 9
[ 15267][E][WiFiUdp.cpp:221] parsePacket(): could not receive data: 9
[ 15272][E][WiFiUdp.cpp:221] parsePacket(): could not receive data: 9
[ 15277][E][WiFiUdp.cpp:221] parsePacket(): could not receive data: 9
[ 15282][E][WiFiUdp.cpp:221] parsePacket(): could not receive data: 9
[ 15287][E][WiFiUdp.cpp:221] parsePacket(): could not receive data: 9
[ 15292][E][WiFiUdp.cpp:221] parsePacket(): could not receive data: 9
[ 15297][E][WiFiUdp.cpp:221] parsePacket(): could not receive data: 9
[ 15302][E][WiFiUdp.cpp:221] parsePacket(): could not receive data: 9
[ 15307][E][WiFiUdp.cpp:221] parsePacket(): could not receive data: 9
[ 15312][E][WiFiUdp.cpp:221] parsePacket(): could not receive data: 9
[ 15317][E][WiFiUdp.cpp:221] parsePacket(): could not receive data: 9
[ 15322][E][WiFiUdp.cpp:221] parsePacket(): could not receive data: 9
[ 15327][E][WiFiUdp.cpp:221] parsePacket(): could not receive data: 9
[ 15332][E][WiFiUdp.cpp:221] parsePacket(): could not receive data: 9
[ 15337][E][WiFiUdp.cpp:221] parsePacket(): could not receive data: 9
[ 15342][E][WiFiUdp.cpp:221] parsePacket(): could not receive data: 9
[ 15348][E][WiFiUdp.cpp:221] parsePacket(): could not receive data: 9
[ 15354][E][WiFiUdp.cpp:221] parsePacket(): could not receive data: 9
[ 15359][E][WiFiUdp.cpp:221] parsePacket(): could not receive data: 9
[ 15364][E][WiFiUdp.cpp:221] parsePacket(): could not receive data: 9
[ 15370][E][WiFiUdp.cpp:221] parsePacket(): could not receive data: 9
[ 15375][E][WiFiUdp.cpp:221] parsePacket(): could not receive data: 9
[ 15380][E][WiFiUdp.cpp:221] parsePacket(): could not receive data: 9
[ 15385][E][WiFiUdp.cpp:221] parsePacket(): could not receive data: 9
[ 15391][E][WiFiUdp.cpp:221] parsePacket(): could not receive data: 9
[ 15397][E][WiFiUdp.cpp:221] parsePacket(): could not receive data: 9
[ 15403][E][WiFiUdp.cpp:221] parsePacket(): could not receive data: 9
[ 15408][E][WiFiUdp.cpp:221] parsePacket(): could not receive data: 9
[ 15413][E][WiFiUdp.cpp:221] parsePacket(): could not receive data: 9
[ 15418][E][WiFiUdp.cpp:221] parsePacket(): could not receive data: 9
[ 15423][E][WiFiUdp.cpp:221] parsePacket(): could not receive data: 9
[ 15428][E][WiFiUdp.cpp:221] parsePacket(): could not receive data: 9
[ 15433][E][WiFiUdp.cpp:221] parsePacket(): could not receive data: 9
[ 15438][E][WiFiUdp.cpp:221] parsePacket(): could not receive data: 9
[ 15443][E][WiFiUdp.cpp:221] parsePacket(): could not receive data: 9
[ 15448][E][WiFiUdp.cpp:221] parsePacket(): could not receive data: 9
[ 15453][E][WiFiUdp.cpp:221] parsePacket(): could not receive data: 9
[ 15458][E][WiFiUdp.cpp:221] parsePacket(): could not receive data: 9
[ 15463][E][WiFiUdp.cpp:221] parsePacket(): could not receive data: 9
[ 15468][E][WiFiUdp.cpp:221] parsePacket(): could not receive data: 9
[ 15473][E][WiFiUdp.cpp:221] parsePacket(): could not receive data: 9
[ 15478][E][WiFiUdp.cpp:221] parsePacket(): could not receive data: 9
[ 15484][E][WiFiUdp.cpp:221] parsePacket(): could not receive data: 9
[ 15489][E][WiFiUdp.cpp:221] parsePacket(): could not receive data: 9
[ 15494][E][WiFiUdp.cpp:221] parsePacket(): could not receive data: 9
[ 15499][E][WiFiUdp.cpp:221] parsePacket(): could not receive data: 9
[ 15506][E][WiFiUdp.cpp:221] parsePacket(): could not receive data: 9
[ 15511][E][WiFiUdp.cpp:221] parsePacket(): could not receive data: 9
[ 15516][E][WiFiUdp.cpp:221] parsePacket(): could not receive data: 9
[ 15521][E][WiFiUdp.cpp:221] parsePacket(): could not receive data: 9
[ 15526][E][WiFiUdp.cpp:221] parsePacket(): could not receive data: 9
[ 15531][E][WiFiUdp.cpp:221] parsePacket(): could not receive data: 9
[ 15536][E][WiFiUdp.cpp:221] parsePacket(): could not receive data: 9
[ 15541][E][WiFiUdp.cpp:221] parsePacket(): could not receive data: 9
[ 15546][E][WiFiUdp.cpp:221] parsePacket(): could not receive data: 9
[ 15551][E][WiFiUdp.cpp:221] parsePacket(): could not receive data: 9
[ 15556][E][WiFiUdp.cpp:221] parsePacket(): could not receive data: 9
[ 15561][E][WiFiUdp.cpp:221] parsePacket(): could not receive data: 9
[ 15566][E][WiFiUdp.cpp:221] parsePacket(): could not receive data: 9
[ 15572][E][WiFiUdp.cpp:221] parsePacket(): could not receive data: 9
[ 15577][E][WiFiUdp.cpp:221] parsePacket(): could not receive data: 9
[ 15583][E][WiFiUdp.cpp:221] parsePacket(): could not receive data: 9
[ 15587][E][WiFiUdp.cpp:221] parsePacket(): could not receive data: 9
[ 15592][E][WiFiUdp.cpp:221] parsePacket(): could not receive data: 9
[ 15597][E][WiFiUdp.cpp:221] parsePacket(): could not receive data: 9
[ 15602][E][WiFiUdp.cpp:221] parsePacket(): could not receive data: 9
[ 15607][E][WiFiUdp.cpp:221] parsePacket(): could not receive data: 9
[ 15612][E][WiFiUdp.cpp:221] parsePacket(): could not receive data: 9
[ 15617][E][WiFiUdp.cpp:221] parsePacket(): could not receive data: 9
[ 15622][E][WiFiUdp.cpp:221] parsePacket(): could not receive data: 9
[ 15627][E][WiFiUdp.cpp:221] parsePacket(): could not receive data: 9
[ 15632][E][WiFiUdp.cpp:221] parsePacket(): could not receive data: 9
[ 15637][E][WiFiUdp.cpp:221] parsePacket(): could not receive data: 9
[ 15642][E][WiFiUdp.cpp:221] parsePacket(): could not receive data: 9
[ 15647][E][WiFiUdp.cpp:221] parsePacket(): could not receive data: 9
[ 15652][E][WiFiUdp.cpp:221] parsePacket(): could not receive data: 9
[ 15657][E][WiFiUdp.cpp:221] parsePacket(): could not receive data: 9
[ 15662][E][WiFiUdp.cpp:221] parsePacket(): could not receive data: 9
[ 15667][E][WiFiUdp.cpp:221] parsePacket(): could not receive data: 9
[ 15672][E][WiFiUdp.cpp:221] parsePacket(): could not receive data: 9
[ 15677][E][WiFiUdp.cpp:221] parsePacket(): could not receive data: 9
[ 15682][E][WiFiUdp.cpp:221] parsePacket(): could not receive data: 9
[ 15687][E][WiFiUdp.cpp:221] parsePacket(): could not receive data: 9
[ 15692][E][WiFiUdp.cpp:221] parsePacket(): could not receive data: 9
[ 15697][E][WiFiUdp.cpp:221] parsePacket(): could not receive data: 9
[ 15702][E][WiFiUdp.cpp:221] parsePacket(): could not receive data: 9
[ 15707][E][WiFiUdp.cpp:221] parsePacket(): could not receive data: 9
[ 15712][E][WiFiUdp.cpp:221] parsePacket(): could not receive data: 9
[ 15717][E][WiFiUdp.cpp:221] parsePacket(): could not receive data: 9
[ 15722][E][WiFiUdp.cpp:221] parsePacket(): could not receive data: 9
[ 15727][E][WiFiUdp.cpp:221] parsePacket(): could not receive data: 9
[ 15732][E][WiFiUdp.cpp:221] parsePacket(): could not receive data: 9
[ 15737][E][WiFiUdp.cpp:221] parsePacket(): could not receive data: 9
[ 15742][E][WiFiUdp.cpp:221] parsePacket(): could not receive data: 9
[ 15748][E][WiFiUdp.cpp:221] parsePacket(): could not receive data: 9
[ 15754][E][WiFiUdp.cpp:221] parsePacket(): could not receive data: 9
[ 15760][E][WiFiUdp.cpp:221] parsePacket(): could not receive data: 9
[ 15765][E][WiFiUdp.cpp:221] parsePacket(): could not receive data: 9
[ 15770][E][WiFiUdp.cpp:221] parsePacket(): could not receive data: 9
[ 15775][E][WiFiUdp.cpp:221] parsePacket(): could not receive data: 9
[ 15780][E][WiFiUdp.cpp:221] parsePacket(): could not receive data: 9
[ 15785][E][WiFiUdp.cpp:221] parsePacket(): could not receive data: 9
[ 15790][E][WiFiUdp.cpp:221] parsePacket(): could not receive data: 9
[ 15796][E][WiFiUdp.cpp:221] parsePacket(): could not receive data: 9
[ 15801][E][WiFiUdp.cpp:221] parsePacket(): could not receive data: 9
[ 15806][E][WiFiUdp.cpp:221] parsePacket(): could not receive data: 9
[ 15812][E][WiFiUdp.cpp:221] parsePacket(): could not receive data: 9
[ 15818][E][WiFiUdp.cpp:221] parsePacket(): could not receive data: 9
[ 15823][E][WiFiUdp.cpp:221] parsePacket(): could not receive data: 9
[ 15828][E][WiFiUdp.cpp:221] parsePacket(): could not receive data: 9
[ 15834][E][WiFiUdp.cpp:221] parsePacket(): could not receive data: 9
[ 15840][E][WiFiUdp.cpp:221] parsePacket(): could not receive data: 9
[ 15846][E][WiFiUdp.cpp:221] parsePacket(): could not receive data: 9
[ 15851][E][WiFiUdp.cpp:221] parsePacket(): could not receive data: 9
[ 15856][E][WiFiUdp.cpp:221] parsePacket(): could not receive data: 9
[ 15861][E][WiFiUdp.cpp:221] parsePacket(): could not receive data: 9
[ 15866][E][WiFiUdp.cpp:221] parsePacket(): could not receive data: 9
[ 15871][E][WiFiUdp.cpp:221] parsePacket(): could not receive data: 9
[ 15876][E][WiFiUdp.cpp:221] parsePacket(): could not receive data: 9
[ 15881][E][WiFiUdp.cpp:221] parsePacket(): could not receive data: 9
[ 15886][E][WiFiUdp.cpp:221] parsePacket(): could not receive data: 9
[ 15891][E][WiFiUdp.cpp:221] parsePacket(): could not receive data: 9
[ 15896][E][WiFiUdp.cpp:221] parsePacket(): could not receive data: 9
[ 15901][E][WiFiUdp.cpp:221] parsePacket(): could not receive data: 9
[ 15906][E][WiFiUdp.cpp:221] parsePacket(): could not receive data: 9
[ 15911][E][WiFiUdp.cpp:221] parsePacket(): could not receive data: 9
[ 15916][E][WiFiUdp.cpp:221] parsePacket(): could not receive data: 9
[ 15921][E][WiFiUdp.cpp:221] parsePacket(): could not receive data: 9
[ 15926][E][WiFiUdp.cpp:221] parsePacket(): could not receive data: 9
[ 15932][E][WiFiUdp.cpp:221] parsePacket(): could not receive data: 9
[ 15938][E][WiFiUdp.cpp:221] parsePacket(): could not receive data: 9
[ 15944][E][WiFiUdp.cpp:221] parsePacket(): could not receive data: 9
[ 15949][E][WiFiUdp.cpp:221] parsePacket(): could not receive data: 9
[ 15955][E][WiFiUdp.cpp:221] parsePacket(): could not receive data: 9
[ 15961][E][WiFiUdp.cpp:221] parsePacket(): could not receive data: 9
[ 15967][E][WiFiUdp.cpp:221] parsePacket(): could not receive data: 9
[ 15973][E][WiFiUdp.cpp:221] parsePacket(): could not receive data: 9
[ 15978][E][WiFiUdp.cpp:221] parsePacket(): could not receive data: 9
[ 15983][E][WiFiUdp.cpp:221] parsePacket(): could not receive data: 9
[ 15988][E][WiFiUdp.cpp:221] parsePacket(): could not receive data: 9
[ 15993][E][WiFiUdp.cpp:221] parsePacket(): could not receive data: 9
[ 15998][E][WiFiUdp.cpp:221] parsePacket(): could not receive data: 9
[ 16003][E][WiFiUdp.cpp:221] parsePacket(): could not receive data: 9
[ 16008][E][WiFiUdp.cpp:221] parsePacket(): could not receive data: 9
[ 16013][E][WiFiUdp.cpp:221] parsePacket(): could not receive data: 9
[ 16018][E][WiFiUdp.cpp:221] parsePacket(): could not receive data: 9
[ 16023][E][WiFiUdp.cpp:221] parsePacket(): could not receive data: 9
[ 16028][E][WiFiUdp.cpp:221] parsePacket(): could not receive data: 9
[ 16033][E][WiFiUdp.cpp:221] parsePacket(): could not receive data: 9
[ 16038][E][WiFiUdp.cpp:221] parsePacket(): could not receive data: 9
[ 16043][E][WiFiUdp.cpp:221] parsePacket(): could not receive data: 9
[ 16048][E][WiFiUdp.cpp:221] parsePacket(): could not receive data: 9
[ 16054][E][WiFiUdp.cpp:221] parsePacket(): could not receive data: 9
[ 16059][E][WiFiUdp.cpp:221] parsePacket(): could not receive data: 9
[ 16064][E][WiFiUdp.cpp:221] parsePacket(): could not receive data: 9
[ 16069][E][WiFiUdp.cpp:221] parsePacket(): could not receive data: 9
[ 16074][E][WiFiUdp.cpp:221] parsePacket(): could not receive data: 9
[ 16079][E][WiFiUdp.cpp:221] parsePacket(): could not receive data: 9
[ 16084][E][WiFiUdp.cpp:221] parsePacket(): could not receive data: 9
[ 16089][E][WiFiUdp.cpp:221] parsePacket(): could not receive data: 9
[ 16094][E][WiFiUdp.cpp:221] parsePacket(): could not receive data: 9
[ 16099][E][WiFiUdp.cpp:221] parsePacket(): could not receive data: 9
[ 16104][E][WiFiUdp.cpp:221] parsePacket(): could not receive data: 9
[ 16109][E][WiFiUdp.cpp:221] parsePacket(): could not receive data: 9
[ 16114][E][WiFiUdp.cpp:221] parsePacket(): could not receive data: 9
[ 16119][E][WiFiUdp.cpp:221] parsePacket(): could not receive data: 9
[ 16124][E][WiFiUdp.cpp:221] parsePacket(): could not receive data: 9
[ 16129][E][WiFiUdp.cpp:221] parsePacket(): could not receive data: 9
[ 16134][E][WiFiUdp.cpp:221] parsePacket(): could not receive data: 9
[ 16139][E][WiFiUdp.cpp:221] parsePacket(): could not receive data: 9
[ 16144][E][WiFiUdp.cpp:221] parsePacket(): could not receive data: 9
[ 16149][E][WiFiUdp.cpp:221] parsePacket(): could not receive data: 9
[ 16154][E][WiFiUdp.cpp:221] parsePacket(): could not receive data: 9
[ 16159][E][WiFiUdp.cpp:221] parsePacket(): could not receive data: 9
[ 16164][E][WiFiUdp.cpp:221] parsePacket(): could not receive data: 9
[ 16169][E][WiFiUdp.cpp:221] parsePacket(): could not receive data: 9
[ 16174][E][WiFiUdp.cpp:221] parsePacket(): could not receive data: 9
[ 16179][E][WiFiUdp.cpp:221] parsePacket(): could not receive data: 9
[ 16184][E][WiFiUdp.cpp:221] parsePacket(): could not receive data: 9
[ 16189][E][WiFiUdp.cpp:221] parsePacket(): could not receive data: 9
[ 16194][E][WiFiUdp.cpp:221] parsePacket(): could not receive data: 9
[ 16199][E][WiFiUdp.cpp:221] parsePacket(): could not receive data: 9
[ 16204][E][WiFiUdp.cpp:221] parsePacket(): could not receive data: 9
[ 16209][E][WiFiUdp.cpp:221] parsePacket(): could not receive data: 9
[ 16214][E][WiFiUdp.cpp:221] parsePacket(): could not receive data: 9
[ 16219][E][WiFiUdp.cpp:221] parsePacket(): could not receive data: 9
[ 16224][E][WiFiUdp.cpp:221] parsePacket(): could not receive data: 9
[ 16229][E][WiFiUdp.cpp:221] parsePacket(): could not receive data: 9
[ 16234][E][WiFiUdp.cpp:221] parsePacket(): could not receive data: 9
[ 16239][E][WiFiUdp.cpp:221] parsePacket(): could not receive data: 9
[ 16244][E][WiFiUdp.cpp:221] parsePacket(): could not receive data: 9
[ 16249][E][WiFiUdp.cpp:221] parsePacket(): could not receive data: 9
[ 16254][E][WiFiUdp.cpp:221] parsePacket(): could not receive data: 9
[ 16259][E][WiFiUdp.cpp:221] parsePacket(): could not receive data: 9
[ 16264][E][WiFiUdp.cpp:221] parsePacket(): could not receive data: 9
[ 16269][E][WiFiUdp.cpp:221] parsePacket(): could not receive data: 9
[ 16274][E][WiFiUdp.cpp:221] parsePacket(): could not receive data: 9
[ 16279][E][WiFiUdp.cpp:221] parsePacket(): could not receive data: 9
[ 16284][E][WiFiUdp.cpp:221] parsePacket(): could not receive data: 9
[ 16289][E][WiFiUdp.cpp:221] parsePacket(): could not receive data: 9
[ 16294][E][WiFiUdp.cpp:221] parsePacket(): could not receive data: 9
[ 16299][E][WiFiUdp.cpp:221] parsePacket(): could not receive data: 9
[ 16304][E][WiFiUdp.cpp:221] parsePacket(): could not receive data: 9
[ 16309][E][WiFiUdp.cpp:221] parsePacket(): could not receive data: 9
[ 16314][E][WiFiUdp.cpp:221] parsePacket(): could not receive data: 9
[ 16319][E][WiFiUdp.cpp:221] parsePacket(): could not receive data: 9
[ 16324][E][WiFiUdp.cpp:221] parsePacket(): could not receive data: 9
[ 16329][E][WiFiUdp.cpp:221] parsePacket(): could not receive data: 9
[ 16334][E][WiFiUdp.cpp:221] parsePacket(): could not receive data: 9
[ 16339][E][WiFiUdp.cpp:221] parsePacket(): could not receive data: 9
[ 16344][E][WiFiUdp.cpp:221] parsePacket(): could not receive data: 9
[ 16350][E][WiFiUdp.cpp:221] parsePacket(): could not receive data: 9
[ 16355][E][WiFiUdp.cpp:221] parsePacket(): could not receive data: 9
[ 16360][E][WiFiUdp.cpp:221] parsePacket(): could not receive data: 9
[ 16365][E][WiFiUdp.cpp:221] parsePacket(): could not receive data: 9
[ 16370][E][WiFiUdp.cpp:221] parsePacket(): could not receive data: 9
[ 16375][E][WiFiUdp.cpp:221] parsePacket(): could not receive data: 9
[ 16380][E][WiFiUdp.cpp:221] parsePacket(): could not receive data: 9
[ 16385][E][WiFiUdp.cpp:221] parsePacket(): could not receive data: 9
[ 16390][E][WiFiUdp.cpp:221] parsePacket(): could not receive data: 9
[ 16395][E][WiFiUdp.cpp:221] parsePacket(): could not receive data: 9
[ 16400][E][WiFiUdp.cpp:221] parsePacket(): could not receive data: 9
[ 16405][E][WiFiUdp.cpp:221] parsePacket(): could not receive data: 9
[ 16411][E][WiFiUdp.cpp:221] parsePacket(): could not receive data: 9
[ 16416][E][WiFiUdp.cpp:221] parsePacket(): could not receive data: 9
[ 16421][E][WiFiUdp.cpp:221] parsePacket(): could not receive data: 9
[ 16426][E][WiFiUdp.cpp:221] parsePacket(): could not receive data: 9
[ 16431][E][WiFiUdp.cpp:221] parsePacket(): could not receive data: 9
[ 16436][E][WiFiUdp.cpp:221] parsePacket(): could not receive data: 9
[ 16441][E][WiFiUdp.cpp:221] parsePacket(): could not receive data: 9
[ 16446][E][WiFiUdp.cpp:221] parsePacket(): could not receive data: 9
[ 16451][E][WiFiUdp.cpp:221] parsePacket(): could not receive data: 9
[ 16456][E][WiFiUdp.cpp:221] parsePacket(): could not receive data: 9
[ 16461][E][WiFiUdp.cpp:221] parsePacket(): could not receive data: 9
[ 16466][E][WiFiUdp.cpp:221] parsePacket(): could not receive data: 9
[ 16471][E][WiFiUdp.cpp:221] parsePacket(): could not receive data: 9
[ 16476][E][WiFiUdp.cpp:221] parsePacket(): could not receive data: 9
[ 16481][E][WiFiUdp.cpp:221] parsePacket(): could not receive data: 9
[ 16486][E][WiFiUdp.cpp:221] parsePacket(): could not receive data: 9
[ 16491][E][WiFiUdp.cpp:221] parsePacket(): could not receive data: 9
[ 16496][E][WiFiUdp.cpp:221] parsePacket(): could not receive data: 9
[ 16501][E][WiFiUdp.cpp:221] parsePacket(): could not receive data: 9
[ 16506][E][WiFiUdp.cpp:221] parsePacket(): could not receive data: 9
[ 16511][E][WiFiUdp.cpp:221] parsePacket(): could not receive data: 9
[ 16516][E][WiFiUdp.cpp:221] parsePacket(): could not receive data: 9
[ 16521][E][WiFiUdp.cpp:221] parsePacket(): could not receive data: 9
[ 16527][E][WiFiUdp.cpp:221] parsePacket(): could not receive data: 9
[ 16533][E][WiFiUdp.cpp:221] parsePacket(): could not receive data: 9
[ 16539][E][WiFiUdp.cpp:221] parsePacket(): could not receive data: 9
[ 16544][E][WiFiUdp.cpp:221] parsePacket(): could not receive data: 9
[ 16549][E][WiFiUdp.cpp:221] parsePacket(): could not receive data: 9
[ 16554][E][WiFiUdp.cpp:221] parsePacket(): could not receive data: 9
[ 16559][E][WiFiUdp.cpp:221] parsePacket(): could not receive data: 9
[ 16564][E][WiFiUdp.cpp:221] parsePacket(): could not receive data: 9
[ 16569][E][WiFiUdp.cpp:221] parsePacket(): could not receive data: 9
[ 16574][E][WiFiUdp.cpp:221] parsePacket(): could not receive data: 9
[ 16579][E][WiFiUdp.cpp:221] parsePacket(): could not receive data: 9
[ 16584][E][WiFiUdp.cpp:221] parsePacket(): could not receive data: 9
[ 16589][E][WiFiUdp.cpp:221] parsePacket(): could not receive data: 9
[ 16594][E][WiFiUdp.cpp:221] parsePacket(): could not receive data: 9
[ 16599][E][WiFiUdp.cpp:221] parsePacket(): could not receive data: 9
[ 16604][E][WiFiUdp.cpp:221] parsePacket(): could not receive data: 9
[ 16609][E][WiFiUdp.cpp:221] parsePacket(): could not receive data: 9
[ 16614][E][WiFiUdp.cpp:221] parsePacket(): could not receive data: 9
[ 16619][E][WiFiUdp.cpp:221] parsePacket(): could not receive data: 9
[ 16625][E][WiFiUdp.cpp:221] parsePacket(): could not receive data: 9
[ 16631][E][WiFiUdp.cpp:221] parsePacket(): could not receive data: 9
[ 16636][E][WiFiUdp.cpp:221] parsePacket(): could not receive data: 9
[ 16641][E][WiFiUdp.cpp:221] parsePacket(): could not receive data: 9
[ 16646][E][WiFiUdp.cpp:221] parsePacket(): could not receive data: 9
[ 16651][E][WiFiUdp.cpp:221] parsePacket(): could not receive data: 9
[ 16656][E][WiFiUdp.cpp:221] parsePacket(): could not receive data: 9
[ 16661][E][WiFiUdp.cpp:221] parsePacket(): could not receive data: 9
[ 16666][E][WiFiUdp.cpp:221] parsePacket(): could not receive data: 9
[ 16671][E][WiFiUdp.cpp:221] parsePacket(): could not receive data: 9
[ 16676][E][WiFiUdp.cpp:221] parsePacket(): could not receive data: 9
[ 16682][E][WiFiUdp.cpp:221] parsePacket(): could not receive data: 9
[ 16687][E][WiFiUdp.cpp:221] parsePacket(): could not receive data: 9
[ 16692][E][WiFiUdp.cpp:221] parsePacket(): could not receive data: 9
[ 16697][E][WiFiUdp.cpp:221] parsePacket(): could not receive data: 9
[ 16702][E][WiFiUdp.cpp:221] parsePacket(): could not receive data: 9
[ 16707][E][WiFiUdp.cpp:221] parsePacket(): could not receive data: 9
[ 16712][E][WiFiUdp.cpp:221] parsePacket(): could not receive data: 9
[ 16717][E][WiFiUdp.cpp:221] parsePacket(): could not receive data: 9
[ 16722][E][WiFiUdp.cpp:221] parsePacket(): could not receive data: 9
[ 16727][E][WiFiUdp.cpp:221] parsePacket(): could not receive data: 9
[ 16732][E][WiFiUdp.cpp:221] parsePacket(): could not receive data: 9
[ 16737][E][WiFiUdp.cpp:221] parsePacket(): could not receive data: 9
[ 16742][E][WiFiUdp.cpp:221] parsePacket(): could not receive data: 9
[ 16747][E][WiFiUdp.cpp:221] parsePacket(): could not receive data: 9
[ 16752][E][WiFiUdp.cpp:221] parsePacket(): could not receive data: 9
[ 16757][E][WiFiUdp.cpp:221] parsePacket(): could not receive data: 9
[ 16762][E][WiFiUdp.cpp:221] parsePacket(): could not receive data: 9
[ 16767][E][WiFiUdp.cpp:221] parsePacket(): could not receive data: 9
[ 16772][E][WiFiUdp.cpp:221] parsePacket(): could not receive data: 9
[ 16777][E][WiFiUdp.cpp:221] parsePacket(): could not receive data: 9
[ 16782][E][WiFiUdp.cpp:221] parsePacket(): could not receive data: 9
[ 16787][E][WiFiUdp.cpp:221] parsePacket(): could not receive data: 9
[ 16792][E][WiFiUdp.cpp:221] parsePacket(): could not receive data: 9
[ 16797][E][WiFiUdp.cpp:221] parsePacket(): could not receive data: 9
[ 16802][E][WiFiUdp.cpp:221] parsePacket(): could not receive data: 9
[ 16807][E][WiFiUdp.cpp:221] parsePacket(): could not receive data: 9
[ 16812][E][WiFiUdp.cpp:221] parsePacket(): could not receive data: 9
[ 16817][E][WiFiUdp.cpp:221] parsePacket(): could not receive data: 9
[ 16822][E][WiFiUdp.cpp:221] parsePacket(): could not receive data: 9
[ 16828][E][WiFiUdp.cpp:221] parsePacket(): could not receive data: 9
[ 16833][E][WiFiUdp.cpp:221] parsePacket(): could not receive data: 9
[ 16838][E][WiFiUdp.cpp:221] parsePacket(): could not receive data: 9
[ 16843][E][WiFiUdp.cpp:221] parsePacket(): could not receive data: 9
[ 16848][E][WiFiUdp.cpp:221] parsePacket(): could not receive data: 9
[ 16853][E][WiFiUdp.cpp:221] parsePacket(): could not receive data: 9
[ 16858][E][WiFiUdp.cpp:221] parsePacket(): could not receive data: 9
[ 16863][E][WiFiUdp.cpp:221] parsePacket(): could not receive data: 9
[ 16868][E][WiFiUdp.cpp:221] parsePacket(): could not receive data: 9
[ 16873][E][WiFiUdp.cpp:221] parsePacket(): could not receive data: 9
[ 16878][E][WiFiUdp.cpp:221] parsePacket(): could not receive data: 9
[ 16883][E][WiFiUdp.cpp:221] parsePacket(): could not receive data: 9
[ 16888][E][WiFiUdp.cpp:221] parsePacket(): could not receive data: 9
[ 16893][E][WiFiUdp.cpp:221] parsePacket(): could not receive data: 9
[ 16898][E][WiFiUdp.cpp:221] parsePacket(): could not receive data: 9
[ 16904][E][WiFiUdp.cpp:221] parsePacket(): could not receive data: 9
[ 16910][E][WiFiUdp.cpp:221] parsePacket(): could not receive data: 9
[ 16915][E][WiFiUdp.cpp:221] parsePacket(): could not receive data: 9
[ 16920][E][WiFiUdp.cpp:221] parsePacket(): could not receive data: 9
[ 16925][E][WiFiUdp.cpp:221] parsePacket(): could not receive data: 9
[ 16930][E][WiFiUdp.cpp:221] parsePacket(): could not receive data: 9
[ 16935][E][WiFiUdp.cpp:221] parsePacket(): could not receive data: 9
[ 16941][E][WiFiUdp.cpp:221] parsePacket(): could not receive data: 9
[ 16947][E][WiFiUdp.cpp:221] parsePacket(): could not receive data: 9
[ 16952][E][WiFiUdp.cpp:221] parsePacket(): could not receive data: 9
[ 16957][E][WiFiUdp.cpp:221] parsePacket(): could not receive data: 9
[ 16963][E][WiFiUdp.cpp:221] parsePacket(): could not receive data: 9
[ 16969][E][WiFiUdp.cpp:221] parsePacket(): could not receive data: 9
[ 16974][E][WiFiUdp.cpp:221] parsePacket(): could not receive data: 9
[ 16979][E][WiFiUdp.cpp:221] parsePacket(): could not receive data: 9
[ 16984][E][WiFiUdp.cpp:221] parsePacket(): could not receive data: 9
[ 16989][E][WiFiUdp.cpp:221] parsePacket(): could not receive data: 9
[ 16994][E][WiFiUdp.cpp:221] parsePacket(): could not receive data: 9
[ 16999][E][WiFiUdp.cpp:221] parsePacket(): could not receive data: 9
[ 17004][E][WiFiUdp.cpp:221] parsePacket(): could not receive data: 9
[ 17009][E][WiFiUdp.cpp:221] parsePacket(): could not receive data: 9
[ 17014][E][WiFiUdp.cpp:221] parsePacket(): could not receive data: 9
[ 17019][E][WiFiUdp.cpp:221] parsePacket(): could not receive data: 9
[ 17025][E][WiFiUdp.cpp:221] parsePacket(): could not receive data: 9
[ 17030][E][WiFiUdp.cpp:221] parsePacket(): could not receive data: 9
[ 17035][E][WiFiUdp.cpp:221] parsePacket(): could not receive data: 9
[ 17040][E][WiFiUdp.cpp:221] parsePacket(): could not receive data: 9
[ 17045][E][WiFiUdp.cpp:221] parsePacket(): could not receive data: 9
[ 17050][E][WiFiUdp.cpp:221] parsePacket(): could not receive data: 9
[ 17055][E][WiFiUdp.cpp:221] parsePacket(): could not receive data: 9
[ 17060][E][WiFiUdp.cpp:221] parsePacket(): could not receive data: 9
[ 17065][E][WiFiUdp.cpp:221] parsePacket(): could not receive data: 9
[ 17070][E][WiFiUdp.cpp:221] parsePacket(): could not receive data: 9
[ 17075][E][WiFiUdp.cpp:221] parsePacket(): could not receive data: 9
[ 17080][E][WiFiUdp.cpp:221] parsePacket(): could not receive data: 9
[ 17085][E][WiFiUdp.cpp:221] parsePacket(): could not receive data: 9
[ 17090][E][WiFiUdp.cpp:221] parsePacket(): could not receive data: 9
[ 17096][E][WiFiUdp.cpp:221] parsePacket(): could not receive data: 9
[ 17102][E][WiFiUdp.cpp:221] parsePacket(): could not receive data: 9
[ 17107][E][WiFiUdp.cpp:221] parsePacket(): could not receive data: 9
[ 17112][E][WiFiUdp.cpp:221] parsePacket(): could not receive data: 9
[ 17117][E][WiFiUdp.cpp:221] parsePacket(): could not receive data: 9
[ 17122][E][WiFiUdp.cpp:221] parsePacket(): could not receive data: 9
[ 17127][E][WiFiUdp.cpp:221] parsePacket(): could not receive data: 9
[ 17132][E][WiFiUdp.cpp:221] parsePacket(): could not receive data: 9
[ 17137][E][WiFiUdp.cpp:221] parsePacket(): could not receive data: 9
[ 17144][E][WiFiUdp.cpp:221] parsePacket(): could not receive data: 9
[ 17152][E][WiFiUdp.cpp:221] parsePacket(): could not receive data: 9
[ 17159][E][WiFiUdp.cpp:221] parsePacket(): could not receive data: 9
[ 17165][E][WiFiUdp.cpp:221] parsePacket(): could not receive data: 9
[ 17171][E][WiFiUdp.cpp:221] parsePacket(): could not receive data: 9
[ 17177][E][WiFiUdp.cpp:221] parsePacket(): could not receive data: 9
[ 17184][E][WiFiUdp.cpp:221] parsePacket(): could not receive data: 9
[ 17191][E][WiFiUdp.cpp:221] parsePacket(): could not receive data: 9
[ 17197][E][WiFiUdp.cpp:221] parsePacket(): could not receive data: 9
[ 17203][E][WiFiUdp.cpp:221] parsePacket(): could not receive data: 9
[ 17209][E][WiFiUdp.cpp:221] parsePacket(): could not receive data: 9
[ 17215][E][WiFiUdp.cpp:221] parsePacket(): could not receive data: 9
[ 17221][E][WiFiUdp.cpp:221] parsePacket(): could not receive data: 9
[ 17228][E][WiFiUdp.cpp:221] parsePacket(): could not receive data: 9
[ 17234][E][WiFiUdp.cpp:221] parsePacket(): could not receive data: 9
[ 17240][E][WiFiUdp.cpp:221] parsePacket(): could not receive data: 9
[ 17246][E][WiFiUdp.cpp:221] parsePacket(): could not receive data: 9
[ 17252][E][WiFiUdp.cpp:221] parsePacket(): could not receive data: 9
[ 17258][E][WiFiUdp.cpp:221] parsePacket(): could not receive data: 9
[ 17265][E][WiFiUdp.cpp:221] parsePacket(): could not receive data: 9
[ 17271][E][WiFiUdp.cpp:221] parsePacket(): could not receive data: 9
[ 17277][E][WiFiUdp.cpp:221] parsePacket(): could not receive data: 9
[ 17283][E][WiFiUdp.cpp:221] parsePacket(): could not receive data: 9
[ 17290][E][WiFiUdp.cpp:221] parsePacket(): could not receive data: 9
[ 17297][E][WiFiUdp.cpp:221] parsePacket(): could not receive data: 9
[ 17303][E][WiFiUdp.cpp:221] parsePacket(): could not receive data: 9
[ 17309][E][WiFiUdp.cpp:221] parsePacket(): could not receive data: 9
[ 17315][E][WiFiUdp.cpp:221] parsePacket(): could not receive data: 9
[ 17321][E][WiFiUdp.cpp:221] parsePacket(): could not receive data: 9
[ 17327][E][WiFiUdp.cpp:221] parsePacket(): could not receive data: 9
[ 17334][E][WiFiUdp.cpp:221] parsePacket(): could not receive data: 9
[ 17340][E][WiFiUdp.cpp:221] parsePacket(): could not receive data: 9
[ 17346][E][WiFiUdp.cpp:221] parsePacket(): could not receive data: 9
[ 17352][E][WiFiUdp.cpp:221] parsePacket(): could not receive data: 9
[ 17359][E][WiFiUdp.cpp:221] parsePacket(): could not receive data: 9
[ 17366][E][WiFiUdp.cpp:221] parsePacket(): could not receive data: 9
[ 17373][E][WiFiUdp.cpp:221] parsePacket(): could not receive data: 9
[ 17381][E][WiFiUdp.cpp:221] parsePacket(): could not receive data: 9
[CON ]...accept() fd=50 free=124148
[CON ]...Client authenticated on port 2323. free heap=118944
-[ 17394][E][WiFiUdp.cpp:221] parsePacket(): could not receive data: 9
-[ 17400][E][WiFiUdp.cpp:221] parsePacket(): could not receive data: 9
i[ 17406][E][WiFiUdp.cpp:221] parsePacket(): could not receive data: 9
n[ 17413][E][WiFiUdp.cpp:221] parsePacket(): could not receive data: 9
f[ 17420][E][WiFiUdp.cpp:221] parsePacket(): could not receive data: 9
o[ 17428][E][WiFiUdp.cpp:221] parsePacket(): could not receive data: 9
[ 17434][E][WiFiUdp.cpp:221] parsePacket(): could not receive data: 9

--MeshCom 4.35t (build: Sep 26 2026 / 22:38:45)
...UPDATE: 
...Call: <XX0XXX-00> ...ID 00000000 ...NODE 39 <EBYTE_E22> ...UTC-OFF 3.500000 [CPU]
...BATT 4.10 V ...BATT 85 % ...MAXV 4.200 V
...TIME 17451 ms
...Flash-Version 20260724
...NOMSGALL off ...MESH off ...BUTTON (12) off ...SOFTSER off ... SOFTSERREAD off
...PASSWD <>
...DEBUG man ...DEBUG en
...DEBUG off ...LORADEBUG off ...GPSDEBUG off/0 ...SOFTSERDEBUG off
...WXDEBUG off ...BLEDEBUG off
...DisplayInfo off ...DisplayCont off ...DisplyLog off ...contrast 255 ...ackinfo off
...EXTUDP off ...EXT IP none ...NOPMOTHER off
...BTCODE 000000
...APRSMC: APRSMC
...ATXT: 
...NAME: 
...BLE : short
...DISPLAY on
...CTRY EU8
...FREQ 433.1750 MHz TXPWR 17 dBm RXBOOST off
...MAXHOP text 4 / pos 2

...Webserver  on / Webpwd <> / Gateway off 
...NETConsole on (port 2323)
...KISS/TCP   off / TX off / RxMeta off / Auth off
...WIFI-AP    off
...SSID <none> / PASSWORD <***>
...NETWORK Mode:WiFi
...hasIpAddress: yes
...IP address   : 10.0.2.15
...SUBNET-MASK  : 255.255.255.0
...GW address   : 10.0.2.5
...DNS address  : 
...UDP-HBeat : 17465
[ 17465][E][WiFiUdp.cpp:221] parsePacket(): could not receive data: 9
[ 17470][E][WiFiUdp.cpp:221] parsePacket(): could not receive data: 9
[ 17475][E][WiFiUdp.cpp:221] parsePacket(): could not receive data: 9
[ 17480][E][WiFiUdp.cpp:221] parsePacket(): could not receive data: 9
[ 17485][E][WiFiUdp.cpp:221] parsePacket(): could not receive data: 9
[ 17491][E][WiFiUdp.cpp:221] parsePacket(): could not receive data: 9
[ 17497][E][WiFiUdp.cpp:221] parsePacket(): could not receive data: 9
[ 17503][E][WiFiUdp.cpp:221] parsePacket(): could not receive data: 9
[ 17510][E][WiFiUdp.cpp:221] parsePacket(): could not receive data: 9
[ 17517][E][WiFiUdp.cpp:221] parsePacket(): could not receive data: 9
[ 17523][E][WiFiUdp.cpp:221] parsePacket(): could not receive data: 9
[ 17529][E][WiFiUdp.cpp:221] parsePacket(): could not receive data: 9
[ 17535][E][WiFiUdp.cpp:221] parsePacket(): could not receive data: 9
[ 17541][E][WiFiUdp.cpp:221] parsePacket(): could not receive data: 9
[ 17548][E][WiFiUdp.cpp:221] parsePacket(): could not receive data: 9
[ 17555][E][WiFiUdp.cpp:221] parsePacket(): could not receive data: 9
[ 17562][E][WiFiUdp.cpp:221] parsePacket(): could not receive data: 9
[ 17569][E][WiFiUdp.cpp:221] parsePacket(): could not receive data: 9
[ 17574][E][WiFiUdp.cpp:221] parsePacket(): could not receive data: 9
[ 17580][E][WiFiUdp.cpp:221] parsePacket(): could not receive data: 9
[ 17585][E][WiFiUdp.cpp:221] parsePacket(): could not receive data: 9
[ 17590][E][WiFiUdp.cpp:221] parsePacket(): could not receive data: 9
[ 17595][E][WiFiUdp.cpp:221] parsePacket(): could not receive data: 9
[ 17600][E][WiFiUdp.cpp:221] parsePacket(): could not receive data: 9
[ 17605][E][WiFiUdp.cpp:221] parsePacket(): could not receive data: 9
[ 17612][E][WiFiUdp.cpp:221] parsePacket(): could not receive data: 9
[ 17618][E][WiFiUdp.cpp:221] parsePacket(): could not receive data: 9
[ 17624][E][WiFiUdp.cpp:221] parsePacket(): could not receive data: 9
[ 17630][E][WiFiUdp.cpp:221] parsePacket(): could not receive data: 9
[ 17637][E][WiFiUdp.cpp:221] parsePacket(): could not receive data: 9
[ 17643][E][WiFiUdp.cpp:221] parsePacket(): could not receive data: 9
[ 17649][E][WiFiUdp.cpp:221] parsePacket(): could not receive data: 9
[ 17655][E][WiFiUdp.cpp:221] parsePacket(): could not receive data: 9
[ 17661][E][WiFiUdp.cpp:221] parsePacket(): could not receive data: 9
[ 17667][E][WiFiUdp.cpp:221] parsePacket(): could not receive data: 9
[ 17673][E][WiFiUdp.cpp:221] parsePacket(): could not receive data: 9
[ 17679][E][WiFiUdp.cpp:221] parsePacket(): could not receive data: 9
[ 17685][E][WiFiUdp.cpp:221] parsePacket(): could not receive data: 9
[ 17692][E][WiFiUdp.cpp:221] parsePacket(): could not receive data: 9
[ 17699][E][WiFiUdp.cpp:221] parsePacket(): could not receive data: 9
[ 17705][E][WiFiUdp.cpp:221] parsePacket(): could not receive data: 9
[ 17711][E][WiFiUdp.cpp:221] parsePacket(): could not receive data: 9
[ 17717][E][WiFiUdp.cpp:221] parsePacket(): could not receive data: 9
[ 17723][E][WiFiUdp.cpp:221] parsePacket(): could not receive data: 9
[ 17729][E][WiFiUdp.cpp:221] parsePacket(): could not receive data: 9
[ 17735][E][WiFiUdp.cpp:221] parsePacket(): could not receive data: 9
[ 17741][E][WiFiUdp.cpp:221] parsePacket(): could not receive data: 9
[ 17747][E][WiFiUdp.cpp:221] parsePacket(): could not receive data: 9
[ 17753][E][WiFiUdp.cpp:221] parsePacket(): could not receive data: 9
[ 17759][E][WiFiUdp.cpp:221] parsePacket(): could not receive data: 9
[ 17765][E][WiFiUdp.cpp:221] parsePacket(): could not receive data: 9
[ 17771][E][WiFiUdp.cpp:221] parsePacket(): could not receive data: 9
[ 17777][E][WiFiUdp.cpp:221] parsePacket(): could not receive data: 9
[ 17783][E][WiFiUdp.cpp:221] parsePacket(): could not receive data: 9
[ 17789][E][WiFiUdp.cpp:221] parsePacket(): could not receive data: 9
[ 17794][E][WiFiUdp.cpp:221] parsePacket(): could not receive data: 9
[ 17799][E][WiFiUdp.cpp:221] parsePacket(): could not receive data: 9
[ 17805][E][WiFiUdp.cpp:221] parsePacket(): could not receive data: 9
[ 17810][E][WiFiUdp.cpp:221] parsePacket(): could not receive data: 9
[ 17816][E][WiFiUdp.cpp:221] parsePacket(): could not receive data: 9
[ 17822][E][WiFiUdp.cpp:221] parsePacket(): could not receive data: 9
[ 17829][E][WiFiUdp.cpp:221] parsePacket(): could not receive data: 9
[ 17835][E][WiFiUdp.cpp:221] parsePacket(): could not receive data: 9
[ 17844][E][WiFiUdp.cpp:221] parsePacket(): could not receive data: 9
[ 17862][E][WiFiUdp.cpp:221] parsePacket(): could not receive data: 9
[ 17875][E][WiFiUdp.cpp:221] parsePacket(): could not receive data: 9
[ 17882][E][WiFiUdp.cpp:221] parsePacket(): could not receive data: 9
[ 17887][E][WiFiUdp.cpp:221] parsePacket(): could not receive data: 9
[ 17892][E][WiFiUdp.cpp:221] parsePacket(): could not receive data: 9
[ 17898][E][WiFiUdp.cpp:221] parsePacket(): could not receive data: 9
[ 17904][E][WiFiUdp.cpp:221] parsePacket(): could not receive data: 9
[ 17910][E][WiFiUdp.cpp:221] parsePacket(): could not receive data: 9
[ 17917][E][WiFiUdp.cpp:221] parsePacket(): could not receive data: 9
[ 17925][E][WiFiUdp.cpp:221] parsePacket(): could not receive data: 9
[ 17932][E][WiFiUdp.cpp:221] parsePacket(): could not receive data: 9
[ 17938][E][WiFiUdp.cpp:221] parsePacket(): could not receive data: 9
[ 17945][E][WiFiUdp.cpp:221] parsePacket(): could not receive data: 9
[ 17951][E][WiFiUdp.cpp:221] parsePacket(): could not receive data: 9
[ 17958][E][WiFiUdp.cpp:221] parsePacket(): could not receive data: 9
[ 17964][E][WiFiUdp.cpp:221] parsePacket(): could not receive data: 9
[ 17973][E][WiFiUdp.cpp:221] parsePacket(): could not receive data: 9
[ 17980][E][WiFiUdp.cpp:221] parsePacket(): could not receive data: 9
[ 17986][E][WiFiUdp.cpp:221] parsePacket(): could not receive data: 9
[ 17992][E][WiFiUdp.cpp:221] parsePacket(): could not receive data: 9
[ 17998][E][WiFiUdp.cpp:221] parsePacket(): could not receive data: 9
[ 18004][E][WiFiUdp.cpp:221] parsePacket(): could not receive data: 9
[ 18010][E][WiFiUdp.cpp:221] parsePacket(): could not receive data: 9
[ 18016][E][WiFiUdp.cpp:221] parsePacket(): could not receive data: 9
[ 18022][E][WiFiUdp.cpp:221] parsePacket(): could not receive data: 9
[ 18028][E][WiFiUdp.cpp:221] parsePacket(): could not receive data: 9
[ 18034][E][WiFiUdp.cpp:221] parsePacket(): could not receive data: 9
[ 18041][E][WiFiUdp.cpp:221] parsePacket(): could not receive data: 9
[ 18048][E][WiFiUdp.cpp:221] parsePacket(): could not receive data: 9
[ 18055][E][WiFiUdp.cpp:221] parsePacket(): could not receive data: 9
[ 18062][E][WiFiUdp.cpp:221] parsePacket(): could not receive data: 9
[ 18068][E][WiFiUdp.cpp:221] parsePacket(): could not receive data: 9
[ 18074][E][WiFiUdp.cpp:221] parsePacket(): could not receive data: 9
[ 18080][E][WiFiUdp.cpp:221] parsePacket(): could not receive data: 9
[ 18086][E][WiFiUdp.cpp:221] parsePacket(): could not receive data: 9
[ 18091][E][WiFiUdp.cpp:221] parsePacket(): could not receive data: 9
[ 18097][E][WiFiUdp.cpp:221] parsePacket(): could not receive data: 9
[ 18104][E][WiFiUdp.cpp:221] parsePacket(): could not receive data: 9
[ 18110][E][WiFiUdp.cpp:221] parsePacket(): could not receive data: 9
[ 18116][E][WiFiUdp.cpp:221] parsePacket(): could not receive data: 9
[ 18122][E][WiFiUdp.cpp:221] parsePacket(): could not receive data: 9
[ 18127][E][WiFiUdp.cpp:221] parsePacket(): could not receive data: 9
[ 18134][E][WiFiUdp.cpp:221] parsePacket(): could not receive data: 9
[ 18141][E][WiFiUdp.cpp:221] parsePacket(): could not receive data: 9
[ 18149][E][WiFiUdp.cpp:221] parsePacket(): could not receive data: 9
[ 18156][E][WiFiUdp.cpp:221] parsePacket(): could not receive data: 9
[ 18164][E][WiFiUdp.cpp:221] parsePacket(): could not receive data: 9
[ 18172][E][WiFiUdp.cpp:221] parsePacket(): could not receive data: 9
[ 18180][E][WiFiUdp.cpp:221] parsePacket(): could not receive data: 9
[ 18186][E][WiFiUdp.cpp:221] parsePacket(): could not receive data: 9
[ 18192][E][WiFiUdp.cpp:221] parsePacket(): could not receive data: 9
[ 18198][E][WiFiUdp.cpp:221] parsePacket(): could not receive data: 9
[ 18204][E][WiFiUdp.cpp:221] parsePacket(): could not receive data: 9
[ 18210][E][WiFiUdp.cpp:221] parsePacket(): could not receive data: 9
[ 18216][E][WiFiUdp.cpp:221] parsePacket(): could not receive data: 9
[ 18222][E][WiFiUdp.cpp:221] parsePacket(): could not receive data: 9
[ 18229][E][WiFiUdp.cpp:221] parsePacket(): could not receive data: 9
[ 18235][E][WiFiUdp.cpp:221] parsePacket(): could not receive data: 9
[ 18241][E][WiFiUdp.cpp:221] parsePacket(): could not receive data: 9
[ 18247][E][WiFiUdp.cpp:221] parsePacket(): could not receive data: 9
[ 18253][E][WiFiUdp.cpp:221] parsePacket(): could not receive data: 9
[ 18259][E][WiFiUdp.cpp:221] parsePacket(): could not receive data: 9
[ 18265][E][WiFiUdp.cpp:221] parsePacket(): could not receive data: 9
[ 18272][E][WiFiUdp.cpp:221] parsePacket(): could not receive data: 9
[ 18279][E][WiFiUdp.cpp:221] parsePacket(): could not receive data: 9
[ 18285][E][WiFiUdp.cpp:221] parsePacket(): could not receive data: 9
[ 18291][E][WiFiUdp.cpp:221] parsePacket(): could not receive data: 9
[ 18298][E][WiFiUdp.cpp:221] parsePacket(): could not receive data: 9
[ 18304][E][WiFiUdp.cpp:221] parsePacket(): could not receive data: 9
[ 18310][E][WiFiUdp.cpp:221] parsePacket(): could not receive data: 9
[ 18317][E][WiFiUdp.cpp:221] parsePacket(): could not receive data: 9
[ 18323][E][WiFiUdp.cpp:221] parsePacket(): could not receive data: 9
[ 18329][E][WiFiUdp.cpp:221] parsePacket(): could not receive data: 9
[ 18335][E][WiFiUdp.cpp:221] parsePacket(): could not receive data: 9
[ 18340][E][WiFiUdp.cpp:221] parsePacket(): could not receive data: 9
[ 18346][E][WiFiUdp.cpp:221] parsePacket(): could not receive data: 9
[ 18353][E][WiFiUdp.cpp:221] parsePacket(): could not receive data: 9
[ 18359][E][WiFiUdp.cpp:221] parsePacket(): could not receive data: 9
[ 18365][E][WiFiUdp.cpp:221] parsePacket(): could not receive data: 9
[ 18371][E][WiFiUdp.cpp:221] parsePacket(): could not receive data: 9
[ 18377][E][WiFiUdp.cpp:221] parsePacket(): could not receive data: 9
[ 18383][E][WiFiUdp.cpp:221] parsePacket(): could not receive data: 9
[ 18390][E][WiFiUdp.cpp:221] parsePacket(): could not receive data: 9
[ 18396][E][WiFiUdp.cpp:221] parsePacket(): could not receive data: 9
[ 18402][E][WiFiUdp.cpp:221] parsePacket(): could not receive data: 9
[ 18409][E][WiFiUdp.cpp:221] parsePacket(): could not receive data: 9
[ 18417][E][WiFiUdp.cpp:221] parsePacket(): could not receive data: 9
[ 18422][E][WiFiUdp.cpp:221] parsePacket(): could not receive data: 9
[ 18428][E][WiFiUdp.cpp:221] parsePacket(): could not receive data: 9
[ 18434][E][WiFiUdp.cpp:221] parsePacket(): could not receive data: 9
[ 18440][E][WiFiUdp.cpp:221] parsePacket(): could not receive data: 9
[ 18445][E][WiFiUdp.cpp:221] parsePacket(): could not receive data: 9
[ 18450][E][WiFiUdp.cpp:221] parsePacket(): could not receive data: 9
[ 18455][E][WiFiUdp.cpp:221] parsePacket(): could not receive data: 9
[ 18460][E][WiFiUdp.cpp:221] parsePacket(): could not receive data: 9
[ 18466][E][WiFiUdp.cpp:221] parsePacket(): could not receive data: 9
[ 18472][E][WiFiUdp.cpp:221] parsePacket(): could not receive data: 9
[ 18477][E][WiFiUdp.cpp:221] parsePacket(): could not receive data: 9
[ 18483][E][WiFiUdp.cpp:221] parsePacket(): could not receive data: 9
[ 18489][E][WiFiUdp.cpp:221] parsePacket(): could not receive data: 9
[ 18494][E][WiFiUdp.cpp:221] parsePacket(): could not receive data: 9
[ 18500][E][WiFiUdp.cpp:221] parsePacket(): could not receive data: 9
[ 18506][E][WiFiUdp.cpp:221] parsePacket(): could not receive data: 9
[ 18513][E][WiFiUdp.cpp:221] parsePacket(): could not receive data: 9
[ 18520][E][WiFiUdp.cpp:221] parsePacket(): could not receive data: 9
[ 18526][E][WiFiUdp.cpp:221] parsePacket(): could not receive data: 9
[ 18533][E][WiFiUdp.cpp:221] parsePacket(): could not receive data: 9
[ 18538][E][WiFiUdp.cpp:221] parsePacket(): could not receive data: 9
[ 18544][E][WiFiUdp.cpp:221] parsePacket(): could not receive data: 9
[ 18550][E][WiFiUdp.cpp:221] parsePacket(): could not receive data: 9
[ 18556][E][WiFiUdp.cpp:221] parsePacket(): could not receive data: 9
[ 18562][E][WiFiUdp.cpp:221] parsePacket(): could not receive data: 9
[ 18569][E][WiFiUdp.cpp:221] parsePacket(): could not receive data: 9
[ 18576][E][WiFiUdp.cpp:221] parsePacket(): could not receive data: 9
[ 18583][E][WiFiUdp.cpp:221] parsePacket(): could not receive data: 9
[ 18589][E][WiFiUdp.cpp:221] parsePacket(): could not receive data: 9
[ 18595][E][WiFiUdp.cpp:221] parsePacket(): could not receive data: 9
[ 18602][E][WiFiUdp.cpp:221] parsePacket(): could not receive data: 9
[ 18609][E][WiFiUdp.cpp:221] parsePacket(): could not receive data: 9
[ 18615][E][WiFiUdp.cpp:221] parsePacket(): could not receive data: 9
[ 18621][E][WiFiUdp.cpp:221] parsePacket(): could not receive data: 9
[ 18627][E][WiFiUdp.cpp:221] parsePacket(): could not receive data: 9
[ 18633][E][WiFiUdp.cpp:221] parsePacket(): could not receive data: 9
[ 18639][E][WiFiUdp.cpp:221] parsePacket(): could not receive data: 9
[ 18645][E][WiFiUdp.cpp:221] parsePacket(): could not receive data: 9
[ 18651][E][WiFiUdp.cpp:221] parsePacket(): could not receive data: 9
[ 18657][E][WiFiUdp.cpp:221] parsePacket(): could not receive data: 9
[ 18663][E][WiFiUdp.cpp:221] parsePacket(): could not receive data: 9
[ 18669][E][WiFiUdp.cpp:221] parsePacket(): could not receive data: 9
[ 18675][E][WiFiUdp.cpp:221] parsePacket(): could not receive data: 9
[ 18681][E][WiFiUdp.cpp:221] parsePacket(): could not receive data: 9
[ 18687][E][WiFiUdp.cpp:221] parsePacket(): could not receive data: 9
[ 18693][E][WiFiUdp.cpp:221] parsePacket(): could not receive data: 9
[ 18698][E][WiFiUdp.cpp:221] parsePacket(): could not receive data: 9
[ 18704][E][WiFiUdp.cpp:221] parsePacket(): could not receive data: 9
[ 18710][E][WiFiUdp.cpp:221] parsePacket(): could not receive data: 9
[ 18715][E][WiFiUdp.cpp:221] parsePacket(): could not receive data: 9
[ 18721][E][WiFiUdp.cpp:221] parsePacket(): could not receive data: 9
[ 18727][E][WiFiUdp.cpp:221] parsePacket(): could not receive data: 9
[ 18733][E][WiFiUdp.cpp:221] parsePacket(): could not receive data: 9
[ 18740][E][WiFiUdp.cpp:221] parsePacket(): could not receive data: 9
[ 18745][E][WiFiUdp.cpp:221] parsePacket(): could not receive data: 9
[ 18750][E][WiFiUdp.cpp:221] parsePacket(): could not receive data: 9
[ 18755][E][WiFiUdp.cpp:221] parsePacket(): could not receive data: 9
[ 18760][E][WiFiUdp.cpp:221] parsePacket(): could not receive data: 9
[ 18766][E][WiFiUdp.cpp:221] parsePacket(): could not receive data: 9
[ 18772][E][WiFiUdp.cpp:221] parsePacket(): could not receive data: 9
[ 18778][E][WiFiUdp.cpp:221] parsePacket(): could not receive data: 9
[ 18785][E][WiFiUdp.cpp:221] parsePacket(): could not receive data: 9
[ 18791][E][WiFiUdp.cpp:221] parsePacket(): could not receive data: 9
[ 18797][E][WiFiUdp.cpp:221] parsePacket(): could not receive data: 9
[ 18805][E][WiFiUdp.cpp:221] parsePacket(): could not receive data: 9
[ 18813][E][WiFiUdp.cpp:221] parsePacket(): could not receive data: 9
[ 18820][E][WiFiUdp.cpp:221] parsePacket(): could not receive data: 9
[ 18826][E][WiFiUdp.cpp:221] parsePacket(): could not receive data: 9
[ 18832][E][WiFiUdp.cpp:221] parsePacket(): could not receive data: 9
[ 18839][E][WiFiUdp.cpp:221] parsePacket(): could not receive data: 9
[ 18845][E][WiFiUdp.cpp:221] parsePacket(): could not receive data: 9
[ 18851][E][WiFiUdp.cpp:221] parsePacket(): could not receive data: 9
[ 18857][E][WiFiUdp.cpp:221] parsePacket(): could not receive data: 9
[ 18863][E][WiFiUdp.cpp:221] parsePacket(): could not receive data: 9
[ 18869][E][WiFiUdp.cpp:221] parsePacket(): could not receive data: 9
[ 18876][E][WiFiUdp.cpp:221] parsePacket(): could not receive data: 9
[ 18882][E][WiFiUdp.cpp:221] parsePacket(): could not receive data: 9
[ 18888][E][WiFiUdp.cpp:221] parsePacket(): could not receive data: 9
[ 18895][E][WiFiUdp.cpp:221] parsePacket(): could not receive data: 9
[ 18901][E][WiFiUdp.cpp:221] parsePacket(): could not receive data: 9
[ 18907][E][WiFiUdp.cpp:221] parsePacket(): could not receive data: 9
[ 18913][E][WiFiUdp.cpp:221] parsePacket(): could not receive data: 9
[ 18919][E][WiFiUdp.cpp:221] parsePacket(): could not receive data: 9
[ 18928][E][WiFiUdp.cpp:221] parsePacket(): could not receive data: 9
[ 18936][E][WiFiUdp.cpp:221] parsePacket(): could not receive data: 9
[ 18943][E][WiFiUdp.cpp:221] parsePacket(): could not receive data: 9
[ 18950][E][WiFiUdp.cpp:221] parsePacket(): could not receive data: 9
[ 18957][E][WiFiUdp.cpp:221] parsePacket(): could not receive data: 9
[ 18963][E][WiFiUdp.cpp:221] parsePacket(): could not receive data: 9
[ 18969][E][WiFiUdp.cpp:221] parsePacket(): could not receive data: 9
[ 18975][E][WiFiUdp.cpp:221] parsePacket(): could not receive data: 9
[ 18981][E][WiFiUdp.cpp:221] parsePacket(): could not receive data: 9
[ 18987][E][WiFiUdp.cpp:221] parsePacket(): could not receive data: 9
[ 18993][E][WiFiUdp.cpp:221] parsePacket(): could not receive data: 9
[ 18999][E][WiFiUdp.cpp:221] parsePacket(): could not receive data: 9
[ 19005][E][WiFiUdp.cpp:221] parsePacket(): could not receive data: 9
[ 19011][E][WiFiUdp.cpp:221] parsePacket(): could not receive data: 9
[ 19017][E][WiFiUdp.cpp:221] parsePacket(): could not receive data: 9
[ 19023][E][WiFiUdp.cpp:221] parsePacket(): could not receive data: 9
[ 19030][E][WiFiUdp.cpp:221] parsePacket(): could not receive data: 9
[ 19036][E][WiFiUdp.cpp:221] parsePacket(): could not receive data: 9
[ 19042][E][WiFiUdp.cpp:221] parsePacket(): could not receive data: 9
[ 19048][E][WiFiUdp.cpp:221] parsePacket(): could not receive data: 9
[ 19053][E][WiFiUdp.cpp:221] parsePacket(): could not receive data: 9
[ 19060][E][WiFiUdp.cpp:221] parsePacket(): could not receive data: 9
[ 19066][E][WiFiUdp.cpp:221] parsePacket(): could not receive data: 9
[ 19072][E][WiFiUdp.cpp:221] parsePacket(): could not receive data: 9
[ 19078][E][WiFiUdp.cpp:221] parsePacket(): could not receive data: 9
[ 19084][E][WiFiUdp.cpp:221] parsePacket(): could not receive data: 9
[ 19091][E][WiFiUdp.cpp:221] parsePacket(): could not receive data: 9
[ 19096][E][WiFiUdp.cpp:221] parsePacket(): could not receive data: 9
[ 19102][E][WiFiUdp.cpp:221] parsePacket(): could not receive data: 9
[ 19107][E][WiFiUdp.cpp:221] parsePacket(): could not receive data: 9
[ 19114][E][WiFiUdp.cpp:221] parsePacket(): could not receive data: 9
[ 19120][E][WiFiUdp.cpp:221] parsePacket(): could not receive data: 9
[ 19126][E][WiFiUdp.cpp:221] parsePacket(): could not receive data: 9
[ 19132][E][WiFiUdp.cpp:221] parsePacket(): could not receive data: 9
[ 19139][E][WiFiUdp.cpp:221] parsePacket(): could not receive data: 9
[ 19146][E][WiFiUdp.cpp:221] parsePacket(): could not receive data: 9
[ 19153][E][WiFiUdp.cpp:221] parsePacket(): could not receive data: 9
[ 19160][E][WiFiUdp.cpp:221] parsePacket(): could not receive data: 9
[ 19166][E][WiFiUdp.cpp:221] parsePacket(): could not receive data: 9
[ 19173][E][WiFiUdp.cpp:221] parsePacket(): could not receive data: 9
[ 19179][E][WiFiUdp.cpp:221] parsePacket(): could not receive data: 9
[ 19186][E][WiFiUdp.cpp:221] parsePacket(): could not receive data: 9
[ 19193][E][WiFiUdp.cpp:221] parsePacket(): could not receive data: 9
[ 19199][E][WiFiUdp.cpp:221] parsePacket(): could not receive data: 9
[ 19205][E][WiFiUdp.cpp:221] parsePacket(): could not receive data: 9
[ 19211][E][WiFiUdp.cpp:221] parsePacket(): could not receive data: 9
[ 19217][E][WiFiUdp.cpp:221] parsePacket(): could not receive data: 9
[ 19223][E][WiFiUdp.cpp:221] parsePacket(): could not receive data: 9
[ 19229][E][WiFiUdp.cpp:221] parsePacket(): could not receive data: 9
[ 19236][E][WiFiUdp.cpp:221] parsePacket(): could not receive data: 9
[ 19243][E][WiFiUdp.cpp:221] parsePacket(): could not receive data: 9
[ 19249][E][WiFiUdp.cpp:221] parsePacket(): could not receive data: 9
[ 19255][E][WiFiUdp.cpp:221] parsePacket(): could not receive data: 9
[ 19261][E][WiFiUdp.cpp:221] parsePacket(): could not receive data: 9
[ 19267][E][WiFiUdp.cpp:221] parsePacket(): could not receive data: 9
[ 19273][E][WiFiUdp.cpp:221] parsePacket(): could not receive data: 9
[ 19281][E][WiFiUdp.cpp:221] parsePacket(): could not receive data: 9
[ 19289][E][WiFiUdp.cpp:221] parsePacket(): could not receive data: 9
[ 19295][E][WiFiUdp.cpp:221] parsePacket(): could not receive data: 9
[ 19302][E][WiFiUdp.cpp:221] parsePacket(): could not receive data: 9
[ 19308][E][WiFiUdp.cpp:221] parsePacket(): could not receive data: 9
[ 19315][E][WiFiUdp.cpp:221] parsePacket(): could not receive data: 9
[ 19322][E][WiFiUdp.cpp:221] parsePacket(): could not receive data: 9
[ 19329][E][WiFiUdp.cpp:221] parsePacket(): could not receive data: 9
[ 19336][E][WiFiUdp.cpp:221] parsePacket(): could not receive data: 9
[ 19343][E][WiFiUdp.cpp:221] parsePacket(): could not receive data: 9
[ 19349][E][WiFiUdp.cpp:221] parsePacket(): could not receive data: 9
[ 19355][E][WiFiUdp.cpp:221] parsePacket(): could not receive data: 9
[ 19362][E][WiFiUdp.cpp:221] parsePacket(): could not receive data: 9
[ 19368][E][WiFiUdp.cpp:221] parsePacket(): could not receive data: 9
[ 19374][E][WiFiUdp.cpp:221] parsePacket(): could not receive data: 9
[ 19380][E][WiFiUdp.cpp:221] parsePacket(): could not receive data: 9
[ 19387][E][WiFiUdp.cpp:221] parsePacket(): could not receive data: 9
[ 19394][E][WiFiUdp.cpp:221] parsePacket(): could not receive data: 9
[ 19400][E][WiFiUdp.cpp:221] parsePacket(): could not receive data: 9
[ 19407][E][WiFiUdp.cpp:221] parsePacket(): could not receive data: 9
[ 19414][E][WiFiUdp.cpp:221] parsePacket(): could not receive data: 9
[ 19422][E][WiFiUdp.cpp:221] parsePacket(): could not receive data: 9
[ 19429][E][WiFiUdp.cpp:221] parsePacket(): could not receive data: 9
[ 19436][E][WiFiUdp.cpp:221] parsePacket(): could not receive data: 9
[ 19441][E][WiFiUdp.cpp:221] parsePacket(): could not receive data: 9
[ 19446][E][WiFiUdp.cpp:221] parsePacket(): could not receive data: 9
[ 19451][E][WiFiUdp.cpp:221] parsePacket(): could not receive data: 9
[ 19458][E][WiFiUdp.cpp:221] parsePacket(): could not receive data: 9
[ 19463][E][WiFiUdp.cpp:221] parsePacket(): could not receive data: 9
[ 19468][E][WiFiUdp.cpp:221] parsePacket(): could not receive data: 9
[ 19473][E][WiFiUdp.cpp:221] parsePacket(): could not receive data: 9
[ 19478][E][WiFiUdp.cpp:221] parsePacket(): could not receive data: 9
[ 19483][E][WiFiUdp.cpp:221] parsePacket(): could not receive data: 9
[ 19488][E][WiFiUdp.cpp:221] parsePacket(): could not receive data: 9
[ 19493][E][WiFiUdp.cpp:221] parsePacket(): could not receive data: 9
[ 19499][E][WiFiUdp.cpp:221] parsePacket(): could not receive data: 9
[ 19506][E][WiFiUdp.cpp:221] parsePacket(): could not receive data: 9
[ 19512][E][WiFiUdp.cpp:221] parsePacket(): could not receive data: 9
[ 19518][E][WiFiUdp.cpp:221] parsePacket(): could not receive data: 9
[ 19525][E][WiFiUdp.cpp:221] parsePacket(): could not receive data: 9
[ 19532][E][WiFiUdp.cpp:221] parsePacket(): could not receive data: 9
[ 19541][E][WiFiUdp.cpp:221] parsePacket(): could not receive data: 9
[ 19549][E][WiFiUdp.cpp:221] parsePacket(): could not receive data: 9
[ 19557][E][WiFiUdp.cpp:221] parsePacket(): could not receive data: 9
[ 19564][E][WiFiUdp.cpp:221] parsePacket(): could not receive data: 9
[ 19570][E][WiFiUdp.cpp:221] parsePacket(): could not receive data: 9
[ 19575][E][WiFiUdp.cpp:221] parsePacket(): could not receive data: 9
[ 19581][E][WiFiUdp.cpp:221] parsePacket(): could not receive data: 9
[ 19588][E][WiFiUdp.cpp:221] parsePacket(): could not receive data: 9
[ 19596][E][WiFiUdp.cpp:221] parsePacket(): could not receive data: 9
[ 19604][E][WiFiUdp.cpp:221] parsePacket(): could not receive data: 9
[ 19611][E][WiFiUdp.cpp:221] parsePacket(): could not receive data: 9
[ 19617][E][WiFiUdp.cpp:221] parsePacket(): could not receive data: 9
[ 19623][E][WiFiUdp.cpp:221] parsePacket(): could not receive data: 9
[ 19630][E][WiFiUdp.cpp:221] parsePacket(): could not receive data: 9
[ 19637][E][WiFiUdp.cpp:221] parsePacket(): could not receive data: 9
[ 19644][E][WiFiUdp.cpp:221] parsePacket(): could not receive data: 9
[ 19650][E][WiFiUdp.cpp:221] parsePacket(): could not receive data: 9
[ 19656][E][WiFiUdp.cpp:221] parsePacket(): could not receive data: 9
[ 19662][E][WiFiUdp.cpp:221] parsePacket(): could not receive data: 9
[ 19668][E][WiFiUdp.cpp:221] parsePacket(): could not receive data: 9
[ 19674][E][WiFiUdp.cpp:221] parsePacket(): could not receive data: 9
[ 19680][E][WiFiUdp.cpp:221] parsePacket(): could not receive data: 9
[ 19687][E][WiFiUdp.cpp:221] parsePacket(): could not receive data: 9
[ 19693][E][WiFiUdp.cpp:221] parsePacket(): could not receive data: 9
[ 19699][E][WiFiUdp.cpp:221] parsePacket(): could not receive data: 9
[ 19705][E][WiFiUdp.cpp:221] parsePacket(): could not receive data: 9
[ 19711][E][WiFiUdp.cpp:221] parsePacket(): could not receive data: 9
[ 19719][E][WiFiUdp.cpp:221] parsePacket(): could not receive data: 9
[ 19725][E][WiFiUdp.cpp:221] parsePacket(): could not receive data: 9
[ 19731][E][WiFiUdp.cpp:221] parsePacket(): could not receive data: 9
[ 19737][E][WiFiUdp.cpp:221] parsePacket(): could not receive data: 9
[ 19743][E][WiFiUdp.cpp:221] parsePacket(): could not receive data: 9
[ 19750][E][WiFiUdp.cpp:221] parsePacket(): could not receive data: 9
[ 19756][E][WiFiUdp.cpp:221] parsePacket(): could not receive data: 9
[ 19762][E][WiFiUdp.cpp:221] parsePacket(): could not receive data: 9
[ 19771][E][WiFiUdp.cpp:221] parsePacket(): could not receive data: 9
[ 19778][E][WiFiUdp.cpp:221] parsePacket(): could not receive data: 9
[ 19784][E][WiFiUdp.cpp:221] parsePacket(): could not receive data: 9
[ 19790][E][WiFiUdp.cpp:221] parsePacket(): could not receive data: 9
[ 19799][E][WiFiUdp.cpp:221] parsePacket(): could not receive data: 9
[ 19807][E][WiFiUdp.cpp:221] parsePacket(): could not receive data: 9
[ 19814][E][WiFiUdp.cpp:221] parsePacket(): could not receive data: 9
[ 19821][E][WiFiUdp.cpp:221] parsePacket(): could not receive data: 9
[ 19827][E][WiFiUdp.cpp:221] parsePacket(): could not receive data: 9
[ 19834][E][WiFiUdp.cpp:221] parsePacket(): could not receive data: 9
[ 19842][E][WiFiUdp.cpp:221] parsePacket(): could not receive data: 9
[ 19851][E][WiFiUdp.cpp:221] parsePacket(): could not receive data: 9
[ 19859][E][WiFiUdp.cpp:221] parsePacket(): could not receive data: 9
[ 19867][E][WiFiUdp.cpp:221] parsePacket(): could not receive data: 9
[ 19874][E][WiFiUdp.cpp:221] parsePacket(): could not receive data: 9
[ 19879][E][WiFiUdp.cpp:221] parsePacket(): could not receive data: 9
[ 19886][E][WiFiUdp.cpp:221] parsePacket(): could not receive data: 9
[ 19892][E][WiFiUdp.cpp:221] parsePacket(): could not receive data: 9
[ 19898][E][WiFiUdp.cpp:221] parsePacket(): could not receive data: 9
[ 19904][E][WiFiUdp.cpp:221] parsePacket(): could not receive data: 9
[ 19910][E][WiFiUdp.cpp:221] parsePacket(): could not receive data: 9
[ 19917][E][WiFiUdp.cpp:221] parsePacket(): could not receive data: 9
[ 19924][E][WiFiUdp.cpp:221] parsePacket(): could not receive data: 9
[ 19931][E][WiFiUdp.cpp:221] parsePacket(): could not receive data: 9
[ 19937][E][WiFiUdp.cpp:221] parsePacket(): could not receive data: 9
[ 19943][E][WiFiUdp.cpp:221] parsePacket(): could not receive data: 9
[ 19949][E][WiFiUdp.cpp:221] parsePacket(): could not receive data: 9
[ 19956][E][WiFiUdp.cpp:221] parsePacket(): could not receive data: 9
[ 19962][E][WiFiUdp.cpp:221] parsePacket(): could not receive data: 9
[ 19968][E][WiFiUdp.cpp:221] parsePacket(): could not receive data: 9
[ 19974][E][WiFiUdp.cpp:221] parsePacket(): could not receive data: 9
[ 19980][E][WiFiUdp.cpp:221] parsePacket(): could not receive data: 9
[ 19986][E][WiFiUdp.cpp:221] parsePacket(): could not receive data: 9
[ 19992][E][WiFiUdp.cpp:221] parsePacket(): could not receive data: 9
[ 19998][E][WiFiUdp.cpp:221] parsePacket(): could not receive data: 9
[ 20004][E][WiFiUdp.cpp:221] parsePacket(): could not receive data: 9
[ 20010][E][WiFiUdp.cpp:221] parsePacket(): could not receive data: 9
[ 20016][E][WiFiUdp.cpp:221] parsePacket(): could not receive data: 9
[ 20022][E][WiFiUdp.cpp:221] parsePacket(): could not receive data: 9
[ 20029][E][WiFiUdp.cpp:221] parsePacket(): could not receive data: 9
[ 20035][E][WiFiUdp.cpp:221] parsePacket(): could not receive data: 9
[ 20041][E][WiFiUdp.cpp:221] parsePacket(): could not receive data: 9
[ 20046][E][WiFiUdp.cpp:221] parsePacket(): could not receive data: 9
[ 20052][E][WiFiUdp.cpp:221] parsePacket(): could not receive data: 9
[ 20057][E][WiFiUdp.cpp:221] parsePacket(): could not receive data: 9
[ 20063][E][WiFiUdp.cpp:221] parsePacket(): could not receive data: 9
[ 20069][E][WiFiUdp.cpp:221] parsePacket(): could not receive data: 9
[ 20075][E][WiFiUdp.cpp:221] parsePacket(): could not receive data: 9
[ 20080][E][WiFiUdp.cpp:221] parsePacket(): could not receive data: 9
[ 20085][E][WiFiUdp.cpp:221] parsePacket(): could not receive data: 9
[ 20090][E][WiFiUdp.cpp:221] parsePacket(): could not receive data: 9
[ 20095][E][WiFiUdp.cpp:221] parsePacket(): could not receive data: 9
[ 20100][E][WiFiUdp.cpp:221] parsePacket(): could not receive data: 9
[ 20105][E][WiFiUdp.cpp:221] parsePacket(): could not receive data: 9
[ 20110][E][WiFiUdp.cpp:221] parsePacket(): could not receive data: 9
[ 20115][E][WiFiUdp.cpp:221] parsePacket(): could not receive data: 9
[ 20121][E][WiFiUdp.cpp:221] parsePacket(): could not receive data: 9
[ 20127][E][WiFiUdp.cpp:221] parsePacket(): could not receive data: 9
[ 20134][E][WiFiUdp.cpp:221] parsePacket(): could not receive data: 9
[ 20139][E][WiFiUdp.cpp:221] parsePacket(): could not receive data: 9
[ 20144][E][WiFiUdp.cpp:221] parsePacket(): could not receive data: 9
[ 20150][E][WiFiUdp.cpp:221] parsePacket(): could not receive data: 9
[ 20156][E][WiFiUdp.cpp:221] parsePacket(): could not receive data: 9
[ 20162][E][WiFiUdp.cpp:221] parsePacket(): could not receive data: 9
[ 20168][E][WiFiUdp.cpp:221] parsePacket(): could not receive data: 9
[ 20174][E][WiFiUdp.cpp:221] parsePacket(): could not receive data: 9
[ 20180][E][WiFiUdp.cpp:221] parsePacket(): could not receive data: 9
[ 20185][E][WiFiUdp.cpp:221] parsePacket(): could not receive data: 9
[ 20190][E][WiFiUdp.cpp:221] parsePacket(): could not receive data: 9
[ 20196][E][WiFiUdp.cpp:221] parsePacket(): could not receive data: 9
[ 20203][E][WiFiUdp.cpp:221] parsePacket(): could not receive data: 9
[ 20209][E][WiFiUdp.cpp:221] parsePacket(): could not receive data: 9
[ 20216][E][WiFiUdp.cpp:221] parsePacket(): could not receive data: 9
[ 20223][E][WiFiUdp.cpp:221] parsePacket(): could not receive data: 9
[ 20229][E][WiFiUdp.cpp:221] parsePacket(): could not receive data: 9
[ 20235][E][WiFiUdp.cpp:221] parsePacket(): could not receive data: 9
[ 20242][E][WiFiUdp.cpp:221] parsePacket(): could not receive data: 9
[ 20249][E][WiFiUdp.cpp:221] parsePacket(): could not receive data: 9
[ 20256][E][WiFiUdp.cpp:221] parsePacket(): could not receive data: 9
[ 20262][E][WiFiUdp.cpp:221] parsePacket(): could not receive data: 9
[ 20268][E][WiFiUdp.cpp:221] parsePacket(): could not receive data: 9
[ 20275][E][WiFiUdp.cpp:221] parsePacket(): could not receive data: 9
[ 20283][E][WiFiUdp.cpp:221] parsePacket(): could not receive data: 9
[ 20290][E][WiFiUdp.cpp:221] parsePacket(): could not receive data: 9
[ 20296][E][WiFiUdp.cpp:221] parsePacket(): could not receive data: 9
[ 20303][E][WiFiUdp.cpp:221] parsePacket(): could not receive data: 9
[ 20309][E][WiFiUdp.cpp:221] parsePacket(): could not receive data: 9
[ 20315][E][WiFiUdp.cpp:221] parsePacket(): could not receive data: 9
[ 20322][E][WiFiUdp.cpp:221] parsePacket(): could not receive data: 9
[ 20329][E][WiFiUdp.cpp:221] parsePacket(): could not receive data: 9
[ 20336][E][WiFiUdp.cpp:221] parsePacket(): could not receive data: 9
[ 20343][E][WiFiUdp.cpp:221] parsePacket(): could not receive data: 9
[ 20349][E][WiFiUdp.cpp:221] parsePacket(): could not receive data: 9
[ 20355][E][WiFiUdp.cpp:221] parsePacket(): could not receive data: 9
[ 20361][E][WiFiUdp.cpp:221] parsePacket(): could not receive data: 9
[ 20367][E][WiFiUdp.cpp:221] parsePacket(): could not receive data: 9
[ 20375][E][WiFiUdp.cpp:221] parsePacket(): could not receive data: 9
[ 20383][E][WiFiUdp.cpp:221] parsePacket(): could not receive data: 9
[ 20390][E][WiFiUdp.cpp:221] parsePacket(): could not receive data: 9
[ 20397][E][WiFiUdp.cpp:221] parsePacket(): could not receive data: 9
[ 20403][E][WiFiUdp.cpp:221] parsePacket(): could not receive data: 9
[ 20409][E][WiFiUdp.cpp:221] parsePacket(): could not receive data: 9
[ 20416][E][WiFiUdp.cpp:221] parsePacket(): could not receive data: 9
[ 20421][E][WiFiUdp.cpp:221] parsePacket(): could not receive data: 9
[ 20428][E][WiFiUdp.cpp:221] parsePacket(): could not receive data: 9
[ 20434][E][WiFiUdp.cpp:221] parsePacket(): could not receive data: 9
[ 20441][E][WiFiUdp.cpp:221] parsePacket(): could not receive data: 9
[ 20447][E][WiFiUdp.cpp:221] parsePacket(): could not receive data: 9
[ 20453][E][WiFiUdp.cpp:221] parsePacket(): could not receive data: 9
[ 20459][E][WiFiUdp.cpp:221] parsePacket(): could not receive data: 9
[ 20467][E][WiFiUdp.cpp:221] parsePacket(): could not rece