01:21:28 [   12.5] bridge: firmware connected
01:21:28 [   12.5] bridge: HELLO
01:21:28 [   12.5] bridge: CONFIGURE freq 433174988 bw 250000 sf 11 cr 4/6 sync 0x2b pre 8 pwr 17 crc 1 ldro 0
01:24:17 [  181.2] TX seq 1 len 40 ':' id 00000000 ctr 0 hop 0x04 [TE5T-1>*:sites tail probe] hex 3a0000000004544535542d313e2a3a7369746573207461696c2070726f6265002788093923a7747e
01:24:45 [  209.6] TX seq 2 len 36 ':' id 00000001 ctr 1 hop 0x04 [TE5T-1>*:sites text 1] hex 3a0100000004544535542d313e2a3a736974657320746578742031002788076e23a7747e
01:24:59 [  223.6] TX seq 3 len 40 ':' id 00000000 ctr 0 hop 0x04 [TE5T-1>*:sites tail probe] hex 3a0000000004544535542d313e2a3a7369746573207461696c2070726f6265002788093923a7747e
01:25:05 [  229.8] TX seq 4 len 58 '!' id 00000002 ctr 2 hop 0x42 [TE5T-1>*!4800.13N/01200.00E#/B=085/A=001772] hex 210200000042544535542d313e2a21343830302e31334e2f30313230302e303045232f423d3038352f413d3030313737320027880a0a23a7747e
01:25:22 [  246.6] TX seq 5 len 37 ':' id 00000003 ctr 3 hop 0x04 [TE5T-1>DL1PEE-1:{ping}] hex 3a0300000004544535542d313e444c315045452d313a7b70696e677d002788078723a7747e
01:25:34 [  258.6] TX seq 6 len 36 ':' id 00000001 ctr 1 hop 0x04 [TE5T-1>*:sites text 1] hex 3a0100000004544535542d313e2a3a736974657320746578742031002788076e23a7747e
01:25:48 [  272.7] TX seq 7 len 40 ':' id 00000000 ctr 0 hop 0x04 [TE5T-1>*:sites tail probe] hex 3a0000000004544535542d313e2a3a7369746573207461696c2070726f6265002788093923a7747e
01:25:53 [  277.1] TX seq 8 len 37 ':' id 00000004 ctr 4 hop 0x04 [TE5T-1>DL1PEE-1:{ping}] hex 3a0400000004544535542d313e444c315045452d313a7b70696e677d002788078823a7747e
01:26:14 [  298.1] RX-INJECT len 37 ':' id 6A53D7E7 ctr 999 hop 0x02 [DL1PEE-1>TE5T-1:{ping}] hex 3ae7d7536a02444c315045452d313e544535542d313a7b70696e677d00278809fd23a7747e
01:26:17 [  301.0] TX seq 9 len 49 ':' id 00000005 ctr 5 hop 0x04 [TE5T-1>DL1PEE-1:{pong}{1783879655}] hex 3a0500000004544535542d313e444c315045452d313a7b706f6e677d7b313738333837393635357d0027880aa223a7747e
01:26:21 [  305.2] TX seq 10 len 36 ':' id 00000001 ctr 1 hop 0x04 [TE5T-1>*:sites text 1] hex 3a0100000004544535542d313e2a3a736974657320746578742031002788076e23a7747e
01:26:34 [  318.4] RX-INJECT len 43 ':' id 75CD4A47 ctr 583 hop 0x02 [DL1PEE-1>TE5T-1:sites dm{485] hex 3a474acd7502444c315045452d313e544535542d313a736974657320646d7b3438350027880ae423a7747e
01:26:37 [  321.4] TX seq 11 len 47 ':' id 00000006 ctr 6 hop 0x04 [TE5T-1>DL1PEE-1:DL1PEE-1 :ack485] hex 3a0600000004544535542d313e444c315045452d313a444c315045452d31203a61636b343835002788090723a7747e
01:26:37 [  321.6] TX seq 12 len 40 ':' id 00000000 ctr 0 hop 0x04 [TE5T-1>*:sites tail probe] hex 3a0000000004544535542d313e2a3a7369746573207461696c2070726f6265002788093923a7747e
01:27:02 [  346.3] TX seq 13 len 27 '@' id 00000007 ctr 7 hop 0x04 [TE5T-1>H@R1;] hex 400700000004544535542d313e484052313b00278803fe23a7747e
01:27:10 [  354.3] TX seq 14 len 36 ':' id 00000001 ctr 1 hop 0x04 [TE5T-1>*:sites text 1] hex 3a0100000004544535542d313e2a3a736974657320746578742031002788076e23a7747e
01:27:29 [  373.1] bridge: firmware disconnected
