01:21:16 [    0.0] image ../flash-base-instr.bin sha256 925bd135b1b150d5254d822ff9d1f5cf2166375230ae41c42e9ca542a333b781
01:21:16 [    0.0] sites ['message', 'position', 'ping', 'pong', 'ack', 'hey', 'injpos', 'apppos']; ports console 22341 bridge 22342 kiss 22343; load (2.63916015625, 6.4365234375, 12.6982421875)
01:21:34 [   18.1] console up after 18 s
01:21:47 [   31.3] bridge operational: True
01:21:49 [   33.7] GPS fix in RAM: 48.0 ; NVS {'node_lat': '48.0', 'node_msgid': '0'}
01:24:14 [  178.7] boot TX so far: 
01:24:32 [  196.9] frame tail from own TX: ((39, 136, 35, 167, 116), 4)
01:24:32 [  196.9] SITE message
01:24:53 [  217.7]   message: {"site": "message", "trigger": "console '::sites text N' (sendMessage)", "lat_set": 48.0011, "nvs_before": {"node_lat": "48.0", "node_msgid": "1"}, "nvs_after": {"node_lat": "48.0011", "node_msgid": "2"}, "frames": ["':' id 00000001 ctr 1 hop 0x04 [TE5T-1>*:sites text 1]"], "gaps": [[3421, "udp"]], "load": [3.0, 4.8, 10.8], "window_s": 11.7, "ctr_in_frame": 1, "msgid_expected": 2, "a_persisted": true, "flushed": true, "pre_clean": true, "retransmissions": [], "only_frame": true, "max_gap_ms": 3421, "status": "fired"}
01:24:53 [  217.7] SITE position
01:25:14 [  238.1]   position: {"site": "position", "trigger": "console '--sendpos' (sendPosition 0x9999)", "lat_set": 48.0022, "nvs_before": {"node_lat": "48.0011", "node_msgid": "2"}, "nvs_after": {"node_lat": "48.0022", "node_msgid": "3"}, "frames": ["'!' id 00000002 ctr 2 hop 0x42 [TE5T-1>*!4800.13N/01200.00E#/B=085/A=001772]"], "gaps": [[2789, "udp"]], "load": [2.9, 4.6, 10.6], "window_s": 11.1, "ctr_in_frame": 2, "msgid_expected": 3, "a_persisted": true, "flushed": true, "pre_clean": true, "retransmissions": [], "only_frame": true, "max_gap_ms": 2789, "status": "fired"}
01:25:14 [  238.1] SITE ping
01:25:23 [  247.4]   first ping (after --ping start): [PING]...send Ping to DL1PEE-1 <5>
01:26:01 [  285.7]   ping: {"site": "ping", "trigger": "--pingcall/--pingtime 30/--ping start, measuring the 2nd scheduled ping (esp32_main -> sendPing)", "lat_set": 48.0033, "nvs_before": {"node_lat": "48.0022", "node_msgid": "4"}, "nvs_after": {"node_lat": "48.0033", "node_msgid": "5"}, "frames": ["':' id 00000001 ctr 1 hop 0x04 [TE5T-1>*:sites text 1]", "':' id 00000000 ctr 0 hop 0x04 [TE5T-1>*:sites tail probe]", "':' id 00000004 ctr 4 hop 0x04 [TE5T-1>DL1PEE-1:{ping}]"], "gaps": [[3151, "udp"]], "load": [3.2, 4.5, 10.4], "window_s": 29.1, "ctr_in_frame": 4, "msgid_expected": 5, "a_persisted": true, "flushed": true, "pre_clean": true, "retransmissions": ["':' id 00000001 ctr 1 hop 0x04 [TE5T-1>*:sites text 1]", "':' id 00000000 ctr 0 hop 0x04 [TE5T-1>*:sites tail probe]"], "only_frame": true, "max_gap_ms": 3151, "status": "fired"}
01:26:04 [  288.8] SITE pong
01:26:25 [  309.2]   pong: {"site": "pong", "trigger": "bridge RX_PACKET: text DL1PEE-1>TE5T-1 '{ping}' (lora_functions OnRxDone -> SendPong)", "lat_set": 48.0044, "nvs_before": {"node_lat": "48.0033", "node_msgid": "5"}, "nvs_after": {"node_lat": "48.0044", "node_msgid": "6"}, "frames": ["':' id 00000005 ctr 5 hop 0x04 [TE5T-1>DL1PEE-1:{pong}{1783879655}]", "':' id 00000001 ctr 1 hop 0x04 [TE5T-1>*:sites text 1]"], "gaps": [[2942, "udp"]], "load": [3.0, 4.3, 10.1], "window_s": 11.1, "ctr_in_frame": 5, "msgid_expected": 6, "a_persisted": true, "flushed": true, "pre_clean": true, "retransmissions": ["':' id 00000001 ctr 1 hop 0x04 [TE5T-1>*:sites text 1]"], "only_frame": true, "max_gap_ms": 2942, "status": "fired"}
01:26:25 [  309.2] SITE ack
01:26:46 [  330.0]   ack: {"site": "ack", "trigger": "bridge RX_PACKET: DM DL1PEE-1>TE5T-1 'sites dm{485' (OnRxDone -> SendAckMessage)", "lat_set": 48.0055, "nvs_before": {"node_lat": "48.0044", "node_msgid": "6"}, "nvs_after": {"node_lat": "48.0055", "node_msgid": "7"}, "frames": ["':' id 00000006 ctr 6 hop 0x04 [TE5T-1>DL1PEE-1:DL1PEE-1 :ack485]", "':' id 00000000 ctr 0 hop 0x04 [TE5T-1>*:sites tail probe]"], "gaps": [[3049, "display_rx"]], "load": [2.7, 4.2, 9.9], "window_s": 11.6, "ctr_in_frame": 6, "msgid_expected": 7, "a_persisted": true, "flushed": true, "pre_clean": true, "retransmissions": ["':' id 00000000 ctr 0 hop 0x04 [TE5T-1>*:sites tail probe]"], "only_frame": true, "max_gap_ms": 3049, "status": "fired"}
01:26:46 [  330.0] SITE hey
01:27:10 [  354.7]   hey: {"site": "hey", "trigger": "console '--sendhey' (sendHeyShot -> sendHey)", "lat_set": 48.0066, "nvs_before": {"node_lat": "48.0055", "node_msgid": "7"}, "nvs_after": {"node_lat": "48.0066", "node_msgid": "8"}, "frames": ["'@' id 00000007 ctr 7 hop 0x04 [TE5T-1>H@R1;]", "':' id 00000001 ctr 1 hop 0x04 [TE5T-1>*:sites text 1]"], "gaps": [[3670, "udp"]], "load": [2.6, 4.0, 9.7], "window_s": 12.1, "ctr_in_frame": 7, "msgid_expected": 8, "a_persisted": true, "flushed": true, "pre_clean": true, "retransmissions": ["':' id 00000001 ctr 1 hop 0x04 [TE5T-1>*:sites text 1]"], "only_frame": true, "max_gap_ms": 3670, "status": "fired"}
01:27:10 [  354.7] SITE injpos
01:27:29 [  373.1]   injpos: KISS server started line in UART: False; host connect ok, reply b"ConnectionResetError(104, 'Connection reset by peer')"
01:27:29 [  373.1] SITE apppos
01:27:29 [  373.1]   apppos: dead code, skipped
01:27:29 [  373.2] HARD POWER-OFF: NVS after kill {'node_msgid': '8', 'node_lat': '48.0066'}; counter after the last own TX 2
01:27:29 [  373.2] done
