01:54:43 [    0.0] image ../flash-merge-instr.bin sha256 080a3dabebeed4063bdeea1ff19ca609adaf40c9499e905b9699de3577f99fe6
01:54:43 [    0.0] sites ['message', 'position', 'ping', 'pong', 'ack', 'hey', 'injpos', 'apppos']; ports console 22341 bridge 22342 kiss 22343; load (2.61767578125, 4.240234375, 5.61181640625)
01:55:02 [   18.4] console up after 18 s
01:55:11 [   27.8] bridge operational: True
01:55:13 [   30.0] GPS fix in RAM: 48.0 ; NVS {'node_lat': '48.0', 'node_msgid': '0'}
01:57:43 [  180.0] boot TX so far: '!' id 00000000 ctr 0 hop 0x02 [TE5T-1>*!4800.00N/01200.00E#/A=001772]
01:57:43 [  180.0] frame tail from own TX: ((39, 136, 35, 167, 116), 2)
01:57:43 [  180.0] SITE message
01:58:04 [  200.4]   message: {"site": "message", "trigger": "console '::sites text N' (sendMessage)", "lat_set": 48.0011, "nvs_before": {"node_lat": "48.0", "node_msgid": "1"}, "nvs_after": {"node_lat": "48.0", "node_msgid": "2"}, "frames": ["':' id 00000001 ctr 1 hop 0x04 [TE5T-1>*:sites text 1]"], "gaps": [], "load": [3.3, 3.8, 5.2], "window_s": 11.3, "ctr_in_frame": 1, "msgid_expected": 2, "a_persisted": true, "flushed": false, "pre_clean": true, "retransmissions": [], "only_frame": true, "max_gap_ms": 0, "status": "fired"}
01:58:04 [  200.4] SITE position
01:58:24 [  220.9]   position: {"site": "position", "trigger": "console '--sendpos' (sendPosition 0x9999)", "lat_set": 48.0022, "nvs_before": {"node_lat": "48.0", "node_msgid": "2"}, "nvs_after": {"node_lat": "48.0", "node_msgid": "3"}, "frames": ["'!' id 00000002 ctr 2 hop 0x42 [TE5T-1>*!4800.13N/01200.00E#/A=001772]"], "gaps": [], "load": [3.6, 3.8, 5.1], "window_s": 11.2, "ctr_in_frame": 2, "msgid_expected": 3, "a_persisted": true, "flushed": false, "pre_clean": true, "retransmissions": [], "only_frame": true, "max_gap_ms": 0, "status": "fired"}
01:58:24 [  220.9] SITE ping
01:58:34 [  230.2]   first ping (after --ping start): [PING]...send Ping to DL1PEE-1 <5>
01:59:11 [  268.0]   ping: {"site": "ping", "trigger": "--pingcall/--pingtime 30/--ping start, measuring the 2nd scheduled ping (esp32_main -> sendPing)", "lat_set": 48.0033, "nvs_before": {"node_lat": "48.0022", "node_msgid": "4"}, "nvs_after": {"node_lat": "48.0022", "node_msgid": "5"}, "frames": ["':' id 00000004 ctr 4 hop 0x04 [TE5T-1>DL1PEE-1:{ping}]"], "gaps": [], "load": [3.6, 3.8, 5.1], "window_s": 28.5, "ctr_in_frame": 4, "msgid_expected": 5, "a_persisted": true, "flushed": false, "pre_clean": true, "retransmissions": [], "only_frame": true, "max_gap_ms": 0, "status": "fired"}
01:59:14 [  271.1] SITE pong
01:59:35 [  291.9]   pong: {"site": "pong", "trigger": "bridge RX_PACKET: text DL1PEE-1>TE5T-1 '{ping}' (lora_functions OnRxDone -> SendPong)", "lat_set": 48.0044, "nvs_before": {"node_lat": "48.0022", "node_msgid": "5"}, "nvs_after": {"node_lat": "48.0022", "node_msgid": "6"}, "frames": ["':' id 00000005 ctr 5 hop 0x04 [TE5T-1>DL1PEE-1:{pong}{1462136633}]"], "gaps": [], "load": [3.0, 3.6, 5.0], "window_s": 8.5, "ctr_in_frame": 5, "msgid_expected": 6, "a_persisted": true, "flushed": false, "pre_clean": true, "retransmissions": [], "only_frame": true, "max_gap_ms": 0, "status": "fired"}
01:59:35 [  291.9] SITE ack
01:59:53 [  309.7]   ack: {"site": "ack", "trigger": "bridge RX_PACKET: DM DL1PEE-1>TE5T-1 'sites dm{678' (OnRxDone -> SendAckMessage)", "lat_set": 48.0055, "nvs_before": {"node_lat": "48.0022", "node_msgid": "6"}, "nvs_after": {"node_lat": "48.0022", "node_msgid": "7"}, "frames": ["':' id 00000006 ctr 6 hop 0x04 [TE5T-1>DL1PEE-1:DL1PEE-1 :ack678]"], "gaps": [], "load": [3.5, 3.7, 5.0], "window_s": 8.5, "ctr_in_frame": 6, "msgid_expected": 7, "a_persisted": true, "flushed": false, "pre_clean": true, "retransmissions": [], "only_frame": true, "max_gap_ms": 0, "status": "fired"}
01:59:53 [  309.7] SITE hey
02:00:17 [  333.4]   hey: {"site": "hey", "trigger": "console '--sendhey' (sendHeyShot -> sendHey)", "lat_set": 48.0066, "nvs_before": {"node_lat": "48.0055", "node_msgid": "7"}, "nvs_after": {"node_lat": "48.0055", "node_msgid": "8"}, "frames": ["'@' id 00000007 ctr 7 hop 0x04 [TE5T-1>H@R1;]"], "gaps": [], "load": [3.5, 3.7, 5.0], "window_s": 11.2, "ctr_in_frame": 7, "msgid_expected": 8, "a_persisted": true, "flushed": false, "pre_clean": true, "retransmissions": [], "only_frame": true, "max_gap_ms": 0, "status": "fired"}
02:00:17 [  333.4] SITE injpos
02:00:35 [  351.7]   injpos: KISS server started line in UART: False; host connect ok, reply b"ConnectionResetError(104, 'Connection reset by peer')"
02:00:35 [  351.7] SITE apppos
02:00:35 [  351.7]   apppos: dead code, skipped
02:00:35 [  351.7] HARD POWER-OFF: NVS after kill {'node_msgid': '8', 'node_lat': '48.0066'}; counter after the last own TX 8
02:00:35 [  351.7] done
