ets Jul 29 2019 12:21:46

rst:0x1 (POWERON_RESET),boot:0x12 (SPI_FAST_FLASH_BOOT)
configsip: 0, SPIWP:0xee
clk_drv:0x00,q_drv:0x00,d_drv:0x00,cs0_drv:0x00,hd_drv:0x00,wp_drv:0x00
mode:DIO, clock div:2
load:0x3fff0030,len:1184
load:0x40078000,len:13232
load:0x40080400,len:3028
entry 0x400805e4


============
CLIENT SETUP
============
[BOOT] RESET_REASON=1 POWERON
[HEAP] 00:00:00 169368 167208 110580 (init)
[PSRM] 00:00:00 0
[EFUS]...Two Point: NOT supported
[EFUS]...Vref: NOT supported
[INIT]...initMheard
[INIT]...init_flash
[  2012][E][Preferences.cpp:483] getString(): nvs_get_str len fail: node_call NOT_FOUND
[  2014][E][Preferences.cpp:483] getString(): nvs_get_str len fail: node_short NOT_FOUND
[  2016][E][Preferences.cpp:503] getBytesLength(): nvs_get_blob len fail: node_lat NOT_FOUND
[  2016][E][Preferences.cpp:503] getBytesLength(): nvs_get_blob len fail: node_lon NOT_FOUND
[  2017][E][Preferences.cpp:503] getBytesLength(): nvs_get_blob len fail: node_temp NOT_FOUND
[  2017][E][Preferences.cpp:503] getBytesLength(): nvs_get_blob len fail: node_hum NOT_FOUND
[  2017][E][Preferences.cpp:503] getBytesLength(): nvs_get_blob len fail: node_press NOT_FOUND
[  2017][E][Preferences.cpp:483] getString(): nvs_get_str len fail: node_ssid NOT_FOUND
[  2018][E][Preferences.cpp:483] getString(): nvs_get_str len fail: node_pwd NOT_FOUND
[  2018][E][Preferences.cpp:503] getBytesLength(): nvs_get_blob len fail: node_maxv NOT_FOUND
[  2018][E][Preferences.cpp:483] getString(): nvs_get_str len fail: node_extern NOT_FOUND
[  2019][E][Preferences.cpp:503] getBytesLength(): nvs_get_blob len fail: node_freq NOT_FOUND
[  2019][E][Preferences.cpp:503] getBytesLength(): nvs_get_blob len fail: node_bw NOT_FOUND
[  2019][E][Preferences.cpp:483] getString(): nvs_get_str len fail: node_atxt NOT_FOUND
[  2019][E][Preferences.cpp:503] getBytesLength(): nvs_get_blob len fail: node_temp2 NOT_FOUND
[  2020][E][Preferences.cpp:503] getBytesLength(): nvs_get_blob len fail: node_utcof NOT_FOUND
[  2020][E][Preferences.cpp:503] getBytesLength(): nvs_get_blob len fail: node_gas NOT_FOUND
[  2020][E][Preferences.cpp:503] getBytesLength(): nvs_get_blob len fail: node_co2 NOT_FOUND
[  2020][E][Preferences.cpp:483] getString(): nvs_get_str len fail: node_mcp170 NOT_FOUND
[  2021][E][Preferences.cpp:483] getString(): nvs_get_str len fail: node_mcp171 NOT_FOUND
[  2021][E][Preferences.cpp:483] getString(): nvs_get_str len fail: node_mcp172 NOT_FOUND
[  2021][E][Preferences.cpp:483] getString(): nvs_get_str len fail: node_mcp173 NOT_FOUND
[  2022][E][Preferences.cpp:483] getString(): nvs_get_str len fail: node_mcp174 NOT_FOUND
[  2022][E][Preferences.cpp:483] getString(): nvs_get_str len fail: node_mcp175 NOT_FOUND
[  2022][E][Preferences.cpp:483] getString(): nvs_get_str len fail: node_mcp176 NOT_FOUND
[  2022][E][Preferences.cpp:483] getString(): nvs_get_str len fail: node_mcp177 NOT_FOUND
[  2022][E][Preferences.cpp:483] getString(): nvs_get_str len fail: node_mcp178 NOT_FOUND
[  2023][E][Preferences.cpp:483] getString(): nvs_get_str len fail: node_mcp179 NOT_FOUND
[  2023][E][Preferences.cpp:483] getString(): nvs_get_str len fail: node_mcp1710 NOT_FOUND
[  2023][E][Preferences.cpp:483] getString(): nvs_get_str len fail: node_mcp1711 NOT_FOUND
[  2023][E][Preferences.cpp:483] getString(): nvs_get_str len fail: node_mcp1712 NOT_FOUND
[  2024][E][Preferences.cpp:483] getString(): nvs_get_str len fail: node_mcp1713 NOT_FOUND
[  2024][E][Preferences.cpp:483] getString(): nvs_get_str len fail: node_mcp1714 NOT_FOUND
[  2024][E][Preferences.cpp:483] getString(): nvs_get_str len fail: node_mcp1715 NOT_FOUND
[  2028][E][Preferences.cpp:503] getBytesLength(): nvs_get_blob len fail: node_track NOT_FOUND
[  2032][E][Preferences.cpp:483] getString(): nvs_get_str len fail: node_passwd NOT_FOUND
[  2033][E][Preferences.cpp:483] getString(): nvs_get_str len fail: node_ownip NOT_FOUND
[  2033][E][Preferences.cpp:483] getString(): nvs_get_str len fail: node_owngw NOT_FOUND
[  2034][E][Preferences.cpp:483] getString(): nvs_get_str len fail: node_ownms NOT_FOUND
[  2034][E][Preferences.cpp:483] getString(): nvs_get_str len fail: node_name NOT_FOUND
[  2034][E][Preferences.cpp:483] getString(): nvs_get_str len fail: node_webpwd NOT_FOUND
[  2034][E][Preferences.cpp:483] getString(): nvs_get_str len fail: node_lssid NOT_FOUND
[  2035][E][Preferences.cpp:483] getString(): nvs_get_str len fail: node_lpwd NOT_FOUND
[  2035][E][Preferences.cpp:503] getBytesLength(): nvs_get_blob len fail: node_afakt NOT_FOUND
[  2035][E][Preferences.cpp:483] getString(): nvs_get_str len fail: node_parm NOT_FOUND
[  2035][E][Preferences.cpp:483] getString(): nvs_get_str len fail: node_unit NOT_FOUND
[  2036][E][Preferences.cpp:483] getString(): nvs_get_str len fail: node_format NOT_FOUND
[  2036][E][Preferences.cpp:483] getString(): nvs_get_str len fail: node_eqns NOT_FOUND
[  2036][E][Preferences.cpp:483] getString(): nvs_get_str len fail: node_values NOT_FOUND
[  2036][E][Preferences.cpp:503] getBytesLength(): nvs_get_blob len fail: node_spstart NOT_FOUND
[  2037][E][Preferences.cpp:503] getBytesLength(): nvs_get_blob len fail: node_spend NOT_FOUND
[  2037][E][Preferences.cpp:503] getBytesLength(): nvs_get_blob len fail: node_spstep NOT_FOUND
[  2037][E][Preferences.cpp:503] getBytesLength(): nvs_get_blob len fail: node_bfakt NOT_FOUND
[  2037][E][Preferences.cpp:483] getString(): nvs_get_str len fail: node_ucall NOT_FOUND
[  2037][E][Preferences.cpp:503] getBytesLength(): nvs_get_blob len fail: node_aak NOT_FOUND
[  2038][E][Preferences.cpp:503] getBytesLength(): nvs_get_blob len fail: node_aslo NOT_FOUND
[  2038][E][Preferences.cpp:503] getBytesLength(): nvs_get_blob len fail: node_aoff NOT_FOUND
[  2038][E][Preferences.cpp:503] getBytesLength(): nvs_get_blob len fail: node_atten NOT_FOUND
[  2038][E][Preferences.cpp:483] getString(): nvs_get_str len fail: node_gwsrv NOT_FOUND
[  2039][E][Preferences.cpp:503] getBytesLength(): nvs_get_blob len fail: node_tmpiof NOT_FOUND
[  2039][E][Preferences.cpp:503] getBytesLength(): nvs_get_blob len fail: node_tmpoof NOT_FOUND
[  2039][E][Preferences.cpp:503] getBytesLength(): nvs_get_blob len fail: node_shunt NOT_FOUND
[  2039][E][Preferences.cpp:503] getBytesLength(): nvs_get_blob len fail: node_imax NOT_FOUND
[  2039][E][Preferences.cpp:483] getString(): nvs_get_str len fail: node_owndns NOT_FOUND
[  2040][E][Preferences.cpp:483] getString(): nvs_get_str len fail: node_ownntp NOT_FOUND
[  2040][E][Preferences.cpp:483] getString(): nvs_get_str len fail: node_fwversion NOT_FOUND
[  2040][E][Preferences.cpp:483] getString(): nvs_get_str len fail: node_via NOT_FOUND
[  2041][E][Preferences.cpp:483] getString(): nvs_get_str len fail: node_aprsmc NOT_FOUND
[  2041][E][Preferences.cpp:483] getString(): nvs_get_str len fail: node_pingcall NOT_FOUND
[INIT]...build Sep 26 2026 / 23:10:31
[INIT]...FLASH cleared, Settings-Layout 0 -> 20260724
[INIT]...FLASH #entries 628 bevor clear
[INIT]...FLASH #entries 628 after clear
[TIME]...Loaded time persistence: saved_time=0, mheard_time=0, msg_time=0
[INIT]...WIFIAP starting...
[INIT]...WEBServer starting...
[QEMU]...headless defaults: web+console ON, wifiAP/gateway/extudp OFF
[QEMU]...virtual GPS enabled (bGPSON=true); NMEA expected on UART1
[INIT].._GW_ID: 00000000
[INIT]...Initialize clock: ok
[LoRa]...SX1268 chip Initializing ... success
[EXTRADIO] enabled, bridge 10.0.2.2:7000, auth=password
[LoRa]...All settings successfully changed
[BLE ]...Device started with BLE-Name <MC-0000-XX0XXX-00>
[BLE ]...disabled (DISABLE_BLE)
==============
CLIENT STARTED
==============
[QEMU]...starting OpenETH (esp_eth_start)
[WIFI]...no connection possible
[QEMU]...OpenETH driver started
[QEMU]...OpenETH link connected
[QEMU]...dhcpc_start -> 0x5004 (0=started, 0x5004=already-running)
[GPS ]...QEMU virtual GPS on UART1 (synthetic RX=16 TX=17 @ 9600 baud; no hardware)
[QEMU]...OpenETH GOT_IP ip=10.0.2.15 mask=255.255.255.0 gw=10.0.2.5
[GPS ]...QEMU NMEA presence: 0 chars -> no data yet
[QEMU]...OpenETH connect OK
[WIFI];link;down;sta;0;status;255;down_s;0;last_reason;0;got_ip_n;0;ip;1;ms;14734
[CON ]...HMAC console init.
[CON ]...Console started on port 2323
[BOOT];ready;ms;14752;ip;1
TimeClient no update possible --> CPU-Mode
[ 14753][E][WiFiUdp.cpp:221] parsePacket(): could not receive data: 9
[ 14764][E][WiFiUdp.cpp:221] parsePacket(): could not receive data: 9
[ 14772][E][WiFiUdp.cpp:221] parsePacket(): could not receive data: 9
[ 14778][E][WiFiUdp.cpp:221] parsePacket(): could not receive data: 9
[ 14785][E][WiFiUdp.cpp:221] parsePacket(): could not receive data: 9
[ 14791][E][WiFiUdp.cpp:221] parsePacket(): could not receive data: 9
[ 14797][E][WiFiUdp.cpp:221] parsePacket(): could not receive data: 9
[ 14804][E][WiFiUdp.cpp:221] parsePacket(): could not receive data: 9
[ 14811][E][WiFiUdp.cpp:221] parsePacket(): could not receive data: 9
[ 14818][E][WiFiUdp.cpp:221] parsePacket(): could not receive data: 9
[ 14825][E][WiFiUdp.cpp:221] parsePacket(): could not receive data: 9
[ 14832][E][WiFiUdp.cpp:221] parsePacket(): could not receive data: 9
[ 14839][E][WiFiUdp.cpp:221] parsePacket(): could not receive data: 9
[ 14846][E][WiFiUdp.cpp:221] parsePacket(): could not receive data: 9
[ 14853][E][WiFiUdp.cpp:221] parsePacket(): could not receive data: 9
[ 14860][E][WiFiUdp.cpp:221] parsePacket(): could not receive data: 9
[ 14866][E][WiFiUdp.cpp:221] parsePacket(): could not receive data: 9
[ 14873][E][WiFiUdp.cpp:221] parsePacket(): could not receive data: 9
[ 14880][E][WiFiUdp.cpp:221] parsePacket(): could not receive data: 9
[ 14887][E][WiFiUdp.cpp:221] parsePacket(): could not receive data: 9
[ 14894][E][WiFiUdp.cpp:221] parsePacket(): could not receive data: 9
[ 14901][E][WiFiUdp.cpp:221] parsePacket(): could not receive data: 9
[ 14908][E][WiFiUdp.cpp:221] parsePacket(): could not receive data: 9
[ 14915][E][WiFiUdp.cpp:221] parsePacket(): could not receive data: 9
[ 14922][E][WiFiUdp.cpp:221] parsePacket(): could not receive data: 9
[ 14929][E][WiFiUdp.cpp:221] parsePacket(): could not receive data: 9
[ 14936][E][WiFiUdp.cpp:221] parsePacket(): could not receive data: 9
[ 14943][E][WiFiUdp.cpp:221] parsePacket(): could not receive data: 9
[ 14950][E][WiFiUdp.cpp:221] parsePacket(): could not receive data: 9
[ 14957][E][WiFiUdp.cpp:221] parsePacket(): could not receive data: 9
[ 14964][E][WiFiUdp.cpp:221] parsePacket(): could not receive data: 9
[ 14971][E][WiFiUdp.cpp:221] parsePacket(): could not receive data: 9
[ 14978][E][WiFiUdp.cpp:221] parsePacket(): could not receive data: 9
[ 14985][E][WiFiUdp.cpp:221] parsePacket(): could not receive data: 9
[ 14992][E][WiFiUdp.cpp:221] parsePacket(): could not receive data: 9
[ 14999][E][WiFiUdp.cpp:221] parsePacket(): could not receive data: 9
[ 15006][E][WiFiUdp.cpp:221] parsePacket(): could not receive data: 9
[ 15013][E][WiFiUdp.cpp:221] parsePacket(): could not receive data: 9
[ 15021][E][WiFiUdp.cpp:221] parsePacket(): could not receive data: 9
[ 15028][E][WiFiUdp.cpp:221] parsePacket(): could not receive data: 9
[ 15035][E][WiFiUdp.cpp:221] parsePacket(): could not receive data: 9
[ 15041][E][WiFiUdp.cpp:221] parsePacket(): could not receive data: 9
[ 15047][E][WiFiUdp.cpp:221] parsePacket(): could not receive data: 9
[ 15053][E][WiFiUdp.cpp:221] parsePacket(): could not receive data: 9
[ 15060][E][WiFiUdp.cpp:221] parsePacket(): could not receive data: 9
[ 15065][E][WiFiUdp.cpp:221] parsePacket(): could not receive data: 9
[ 15071][E][WiFiUdp.cpp:221] parsePacket(): could not receive data: 9
[ 15078][E][WiFiUdp.cpp:221] parsePacket(): could not receive data: 9
[ 15084][E][WiFiUdp.cpp:221] parsePacket(): could not receive data: 9
[ 15091][E][WiFiUdp.cpp:221] parsePacket(): could not receive data: 9
[ 15098][E][WiFiUdp.cpp:221] parsePacket(): could not receive data: 9
[ 15103][E][WiFiUdp.cpp:221] parsePacket(): could not receive data: 9
[ 15109][E][WiFiUdp.cpp:221] parsePacket(): could not receive data: 9
[ 15116][E][WiFiUdp.cpp:221] parsePacket(): could not receive data: 9
[ 15122][E][WiFiUdp.cpp:221] parsePacket(): could not receive data: 9
[ 15127][E][WiFiUdp.cpp:221] parsePacket(): could not receive data: 9
[ 15134][E][WiFiUdp.cpp:221] parsePacket(): could not receive data: 9
[ 15140][E][WiFiUdp.cpp:221] parsePacket(): could not receive data: 9
[ 15146][E][WiFiUdp.cpp:221] parsePacket(): could not receive data: 9
[ 15153][E][WiFiUdp.cpp:221] parsePacket(): could not receive data: 9
[ 15160][E][WiFiUdp.cpp:221] parsePacket(): could not receive data: 9
[ 15167][E][WiFiUdp.cpp:221] parsePacket(): could not receive data: 9
[ 15174][E][WiFiUdp.cpp:221] parsePacket(): could not receive data: 9
[ 15181][E][WiFiUdp.cpp:221] parsePacket(): could not receive data: 9
[ 15188][E][WiFiUdp.cpp:221] parsePacket(): could not receive data: 9
[ 15195][E][WiFiUdp.cpp:221] parsePacket(): could not receive data: 9
[ 15202][E][WiFiUdp.cpp:221] parsePacket(): could not receive data: 9
[ 15208][E][WiFiUdp.cpp:221] parsePacket(): could not receive data: 9
[ 15216][E][WiFiUdp.cpp:221] parsePacket(): could not receive data: 9
[ 15224][E][WiFiUdp.cpp:221] parsePacket(): could not receive data: 9
[ 15230][E][WiFiUdp.cpp:221] parsePacket(): could not receive data: 9
[ 15235][E][WiFiUdp.cpp:221] parsePacket(): could not receive data: 9
[ 15242][E][WiFiUdp.cpp:221] parsePacket(): could not receive data: 9
[ 15248][E][WiFiUdp.cpp:221] parsePacket(): could not receive data: 9
[ 15254][E][WiFiUdp.cpp:221] parsePacket(): could not receive data: 9
[ 15260][E][WiFiUdp.cpp:221] parsePacket(): could not receive data: 9
[ 15266][E][WiFiUdp.cpp:221] parsePacket(): could not receive data: 9
[ 15272][E][WiFiUdp.cpp:221] parsePacket(): could not receive data: 9
[ 15279][E][WiFiUdp.cpp:221] parsePacket(): could not receive data: 9
[ 15287][E][WiFiUdp.cpp:221] parsePacket(): could not receive data: 9
[ 15294][E][WiFiUdp.cpp:221] parsePacket(): could not receive data: 9
[ 15301][E][WiFiUdp.cpp:221] parsePacket(): could not receive data: 9
[ 15309][E][WiFiUdp.cpp:221] parsePacket(): could not receive data: 9
[ 15316][E][WiFiUdp.cpp:221] parsePacket(): could not receive data: 9
[ 15323][E][WiFiUdp.cpp:221] parsePacket(): could not receive data: 9
[ 15330][E][WiFiUdp.cpp:221] parsePacket(): could not receive data: 9
[ 15337][E][WiFiUdp.cpp:221] parsePacket(): could not receive data: 9
[ 15344][E][WiFiUdp.cpp:221] parsePacket(): could not receive data: 9
[ 15351][E][WiFiUdp.cpp:221] parsePacket(): could not receive data: 9
[ 15359][E][WiFiUdp.cpp:221] parsePacket(): could not receive data: 9
[ 15366][E][WiFiUdp.cpp:221] parsePacket(): could not receive data: 9
[ 15372][E][WiFiUdp.cpp:221] parsePacket(): could not receive data: 9
[ 15378][E][WiFiUdp.cpp:221] parsePacket(): could not receive data: 9
[ 15385][E][WiFiUdp.cpp:221] parsePacket(): could not receive data: 9
[ 15392][E][WiFiUdp.cpp:221] parsePacket(): could not receive data: 9
[ 15399][E][WiFiUdp.cpp:221] parsePacket(): could not receive data: 9
[ 15406][E][WiFiUdp.cpp:221] parsePacket(): could not receive data: 9
[ 15413][E][WiFiUdp.cpp:221] parsePacket(): could not receive data: 9
[ 15420][E][WiFiUdp.cpp:221] parsePacket(): could not receive data: 9
[ 15427][E][WiFiUdp.cpp:221] parsePacket(): could not receive data: 9
[CON ]...accept() fd=50 free=133356
[ 15437][E][WiFiUdp.cpp:221] parsePacket(): could not receive data: 9
[CON ]...Client authenticated on port 2323. free heap=128144
-[ 15445][E][WiFiUdp.cpp:221] parsePacket(): could not receive data: 9
-[ 15451][E][WiFiUdp.cpp:221] parsePacket(): could not receive data: 9
i[ 15457][E][WiFiUdp.cpp:221] parsePacket(): could not receive data: 9
n[ 15465][E][WiFiUdp.cpp:221] parsePacket(): could not receive data: 9
f[ 15473][E][WiFiUdp.cpp:221] parsePacket(): could not receive data: 9
o[ 15482][E][WiFiUdp.cpp:221] parsePacket(): could not receive data: 9
[ 15489][E][WiFiUdp.cpp:221] parsePacket(): could not receive data: 9

--MeshCom 4.35t (build: Sep 26 2026 / 23:10:31)
...UPDATE: 
...Call: <XX0XXX-00> ...ID 00000000 ...NODE 39 <EBYTE_E22> ...UTC-OFF 1.000000 [CPU]
...BATT 0.00 V ...BATT 0 % ...MAXV 4.200 V
...TIME 15510 ms
...Flash-Version 20260724
...NOMSGALL off ...MESH off ...BUTTON (12) off ...SOFTSER off ... SOFTSERREAD off
...PASSWD <>
...DEBUG man ...DEBUG en
...DEBUG off ...LORADEBUG off ...GPSDEBUG off/0 ...SOFTSERDEBUG off
...WXDEBUG off ...BLEDEBUG off
...DisplayInfo off ...DisplayCont off ...DisplyLog off ...contrast 255 ...ackinfo off
...EXTUDP off ...EXT IP none ...NOPMOTHER off
...BTCODE 000000
...APRSMC: APRSMC
...ATXT: 
...NAME: 
...BLE : short
...DISPLAY on
...CTRY EU8
...FREQ 433.1750 MHz TXPWR 17 dBm RXBOOST off
...MAXHOP text 4 / pos 2

...Webserver  on / Webpwd <> / Gateway off 
...NETConsole on (port 2323)
...KISS/TCP   off / TX off / RxMeta off / Auth off
...WIFI-AP    off
...SSID <none> / PASSWORD <***>
...NETWORK Mode:ETH
...hasIpAddress: yes
...IP address   : 10.0.2.15
...SUBNET-MASK  : 255.255.255.0
...GW address   : 10.0.2.5
...DNS address  : 
...UDP-HBeat : 15534
[ 15535][E][WiFiUdp.cpp:221] parsePacket(): could not receive data: 9
[ 15540][E][WiFiUdp.cpp:221] parsePacket(): could not receive data: 9
[ 15547][E][WiFiUdp.cpp:221] parsePacket(): could not receive data: 9
[ 15553][E][WiFiUdp.cpp:221] parsePacket(): could not receive data: 9
[ 15559][E][WiFiUdp.cpp:221] parsePacket(): could not receive data: 9
[ 15566][E][WiFiUdp.cpp:221] parsePacket(): could not receive data: 9
[ 15574][E][WiFiUdp.cpp:221] parsePacket(): could not receive data: 9
[ 15583][E][WiFiUdp.cpp:221] parsePacket(): could not receive data: 9
[ 15591][E][WiFiUdp.cpp:221] parsePacket(): could not receive data: 9
[ 15599][E][WiFiUdp.cpp:221] parsePacket(): could not receive data: 9
[ 15605][E][WiFiUdp.cpp:221] parsePacket(): could not receive data: 9
[ 15611][E][WiFiUdp.cpp:221] parsePacket(): could not receive data: 9
[ 15618][E][WiFiUdp.cpp:221] parsePacket(): could not receive data: 9
[ 15625][E][WiFiUdp.cpp:221] parsePacket(): could not receive data: 9
[ 15632][E][WiFiUdp.cpp:221] parsePacket(): could not receive data: 9
[ 15639][E][WiFiUdp.cpp:221] parsePacket(): could not receive data: 9
[ 15646][E][WiFiUdp.cpp:221] parsePacket(): could not receive data: 9
[ 15653][E][WiFiUdp.cpp:221] parsePacket(): could not receive data: 9
[ 15660][E][WiFiUdp.cpp:221] parsePacket(): could not receive data: 9
[ 15667][E][WiFiUdp.cpp:221] parsePacket(): could not receive data: 9
[ 15674][E][WiFiUdp.cpp:221] parsePacket(): could not receive data: 9
[ 15681][E][WiFiUdp.cpp:221] parsePacket(): could not receive data: 9
[ 15687][E][WiFiUdp.cpp:221] parsePacket(): could not receive data: 9
[ 15693][E][WiFiUdp.cpp:221] parsePacket(): could not receive data: 9
[ 15700][E][WiFiUdp.cpp:221] parsePacket(): could not receive data: 9
[ 15707][E][WiFiUdp.cpp:221] parsePacket(): could not receive data: 9
[ 15713][E][WiFiUdp.cpp:221] parsePacket(): could not receive data: 9
[ 15719][E][WiFiUdp.cpp:221] parsePacket(): could not receive data: 9
[ 15725][E][WiFiUdp.cpp:221] parsePacket(): could not receive data: 9
[ 15731][E][WiFiUdp.cpp:221] parsePacket(): could not receive data: 9
[ 15737][E][WiFiUdp.cpp:221] parsePacket(): could not receive data: 9
[ 15742][E][WiFiUdp.cpp:221] parsePacket(): could not receive data: 9
[ 15749][E][WiFiUdp.cpp:221] parsePacket(): could not receive data: 9
[ 15755][E][WiFiUdp.cpp:221] parsePacket(): could not receive data: 9
[ 15762][E][WiFiUdp.cpp:221] parsePacket(): could not receive data: 9
[ 15785][E][WiFiUdp.cpp:221] parsePacket(): could not receive data: 9
[ 15794][E][WiFiUdp.cpp:221] parsePacket(): could not receive data: 9
[ 15804][E][WiFiUdp.cpp:221] parsePacket(): could not receive data: 9
[ 15811][E][WiFiUdp.cpp:221] parsePacket(): could not receive data: 9
[ 15818][E][WiFiUdp.cpp:221] parsePacket(): could not receive data: 9
[ 15825][E][WiFiUdp.cpp:221] parsePacket(): could not receive data: 9
[ 15832][E][WiFiUdp.cpp:221] parsePacket(): could not receive data: 9
[ 15841][E][WiFiUdp.cpp:221] parsePacket(): could not receive data: 9
[ 15850][E][WiFiUdp.cpp:221] parsePacket(): could not receive data: 9
[ 15858][E][WiFiUdp.cpp:221] parsePacket(): could not receive data: 9
[ 15865][E][WiFiUdp.cpp:221] parsePacket(): could not receive data: 9
[ 15872][E][WiFiUdp.cpp:221] parsePacket(): could not receive data: 9
[ 15879][E][WiFiUdp.cpp:221] parsePacket(): could not receive data: 9
[ 15886][E][WiFiUdp.cpp:221] parsePacket(): could not receive data: 9
[ 15893][E][WiFiUdp.cpp:221] parsePacket(): could not receive data: 9
[ 15902][E][WiFiUdp.cpp:221] parsePacket(): could not receive data: 9
[ 15908][E][WiFiUdp.cpp:221] parsePacket(): could not receive data: 9
[ 15917][E][WiFiUdp.cpp:221] parsePacket(): could not receive data: 9
[ 15926][E][WiFiUdp.cpp:221] parsePacket(): could not receive data: 9
[ 15933][E][WiFiUdp.cpp:221] parsePacket(): could not receive data: 9
[ 15940][E][WiFiUdp.cpp:221] parsePacket(): could not receive data: 9
[ 15947][E][WiFiUdp.cpp:221] parsePacket(): could not receive data: 9
[ 15954][E][WiFiUdp.cpp:221] parsePacket(): could not receive data: 9
[ 15963][E][WiFiUdp.cpp:221] parsePacket(): could not receive data: 9
[ 15970][E][WiFiUdp.cpp:221] parsePacket(): could not receive data: 9
[ 15977][E][WiFiUdp.cpp:221] parsePacket(): could not receive data: 9
[ 15984][E][WiFiUdp.cpp:221] parsePacket(): could not receive data: 9
[ 15991][E][WiFiUdp.cpp:221] parsePacket(): could not receive data: 9
[ 15997][E][WiFiUdp.cpp:221] parsePacket(): could not receive data: 9
[ 16005][E][WiFiUdp.cpp:221] parsePacket(): could not receive data: 9
[ 16013][E][WiFiUdp.cpp:221] parsePacket(): could not receive data: 9
[ 16020][E][WiFiUdp.cpp:221] parsePacket(): could not receive data: 9
[ 16028][E][WiFiUdp.cpp:221] parsePacket(): could not receive data: 9
[ 16035][E][WiFiUdp.cpp:221] parsePacket(): could not receive data: 9
[ 16044][E][WiFiUdp.cpp:221] parsePacket(): could not receive data: 9
[ 16053][E][WiFiUdp.cpp:221] parsePacket(): could not receive data: 9
[ 16061][E][WiFiUdp.cpp:221] parsePacket(): could not receive data: 9
[ 16068][E][WiFiUdp.cpp:221] parsePacket(): could not receive data: 9
[ 16073][E][WiFiUdp.cpp:221] parsePacket(): could not receive data: 9
[ 16079][E][WiFiUdp.cpp:221] parsePacket(): could not receive data: 9
[ 16085][E][WiFiUdp.cpp:221] parsePacket(): could not receive data: 9
[ 16091][E][WiFiUdp.cpp:221] parsePacket(): could not receive data: 9
[ 16097][E][WiFiUdp.cpp:221] parsePacket(): could not receive data: 9
[ 16103][E][WiFiUdp.cpp:221] parsePacket(): could not receive data: 9
[ 16110][E][WiFiUdp.cpp:221] parsePacket(): could not receive data: 9
[ 16116][E][WiFiUdp.cpp:221] parsePacket(): could not receive data: 9
[ 16121][E][WiFiUdp.cpp:221] parsePacket(): could not receive data: 9
[ 16128][E][WiFiUdp.cpp:221] parsePacket(): could not receive data: 9
[ 16134][E][WiFiUdp.cpp:221] parsePacket(): could not receive data: 9
[ 16139][E][WiFiUdp.cpp:221] parsePacket(): could not receive data: 9
[ 16146][E][WiFiUdp.cpp:221] parsePacket(): could not receive data: 9
[ 16152][E][WiFiUdp.cpp:221] parsePacket(): could not receive data: 9
[ 16159][E][WiFiUdp.cpp:221] parsePacket(): could not receive data: 9
[ 16166][E][WiFiUdp.cpp:221] parsePacket(): could not receive data: 9
[ 16173][E][WiFiUdp.cpp:221] parsePacket(): could not receive data: 9
[ 16179][E][WiFiUdp.cpp:221] parsePacket(): could not receive data: 9
[ 16186][E][WiFiUdp.cpp:221] parsePacket(): could not receive data: 9
[ 16191][E][WiFiUdp.cpp:221] parsePacket(): could not receive data: 9
[ 16198][E][WiFiUdp.cpp:221] parsePacket(): could not receive data: 9
[ 16205][E][WiFiUdp.cpp:221] parsePacket(): could not receive data: 9
[ 16211][E][WiFiUdp.cpp:221] parsePacket(): could not receive data: 9
[ 16218][E][WiFiUdp.cpp:221] parsePacket(): could not receive data: 9
[ 16225][E][WiFiUdp.cpp:221] parsePacket(): could not receive data: 9
[ 16233][E][WiFiUdp.cpp:221] parsePacket(): could not receive data: 9
[ 16240][E][WiFiUdp.cpp:221] parsePacket(): could not receive data: 9
[ 16247][E][WiFiUdp.cpp:221] parsePacket(): could not receive data: 9
[ 16255][E][WiFiUdp.cpp:221] parsePacket(): could not receive data: 9
[ 16263][E][WiFiUdp.cpp:221] parsePacket(): could not receive data: 9
[ 16270][E][WiFiUdp.cpp:221] parsePacket(): could not receive data: 9
[ 16277][E][WiFiUdp.cpp:221] parsePacket(): could not receive data: 9
[ 16284][E][WiFiUdp.cpp:221] parsePacket(): could not receive data: 9
[ 16291][E][WiFiUdp.cpp:221] parsePacket(): could not receive data: 9
[ 16297][E][WiFiUdp.cpp:221] parsePacket(): could not receive data: 9
[ 16304][E][WiFiUdp.cpp:221] parsePacket(): could not receive data: 9
[ 16311][E][WiFiUdp.cpp:221] parsePacket(): could not receive data: 9
[ 16318][E][WiFiUdp.cpp:221] parsePacket(): could not receive data: 9
[ 16325][E][WiFiUdp.cpp:221] parsePacket(): could not receive data: 9
[ 16332][E][WiFiUdp.cpp:221] parsePacket(): could not receive data: 9
[ 16339][E][WiFiUdp.cpp:221] parsePacket(): could not receive data: 9
[ 16346][E][WiFiUdp.cpp:221] parsePacket(): could not receive data: 9
[ 16352][E][WiFiUdp.cpp:221] parsePacket(): could not receive data: 9
[ 16357][E][WiFiUdp.cpp:221] parsePacket(): could not receive data: 9
[ 16363][E][WiFiUdp.cpp:221] parsePacket(): could not receive data: 9
[ 16369][E][WiFiUdp.cpp:221] parsePacket(): could not receive data: 9
[ 16375][E][WiFiUdp.cpp:221] parsePacket(): could not receive data: 9
[ 16381][E][WiFiUdp.cpp:221] parsePacket(): could not receive data: 9
[ 16388][E][WiFiUdp.cpp:221] parsePacket(): could not receive data: 9
[ 16394][E][WiFiUdp.cpp:221] parsePacket(): could not receive data: 9
[ 16399][E][WiFiUdp.cpp:221] parsePacket(): could not receive data: 9
[ 16406][E][WiFiUdp.cpp:221] parsePacket(): could not receive data: 9
[ 16412][E][WiFiUdp.cpp:221] parsePacket(): could not receive data: 9
[ 16419][E][WiFiUdp.cpp:221] parsePacket(): could not receive data: 9
[ 16425][E][WiFiUdp.cpp:221] parsePacket(): could not receive data: 9
[ 16432][E][WiFiUdp.cpp:221] parsePacket(): could not receive data: 9
[ 16441][E][WiFiUdp.cpp:221] parsePacket(): could not receive data: 9
[ 16449][E][WiFiUdp.cpp:221] parsePacket(): could not receive data: 9
[ 16456][E][WiFiUdp.cpp:221] parsePacket(): could not receive data: 9
[ 16463][E][WiFiUdp.cpp:221] parsePacket(): could not receive data: 9
[ 16470][E][WiFiUdp.cpp:221] parsePacket(): could not receive data: 9
[ 16477][E][WiFiUdp.cpp:221] parsePacket(): could not receive data: 9
[ 16486][E][WiFiUdp.cpp:221] parsePacket(): could not receive data: 9
[ 16493][E][WiFiUdp.cpp:221] parsePacket(): could not receive data: 9
[ 16500][E][WiFiUdp.cpp:221] parsePacket(): could not receive data: 9
[ 16507][E][WiFiUdp.cpp:221] parsePacket(): could not receive data: 9
[ 16514][E][WiFiUdp.cpp:221] parsePacket(): could not receive data: 9
[ 16521][E][WiFiUdp.cpp:221] parsePacket(): could not receive data: 9
[ 16528][E][WiFiUdp.cpp:221] parsePacket(): could not receive data: 9
[ 16535][E][WiFiUdp.cpp:221] parsePacket(): could not receive data: 9
[ 16542][E][WiFiUdp.cpp:221] parsePacket(): could not receive data: 9
[ 16549][E][WiFiUdp.cpp:221] parsePacket(): could not receive data: 9
[ 16556][E][WiFiUdp.cpp:221] parsePacket(): could not receive data: 9
[ 16563][E][WiFiUdp.cpp:221] parsePacket(): could not receive data: 9
[ 16570][E][WiFiUdp.cpp:221] parsePacket(): could not receive data: 9
[ 16577][E][WiFiUdp.cpp:221] parsePacket(): could not receive data: 9
[ 16584][E][WiFiUdp.cpp:221] parsePacket(): could not receive data: 9
[ 16591][E][WiFiUdp.cpp:221] parsePacket(): could not receive data: 9
[ 16598][E][WiFiUdp.cpp:221] parsePacket(): could not receive data: 9
[ 16605][E][WiFiUdp.cpp:221] parsePacket(): could not receive data: 9
[ 16612][E][WiFiUdp.cpp:221] parsePacket(): could not receive data: 9
[ 16619][E][WiFiUdp.cpp:221] parsePacket(): could not receive data: 9
[ 16626][E][WiFiUdp.cpp:221] parsePacket(): could not receive data: 9
[ 16633][E][WiFiUdp.cpp:221] parsePacket(): could not receive data: 9
[ 16640][E][WiFiUdp.cpp:221] parsePacket(): could not receive data: 9
[ 16647][E][WiFiUdp.cpp:221] parsePacket(): could not receive data: 9
[ 16654][E][WiFiUdp.cpp:221] parsePacket(): could not receive data: 9
[ 16661][E][WiFiUdp.cpp:221] parsePacket(): could not receive data: 9
[ 16668][E][WiFiUdp.cpp:221] parsePacket(): could not receive data: 9
[ 16675][E][WiFiUdp.cpp:221] parsePacket(): could not receive data: 9
[ 16682][E][WiFiUdp.cpp:221] parsePacket(): could not receive data: 9
[ 16689][E][WiFiUdp.cpp:221] parsePacket(): could not receive data: 9
[ 16696][E][WiFiUdp.cpp:221] parsePacket(): could not receive data: 9
[ 16703][E][WiFiUdp.cpp:221] parsePacket(): could not receive data: 9
[ 16709][E][WiFiUdp.cpp:221] parsePacket(): could not receive data: 9
[ 16715][E][WiFiUdp.cpp:221] parsePacket(): could not receive data: 9
[ 16722][E][WiFiUdp.cpp:221] parsePacket(): could not receive data: 9
[ 16729][E][WiFiUdp.cpp:221] parsePacket(): could not receive data: 9
[ 16736][E][WiFiUdp.cpp:221] parsePacket(): could not receive data: 9
[ 16743][E][WiFiUdp.cpp:221] parsePacket(): could not receive data: 9
[ 16749][E][WiFiUdp.cpp:221] parsePacket(): could not receive data: 9
[ 16755][E][WiFiUdp.cpp:221] parsePacket(): could not receive data: 9
[ 16761][E][WiFiUdp.cpp:221] parsePacket(): could not receive data: 9
[ 16768][E][WiFiUdp.cpp:221] parsePacket(): could not receive data: 9
[ 16775][E][WiFiUdp.cpp:221] parsePacket(): could not receive data: 9
[ 16782][E][WiFiUdp.cpp:221] parsePacket(): could not receive data: 9
[ 16789][E][WiFiUdp.cpp:221] parsePacket(): could not receive data: 9
[ 16796][E][WiFiUdp.cpp:221] parsePacket(): could not receive data: 9
[ 16803][E][WiFiUdp.cpp:221] parsePacket(): could not receive data: 9
[ 16810][E][WiFiUdp.cpp:221] parsePacket(): could not receive data: 9
[ 16816][E][WiFiUdp.cpp:221] parsePacket(): could not receive data: 9
[ 16822][E][WiFiUdp.cpp:221] parsePacket(): could not receive data: 9
[ 16829][E][WiFiUdp.cpp:221] parsePacket(): could not receive data: 9
[ 16836][E][WiFiUdp.cpp:221] parsePacket(): could not receive data: 9
[ 16843][E][WiFiUdp.cpp:221] parsePacket(): could not receive data: 9
[ 16850][E][WiFiUdp.cpp:221] parsePacket(): could not receive data: 9
[ 16857][E][WiFiUdp.cpp:221] parsePacket(): could not receive data: 9
[ 16864][E][WiFiUdp.cpp:221] parsePacket(): could not receive data: 9
[ 16871][E][WiFiUdp.cpp:221] parsePacket(): could not receive data: 9
[ 16878][E][WiFiUdp.cpp:221] parsePacket(): could not receive data: 9
[ 16885][E][WiFiUdp.cpp:221] parsePacket(): could not receive data: 9
[ 16892][E][WiFiUdp.cpp:221] parsePacket(): could not receive data: 9
[ 16899][E][WiFiUdp.cpp:221] parsePacket(): could not receive data: 9
[ 16906][E][WiFiUdp.cpp:221] parsePacket(): could not receive data: 9
[ 16913][E][WiFiUdp.cpp:221] parsePacket(): could not receive data: 9
[ 16920][E][WiFiUdp.cpp:221] parsePacket(): could not receive data: 9
[ 16927][E][WiFiUdp.cpp:221] parsePacket(): could not receive data: 9
[ 16934][E][WiFiUdp.cpp:221] parsePacket(): could not receive data: 9
[ 16941][E][WiFiUdp.cpp:221] parsePacket(): could not receive data: 9
[ 16948][E][WiFiUdp.cpp:221] parsePacket(): could not receive data: 9
[ 16955][E][WiFiUdp.cpp:221] parsePacket(): could not receive data: 9
[ 16962][E][WiFiUdp.cpp:221] parsePacket(): could not receive data: 9
[ 16969][E][WiFiUdp.cpp:221] parsePacket(): could not receive data: 9
[ 16976][E][WiFiUdp.cpp:221] parsePacket(): could not receive data: 9
[ 16983][E][WiFiUdp.cpp:221] parsePacket(): could not receive data: 9
[ 16990][E][WiFiUdp.cpp:221] parsePacket(): could not receive data: 9
[ 16997][E][WiFiUdp.cpp:221] parsePacket(): could not receive data: 9
[ 17004][E][WiFiUdp.cpp:221] parsePacket(): could not receive data: 9
[ 17011][E][WiFiUdp.cpp:221] parsePacket(): could not receive data: 9
[ 17018][E][WiFiUdp.cpp:221] parsePacket(): could not receive data: 9
[ 17025][E][WiFiUdp.cpp:221] parsePacket(): could not receive data: 9
[ 17032][E][WiFiUdp.cpp:221] parsePacket(): could not receive data: 9
[ 17039][E][WiFiUdp.cpp:221] parsePacket(): could not receive data: 9
[ 17045][E][WiFiUdp.cpp:221] parsePacket(): could not receive data: 9
[ 17051][E][WiFiUdp.cpp:221] parsePacket(): could not receive data: 9
[ 17057][E][WiFiUdp.cpp:221] parsePacket(): could not receive data: 9
[ 17063][E][WiFiUdp.cpp:221] parsePacket(): could not receive data: 9
[ 17070][E][WiFiUdp.cpp:221] parsePacket(): could not receive data: 9
[ 17077][E][WiFiUdp.cpp:221] parsePacket(): could not receive data: 9
[ 17084][E][WiFiUdp.cpp:221] parsePacket(): could not receive data: 9
[ 17089][E][WiFiUdp.cpp:221] parsePacket(): could not receive data: 9
[ 17095][E][WiFiUdp.cpp:221] parsePacket(): could not receive data: 9
[ 17101][E][WiFiUdp.cpp:221] parsePacket(): could not receive data: 9
[ 17108][E][WiFiUdp.cpp:221] parsePacket(): could not receive data: 9
[ 17113][E][WiFiUdp.cpp:221] parsePacket(): could not receive data: 9
[ 17119][E][WiFiUdp.cpp:221] parsePacket(): could not receive data: 9
[ 17125][E][WiFiUdp.cpp:221] parsePacket(): could not receive data: 9
[ 17131][E][WiFiUdp.cpp:221] parsePacket(): could not receive data: 9
[ 17138][E][WiFiUdp.cpp:221] parsePacket(): could not receive data: 9
[ 17144][E][WiFiUdp.cpp:221] parsePacket(): could not receive data: 9
[ 17150][E][WiFiUdp.cpp:221] parsePacket(): could not receive data: 9
[ 17156][E][WiFiUdp.cpp:221] parsePacket(): could not receive data: 9
[ 17162][E][WiFiUdp.cpp:221] parsePacket(): could not receive data: 9
[ 17169][E][WiFiUdp.cpp:221] parsePacket(): could not receive data: 9
[ 17176][E][WiFiUdp.cpp:221] parsePacket(): could not receive data: 9
[ 17183][E][WiFiUdp.cpp:221] parsePacket(): could not receive data: 9
[ 17190][E][WiFiUdp.cpp:221] parsePacket(): could not receive data: 9
[ 17197][E][WiFiUdp.cpp:221] parsePacket(): could not receive data: 9
[ 17204][E][WiFiUdp.cpp:221] parsePacket(): could not receive data: 9
[ 17210][E][WiFiUdp.cpp:221] parsePacket(): could not receive data: 9
[ 17217][E][WiFiUdp.cpp:221] parsePacket(): could not receive data: 9
[ 17223][E][WiFiUdp.cpp:221] parsePacket(): could not receive data: 9
[ 17229][E][WiFiUdp.cpp:221] parsePacket(): could not receive data: 9
[ 17235][E][WiFiUdp.cpp:221] parsePacket(): could not receive data: 9
[ 17242][E][WiFiUdp.cpp:221] parsePacket(): could not receive data: 9
[ 17250][E][WiFiUdp.cpp:221] parsePacket(): could not receive data: 9
[ 17259][E][WiFiUdp.cpp:221] parsePacket(): could not receive data: 9
[ 17266][E][WiFiUdp.cpp:221] parsePacket(): could not receive data: 9
[ 17273][E][WiFiUdp.cpp:221] parsePacket(): could not receive data: 9
[ 17280][E][WiFiUdp.cpp:221] parsePacket(): could not receive data: 9
[ 17287][E][WiFiUdp.cpp:221] parsePacket(): could not receive data: 9
[ 17294][E][WiFiUdp.cpp:221] parsePacket(): could not receive data: 9
[ 17301][E][WiFiUdp.cpp:221] parsePacket(): could not receive data: 9
[ 17309][E][WiFiUdp.cpp:221] parsePacket(): could not receive data: 9
[ 17316][E][WiFiUdp.cpp:221] parsePacket(): could not receive data: 9
[ 17323][E][WiFiUdp.cpp:221] parsePacket(): could not receive data: 9
[ 17330][E][WiFiUdp.cpp:221] parsePacket(): could not receive data: 9
[ 17337][E][WiFiUdp.cpp:221] parsePacket(): could not receive data: 9
[ 17346][E][WiFiUdp.cpp:221] parsePacket(): could not receive data: 9
[ 17355][E][WiFiUdp.cpp:221] parsePacket(): could not receive data: 9
[ 17362][E][WiFiUdp.cpp:221] parsePacket(): could not receive data: 9
[ 17370][E][WiFiUdp.cpp:221] parsePacket(): could not receive data: 9
[ 17377][E][WiFiUdp.cpp:221] parsePacket(): could not receive data: 9
[ 17384][E][WiFiUdp.cpp:221] parsePacket(): could not receive data: 9
[ 17391][E][WiFiUdp.cpp:221] parsePacket(): could not receive data: 9
[ 17400][E][WiFiUdp.cpp:221] parsePacket(): could not receive data: 9
[ 17407][E][WiFiUdp.cpp:221] parsePacket(): could not receive data: 9
[ 17414][E][WiFiUdp.cpp:221] parsePacket(): could not receive data: 9
[ 17421][E][WiFiUdp.cpp:221] parsePacket(): could not receive data: 9
[ 17428][E][WiFiUdp.cpp:221] parsePacket(): could not receive data: 9
[ 17435][E][WiFiUdp.cpp:221] parsePacket(): could not receive data: 9
[ 17442][E][WiFiUdp.cpp:221] parsePacket(): could not receive data: 9
[ 17449][E][WiFiUdp.cpp:221] parsePacket(): could not receive data: 9
[ 17456][E][WiFiUdp.cpp:221] parsePacket(): could not receive data: 9
[ 17465][E][WiFiUdp.cpp:221] parsePacket(): could not receive data: 9
[ 17473][E][WiFiUdp.cpp:221] parsePacket(): could not receive data: 9
[ 17482][E][WiFiUdp.cpp:221] parsePacket(): could not receive data: 9
[ 17489][E][WiFiUdp.cpp:221] parsePacket(): could not receive data: 9
[ 17497][E][WiFiUdp.cpp:221] parsePacket(): could not receive data: 9
[ 17504][E][WiFiUdp.cpp:221] parsePacket(): could not receive data: 9
[ 17511][E][WiFiUdp.cpp:221] parsePacket(): could not receive data: 9
[ 17518][E][WiFiUdp.cpp:221] parsePacket(): could not receive data: 9
[ 17524][E][WiFiUdp.cpp:221] parsePacket(): could not receive data: 9
[ 17531][E][WiFiUdp.cpp:221] parsePacket(): could not receive data: 9
[ 17538][E][WiFiUdp.cpp:221] parsePacket(): could not receive data: 9
[ 17545][E][WiFiUdp.cpp:221] parsePacket(): could not receive data: 9
[ 17552][E][WiFiUdp.cpp:221] parsePacket(): could not receive data: 9
[ 17559][E][WiFiUdp.cpp:221] parsePacket(): could not receive data: 9
[ 17566][E][WiFiUdp.cpp:221] parsePacket(): could not receive data: 9
[ 17573][E][WiFiUdp.cpp:221] parsePacket(): could not receive data: 9
[ 17580][E][WiFiUdp.cpp:221] parsePacket(): could not receive data: 9
[ 17587][E][WiFiUdp.cpp:221] parsePacket(): could not receive data: 9
[ 17594][E][WiFiUdp.cpp:221] parsePacket(): could not receive data: 9
[ 17601][E][WiFiUdp.cpp:221] parsePacket(): could not receive data: 9
[ 17608][E][WiFiUdp.cpp:221] parsePacket(): could not receive data: 9
[ 17615][E][WiFiUdp.cpp:221] parsePacket(): could not receive data: 9
[ 17622][E][WiFiUdp.cpp:221] parsePacket(): could not receive data: 9
[ 17629][E][WiFiUdp.cpp:221] parsePacket(): could not receive data: 9
[ 17635][E][WiFiUdp.cpp:221] parsePacket(): could not receive data: 9
[ 17642][E][WiFiUdp.cpp:221] parsePacket(): could not receive data: 9
[ 17649][E][WiFiUdp.cpp:221] parsePacket(): could not receive data: 9
[ 17656][E][WiFiUdp.cpp:221] parsePacket(): could not receive data: 9
[ 17663][E][WiFiUdp.cpp:221] parsePacket(): could not receive data: 9
[ 17670][E][WiFiUdp.cpp:221] parsePacket(): could not receive data: 9
[ 17677][E][WiFiUdp.cpp:221] parsePacket(): could not receive data: 9
[ 17684][E][WiFiUdp.cpp:221] parsePacket(): could not receive data: 9
[ 17690][E][WiFiUdp.cpp:221] parsePacket(): could not receive data: 9
[ 17696][E][WiFiUdp.cpp:221] parsePacket(): could not receive data: 9
[ 17702][E][WiFiUdp.cpp:221] parsePacket(): could not receive data: 9
[ 17709][E][WiFiUdp.cpp:221] parsePacket(): could not receive data: 9
[ 17715][E][WiFiUdp.cpp:221] parsePacket(): could not receive data: 9
[ 17721][E][WiFiUdp.cpp:221] parsePacket(): could not receive data: 9
[ 17727][E][WiFiUdp.cpp:221] parsePacket(): could not receive data: 9
[ 17733][E][WiFiUdp.cpp:221] parsePacket(): could not receive data: 9
[ 17739][E][WiFiUdp.cpp:221] parsePacket(): could not receive data: 9
[ 17745][E][WiFiUdp.cpp:221] parsePacket(): could not receive data: 9
[ 17750][E][WiFiUdp.cpp:221] parsePacket(): could not receive data: 9
[ 17756][E][WiFiUdp.cpp:221] parsePacket(): could not receive data: 9
[ 17763][E][WiFiUdp.cpp:221] parsePacket(): could not receive data: 9
[ 17769][E][WiFiUdp.cpp:221] parsePacket(): could not receive data: 9
[ 17775][E][WiFiUdp.cpp:221] parsePacket(): could not receive data: 9
[ 17780][E][WiFiUdp.cpp:221] parsePacket(): could not receive data: 9
[ 17787][E][WiFiUdp.cpp:221] parsePacket(): could not receive data: 9
[ 17792][E][WiFiUdp.cpp:221] parsePacket(): could not receive data: 9
[ 17798][E][WiFiUdp.cpp:221] parsePacket(): could not receive data: 9
[ 17806][E][WiFiUdp.cpp:221] parsePacket(): could not receive data: 9
[ 17814][E][WiFiUdp.cpp:221] parsePacket(): could not receive data: 9
[ 17821][E][WiFiUdp.cpp:221] parsePacket(): could not receive data: 9
[ 17826][E][WiFiUdp.cpp:221] parsePacket(): could not receive data: 9
[ 17833][E][WiFiUdp.cpp:221] parsePacket(): could not receive data: 9
[ 17839][E][WiFiUdp.cpp:221] parsePacket(): could not receive data: 9
[ 17845][E][WiFiUdp.cpp:221] parsePacket(): could not receive data: 9
[ 17851][E][WiFiUdp.cpp:221] parsePacket(): could not receive data: 9
[ 17858][E][WiFiUdp.cpp:221] parsePacket(): could not receive data: 9
[ 17865][E][WiFiUdp.cpp:221] parsePacket(): could not receive data: 9
[ 17872][E][WiFiUdp.cpp:221] parsePacket(): could not receive data: 9
[ 17879][E][WiFiUdp.cpp:221] parsePacket(): could not receive data: 9
[ 17886][E][WiFiUdp.cpp:221] parsePacket(): could not receive data: 9
[ 17893][E][WiFiUdp.cpp:221] parsePacket(): could not receive data: 9
[ 17900][E][WiFiUdp.cpp:221] parsePacket(): could not receive data: 9
[ 17907][E][WiFiUdp.cpp:221] parsePacket(): could not receive data: 9
[ 17914][E][WiFiUdp.cpp:221] parsePacket(): could not receive data: 9
[ 17921][E][WiFiUdp.cpp:221] parsePacket(): could not receive data: 9
[ 17928][E][WiFiUdp.cpp:221] parsePacket(): could not receive data: 9
[ 17935][E][WiFiUdp.cpp:221] parsePacket(): could not receive data: 9
[ 17941][E][WiFiUdp.cpp:221] parsePacket(): could not receive data: 9
[ 17948][E][WiFiUdp.cpp:221] parsePacket(): could not receive data: 9
[ 17955][E][WiFiUdp.cpp:221] parsePacket(): could not receive data: 9
[ 17962][E][WiFiUdp.cpp:221] parsePacket(): could not receive data: 9
[ 17969][E][WiFiUdp.cpp:221] parsePacket(): could not receive data: 9
[ 17976][E][WiFiUdp.cpp:221] parsePacket(): could not receive data: 9
[ 17983][E][WiFiUdp.cpp:221] parsePacket(): could not receive data: 9
[ 17990][E][WiFiUdp.cpp:221] parsePacket(): could not receive data: 9
[ 17997][E][WiFiUdp.cpp:221] parsePacket(): could not receive data: 9
[ 18004][E][WiFiUdp.cpp:221] parsePacket(): could not receive data: 9
[ 18011][E][WiFiUdp.cpp:221] parsePacket(): could not receive data: 9
[ 18018][E][WiFiUdp.cpp:221] parsePacket(): could not receive data: 9
[ 18025][E][WiFiUdp.cpp:221] parsePacket(): could not receive data: 9
[ 18032][E][WiFiUdp.cpp:221] parsePacket(): could not receive data: 9
[ 18040][E][WiFiUdp.cpp:221] parsePacket(): could not receive data: 9
[ 18047][E][WiFiUdp.cpp:221] parsePacket(): could not receive data: 9
[ 18053][E][WiFiUdp.cpp:221] parsePacket(): could not receive data: 9
[ 18062][E][WiFiUdp.cpp:221] parsePacket(): could not receive data: 9
[ 18071][E][WiFiUdp.cpp:221] parsePacket(): could not receive data: 9
[ 18077][E][WiFiUdp.cpp:221] parsePacket(): could not receive data: 9
[ 18085][E][WiFiUdp.cpp:221] parsePacket(): could not receive data: 9
[ 18092][E][WiFiUdp.cpp:221] parsePacket(): could not receive data: 9
[ 18099][E][WiFiUdp.cpp:221] parsePacket(): could not receive data: 9
[ 18106][E][WiFiUdp.cpp:221] parsePacket(): could not receive data: 9
[ 18113][E][WiFiUdp.cpp:221] parsePacket(): could not receive data: 9
[ 18120][E][WiFiUdp.cpp:221] parsePacket(): could not receive data: 9
[ 18127][E][WiFiUdp.cpp:221] parsePacket(): could not receive data: 9
[ 18134][E][WiFiUdp.cpp:221] parsePacket(): could not receive data: 9
[ 18141][E][WiFiUdp.cpp:221] parsePacket(): could not receive data: 9
[ 18147][E][WiFiUdp.cpp:221] parsePacket(): could not receive data: 9
[ 18154][E][WiFiUdp.cpp:221] parsePacket(): could not receive data: 9
[ 18161][E][WiFiUdp.cpp:221] parsePacket(): could not receive data: 9
[ 18166][E][WiFiUdp.cpp:221] parsePacket(): could not receive data: 9
[ 18173][E][WiFiUdp.cpp:221] parsePacket(): could not receive data: 9
[ 18179][E][WiFiUdp.cpp:221] parsePacket(): could not receive data: 9
[ 18185][E][WiFiUdp.cpp:221] parsePacket(): could not receive data: 9
[ 18191][E][WiFiUdp.cpp:221] parsePacket(): could not receive data: 9
[ 18196][E][WiFiUdp.cpp:221] parsePacket(): could not receive data: 9
[ 18202][E][WiFiUdp.cpp:221] parsePacket(): could not receive data: 9
[ 18208][E][WiFiUdp.cpp:221] parsePacket(): could not receive data: 9
[ 18214][E][WiFiUdp.cpp:221] parsePacket(): could not receive data: 9
[ 18220][E][WiFiUdp.cpp:221] parsePacket(): could not receive data: 9
[ 18227][E][WiFiUdp.cpp:221] parsePacket(): could not receive data: 9
[ 18233][E][WiFiUdp.cpp:221] parsePacket(): could not receive data: 9
[ 18238][E][WiFiUdp.cpp:221] parsePacket(): could not receive data: 9
[ 18245][E][WiFiUdp.cpp:221] parsePacket(): could not receive data: 9
[ 18251][E][WiFiUdp.cpp:221] parsePacket(): could not receive data: 9
[ 18256][E][WiFiUdp.cpp:221] parsePacket(): could not receive data: 9
[ 18262][E][WiFiUdp.cpp:221] parsePacket(): could not receive data: 9
[ 18269][E][WiFiUdp.cpp:221] parsePacket(): could not receive data: 9
[ 18275][E][WiFiUdp.cpp:221] parsePacket(): could not receive data: 9
[ 18281][E][WiFiUdp.cpp:221] parsePacket(): could not receive data: 9
[ 18287][E][WiFiUdp.cpp:221] parsePacket(): could not receive data: 9
[ 18293][E][WiFiUdp.cpp:221] parsePacket(): could not receive data: 9
[ 18298][E][WiFiUdp.cpp:221] parsePacket(): could not receive data: 9
[ 18304][E][WiFiUdp.cpp:221] parsePacket(): could not receive data: 9
[ 18310][E][WiFiUdp.cpp:221] parsePacket(): could not receive data: 9
[ 18316][E][WiFiUdp.cpp:221] parsePacket(): could not receive data: 9
[ 18322][E][WiFiUdp.cpp:221] parsePacket(): could not receive data: 9
[ 18329][E][WiFiUdp.cpp:221] parsePacket(): could not receive data: 9
[ 18334][E][WiFiUdp.cpp:221] parsePacket(): could not receive data: 9
[ 18340][E][WiFiUdp.cpp:221] parsePacket(): could not receive data: 9
[ 18346][E][WiFiUdp.cpp:221] parsePacket(): could not receive data: 9
[ 18352][E][WiFiUdp.cpp:221] parsePacket(): could not receive data: 9
[ 18358][E][WiFiUdp.cpp:221] parsePacket(): could not receive data: 9
[ 18364][E][WiFiUdp.cpp:221] parsePacket(): could not receive data: 9
[ 18370][E][WiFiUdp.cpp:221] parsePacket(): could not receive data: 9
[ 18376][E][WiFiUdp.cpp:221] parsePacket(): could not receive data: 9
[ 18382][E][WiFiUdp.cpp:221] parsePacket(): could not receive data: 9
[ 18388][E][WiFiUdp.cpp:221] parsePacket(): could not receive data: 9
[ 18394][E][WiFiUdp.cpp:221] parsePacket(): could not receive data: 9
[ 18401][E][WiFiUdp.cpp:221] parsePacket(): could not receive data: 9
[ 18407][E][WiFiUdp.cpp:221] parsePacket(): could not receive data: 9
[ 18412][E][WiFiUdp.cpp:221] parsePacket(): could not receive data: 9
[ 18418][E][WiFiUdp.cpp:221] parsePacket(): could not receive data: 9
[ 18424][E][WiFiUdp.cpp:221] parsePacket(): could not receive data: 9
[ 18430][E][WiFiUdp.cpp:221] parsePacket(): could not receive data: 9
[ 18436][E][WiFiUdp.cpp:221] parsePacket(): could not receive data: 9
[ 18442][E][WiFiUdp.cpp:221] parsePacket(): could not receive data: 9
[ 18448][E][WiFiUdp.cpp:221] parsePacket(): could not receive data: 9
[ 18454][E][WiFiUdp.cpp:221] parsePacket(): could not receive data: 9
[ 18460][E][WiFiUdp.cpp:221] parsePacket(): could not receive data: 9
[ 18466][E][WiFiUdp.cpp:221] parsePacket(): could not receive data: 9
[ 18472][E][WiFiUdp.cpp:221] parsePacket(): could not receive data: 9
[ 18478][E][WiFiUdp.cpp:221] parsePacket(): could not receive data: 9
[ 18484][E][WiFiUdp.cpp:221] parsePacket(): could not receive data: 9
[ 18490][E][WiFiUdp.cpp:221] parsePacket(): could not receive data: 9
[ 18496][E][WiFiUdp.cpp:221] parsePacket(): could not receive data: 9
[ 18502][E][WiFiUdp.cpp:221] parsePacket(): could not receive data: 9
[ 18508][E][WiFiUdp.cpp:221] parsePacket(): could not receive data: 9
[ 18514][E][WiFiUdp.cpp:221] parsePacket(): could not receive data: 9
[ 18520][E][WiFiUdp.cpp:221] parsePacket(): could not receive data: 9
[ 18526][E][WiFiUdp.cpp:221] parsePacket(): could not receive data: 9
[ 18532][E][WiFiUdp.cpp:221] parsePacket(): could not receive data: 9
[ 18538][E][WiFiUdp.cpp:221] parsePacket(): could not receive data: 9
[ 18544][E][WiFiUdp.cpp:221] parsePacket(): could not receive data: 9
[ 18550][E][WiFiUdp.cpp:221] parsePacket(): could not receive data: 9
[ 18556][E][WiFiUdp.cpp:221] parsePacket(): could not receive data: 9
[ 18562][E][WiFiUdp.cpp:221] parsePacket(): could not receive data: 9
[ 18568][E][WiFiUdp.cpp:221] parsePacket(): could not receive data: 9
[ 18574][E][WiFiUdp.cpp:221] parsePacket(): could not receive data: 9
[ 18580][E][WiFiUdp.cpp:221] parsePacket(): could not receive data: 9
[ 18586][E][WiFiUdp.cpp:221] parsePacket(): could not receive data: 9
[ 18593][E][WiFiUdp.cpp:221] parsePacket(): could not receive data: 9
[ 18598][E][WiFiUdp.cpp:221] parsePacket(): could not receive data: 9
[ 18604][E][WiFiUdp.cpp:221] parsePacket(): could not receive data: 9
[ 18611][E][WiFiUdp.cpp:221] parsePacket(): could not receive data: 9
[ 18616][E][WiFiUdp.cpp:221] parsePacket(): could not receive data: 9
[ 18622][E][WiFiUdp.cpp:221] parsePacket(): could not receive data: 9
[ 18628][E][WiFiUdp.cpp:221] parsePacket(): could not receive data: 9
[ 18634][E][WiFiUdp.cpp:221] parsePacket(): could not receive data: 9
[ 18640][E][WiFiUdp.cpp:221] parsePacket(): could not receive data: 9
[ 18646][E][WiFiUdp.cpp:221] parsePacket(): could not receive data: 9
[ 18652][E][WiFiUdp.cpp:221] parsePacket(): could not receive data: 9
[ 18658][E][WiFiUdp.cpp:221] parsePacket(): could not receive data: 9
[ 18664][E][WiFiUdp.cpp:221] parsePacket(): could not receive data: 9
[ 18670][E][WiFiUdp.cpp:221] parsePacket(): could not receive data: 9
[ 18676][E][WiFiUdp.cpp:221] parsePacket(): could not receive data: 9
[ 18682][E][WiFiUdp.cpp:221] parsePacket(): could not receive data: 9
[ 18688][E][WiFiUdp.cpp:221] parsePacket(): could not receive data: 9
[ 18694][E][WiFiUdp.cpp:221] parsePacket(): could not receive data: 9
[ 18700][E][WiFiUdp.cpp:221] parsePacket(): could not receive data: 9
[ 18706][E][WiFiUdp.cpp:221] parsePacket(): could not receive data: 9
[ 18712][E][WiFiUdp.cpp:221] parsePacket(): could not receive data: 9
[ 18718][E][WiFiUdp.cpp:221] parsePacket(): could not receive data: 9
[ 18724][E][WiFiUdp.cpp:221] parsePacket(): could not receive data: 9
[ 18730][E][WiFiUdp.cpp:221] parsePacket(): could not receive data: 9
[ 18736][E][WiFiUdp.cpp:221] parsePacket(): could not receive data: 9
[ 18742][E][WiFiUdp.cpp:221] parsePacket(): could not receive data: 9
[ 18748][E][WiFiUdp.cpp:221] parsePacket(): could not receive data: 9
[ 18754][E][WiFiUdp.cpp:221] parsePacket(): could not receive data: 9
[ 18760][E][WiFiUdp.cpp:221] parsePacket(): could not receive data: 9
[ 18766][E][WiFiUdp.cpp:221] parsePacket(): could not receive data: 9
[ 18772][E][WiFiUdp.cpp:221] parsePacket(): could not receive data: 9
[ 18778][E][WiFiUdp.cpp:221] parsePacket(): could not receive data: 9
[ 18784][E][WiFiUdp.cpp:221] parsePacket(): could not receive data: 9
[ 18790][E][WiFiUdp.cpp:221] parsePacket(): could not receive data: 9
[ 18796][E][WiFiUdp.cpp:221] parsePacket(): could not receive data: 9
[ 18802][E][WiFiUdp.cpp:221] parsePacket(): could not receive data: 9
[ 18808][E][WiFiUdp.cpp:221] parsePacket(): could not receive data: 9
[ 18815][E][WiFiUdp.cpp:221] parsePacket(): could not receive data: 9
[ 18820][E][WiFiUdp.cpp:221] parsePacket(): could not receive data: 9
[ 18826][E][WiFiUdp.cpp:221] parsePacket(): could not receive data: 9
[ 18832][E][WiFiUdp.cpp:221] parsePacket(): could not receive data: 9
[ 18838][E][WiFiUdp.cpp:221] parsePacket(): could not receive data: 9
[ 18844][E][WiFiUdp.cpp:221] parsePacket(): could not receive data: 9
[ 18851][E][WiFiUdp.cpp:221] parsePacket(): could not receive data: 9
[ 18857][E][WiFiUdp.cpp:221] parsePacket(): could not receive data: 9
[ 18862][E][WiFiUdp.cpp:221] parsePacket(): could not receive data: 9
[ 18869][E][WiFiUdp.cpp:221] parsePacket(): could not receive data: 9
[ 18875][E][WiFiUdp.cpp:221] parsePacket(): could not receive data: 9
[ 18881][E][WiFiUdp.cpp:221] parsePacket(): could not receive data: 9
[ 18887][E][WiFiUdp.cpp:221] parsePacket(): could not receive data: 9
[ 18893][E][WiFiUdp.cpp:221] parsePacket(): could not receive data: 9
[ 18899][E][WiFiUdp.cpp:221] parsePacket(): could not receive data: 9
[ 18904][E][WiFiUdp.cpp:221] parsePacket(): could not receive data: 9
[ 18910][E][WiFiUdp.cpp:221] parsePacket(): could not receive data: 9
[ 18917][E][WiFiUdp.cpp:221] parsePacket(): could not receive data: 9
[ 18923][E][WiFiUdp.cpp:221] parsePacket(): could not receive data: 9
[ 18929][E][WiFiUdp.cpp:221] parsePacket(): could not receive data: 9
[ 18935][E][WiFiUdp.cpp:221] parsePacket(): could not receive data: 9
[ 18940][E][WiFiUdp.cpp:221] parsePacket(): could not receive data: 9
[ 18946][E][WiFiUdp.cpp:221] parsePacket(): could not receive data: 9
[ 18952][E][WiFiUdp.cpp:221] parsePacket(): could not receive data: 9
[ 18958][E][WiFiUdp.cpp:221] parsePacket(): could not receive data: 9
[ 18964][E][WiFiUdp.cpp:221] parsePacket(): could not receive data: 9
[ 18970][E][WiFiUdp.cpp:221] parsePacket(): could not receive data: 9
[ 18976][E][WiFiUdp.cpp:221] parsePacket(): could not receive data: 9
[ 18983][E][WiFiUdp.cpp:221] parsePacket(): could not receive data: 9
[ 18988][E][WiFiUdp.cpp:221] parsePacket(): could not receive data: 9
[ 18994][E][WiFiUdp.cpp:221] parsePacket(): could not receive data: 9
[ 19000][E][WiFiUdp.cpp:221] parsePacket(): could not receive data: 9
[ 19006][E][WiFiUdp.cpp:221] parsePacket(): could not receive data: 9
[ 19012][E][WiFiUdp.cpp:221] parsePacket(): could not receive data: 9
[ 19018][E][WiFiUdp.cpp:221] parsePacket(): could not receive data: 9
[ 19024][E][WiFiUdp.cpp:221] parsePacket(): could not receive data: 9
[ 19030][E][WiFiUdp.cpp:221] parsePacket(): could not receive data: 9
[ 19036][E][WiFiUdp.cpp:221] parsePacket(): could not receive data: 9
[ 19042][E][WiFiUdp.cpp:221] parsePacket(): could not receive data: 9
[ 19048][E][WiFiUdp.cpp:221] parsePacket(): could not receive data: 9
[ 19054][E][WiFiUdp.cpp:221] parsePacket(): could not receive data: 9
[ 19060][E][WiFiUdp.cpp:221] parsePacket(): could not receive data: 9
[ 19066][E][WiFiUdp.cpp:221] parsePacket(): could not receive data: 9
[ 19072][E][WiFiUdp.cpp:221] parsePacket(): could not receive data: 9
[ 19078][E][WiFiUdp.cpp:221] parsePacket(): could not receive data: 9
[ 19084][E][WiFiUdp.cpp:221] parsePacket(): could not receive data: 9
[ 19090][E][WiFiUdp.cpp:221] parsePacket(): could not receive data: 9
[ 19096][E][WiFiUdp.cpp:221] parsePacket(): could not receive data: 9
[ 19102][E][WiFiUdp.cpp:221] parsePacket(): could not receive data: 9
[ 19108][E][WiFiUdp.cpp:221] parsePacket(): could not receive data: 9
[ 19114][E][WiFiUdp.cpp:221] parsePacket(): could not receive data: 9
[ 19120][E][WiFiUdp.cpp:221] parsePacket(): could not receive data: 9
[ 19126][E][WiFiUdp.cpp:221] parsePacket(): could not receive data: 9
[ 19132][E][WiFiUdp.cpp:221] parsePacket(): could not receive data: 9
[ 19138][E][WiFiUdp.cpp:221] parsePacket(): could not receive data: 9
[ 19144][E][WiFiUdp.cpp:221] parsePacket(): could not receive data: 9
[ 19150][E][WiFiUdp.cpp:221] parsePacket(): could not receive data: 9
[ 19156][E][WiFiUdp.cpp:221] parsePacket(): could not receive data: 9
[ 19162][E][WiFiUdp.cpp:221] parsePacket(): could not receive data: 9
[ 19169][E][WiFiUdp.cpp:221] parsePacket(): could not receive data: 9
[ 19175][E][WiFiUdp.cpp:221] parsePacket(): could not receive data: 9
[ 19182][E][WiFiUdp.cpp:221] parsePacket(): could not receive data: 9
[ 19189][E][WiFiUdp.cpp:221] parsePacket(): could not receive data: 9
[ 19196][E][WiFiUdp.cpp:221] parsePacket(): could not receive data: 9
[ 19203][E][WiFiUdp.cpp:221] parsePacket(): could not receive data: 9
[ 19210][E][WiFiUdp.cpp:221] parsePacket(): could not receive data: 9
[ 19217][E][WiFiUdp.cpp:221] parsePacket(): could not receive data: 9
[ 19224][E][WiFiUdp.cpp:221] parsePacket(): could not receive data: 9
[ 19231][E][WiFiUdp.cpp:221] parsePacket(): could not receive data: 9
[ 19236][E][WiFiUdp.cpp:221] parsePacket(): could not receive data: 9
[ 19242][E][WiFiUdp.cpp:221] parsePacket(): could not receive data: 9
[ 19248][E][WiFiUdp.cpp:221] parsePacket(): could not receive data: 9
[ 19255][E][WiFiUdp.cpp:221] parsePacket(): could not receive data: 9
[ 19260][E][WiFiUdp.cpp:221] parsePacket(): could not receive data: 9
[ 19267][E][WiFiUdp.cpp:221] parsePacket(): could not receive data: 9
[ 19272][E][WiFiUdp.cpp:221] parsePacket(): could not receive data: 9
[ 19278][E][WiFiUdp.cpp:221] parsePacket(): could not receive data: 9
[ 19284][E][WiFiUdp.cpp:221] parsePacket(): could not receive data: 9
[ 19290][E][WiFiUdp.cpp:221] parsePacket(): could not receive data: 9
[ 19296][E][WiFiUdp.cpp:221] parsePacket(): could not receive data: 9
[ 19302][E][WiFiUdp.cpp:221] parsePacket(): could not receive data: 9
[ 19309][E][WiFiUdp.cpp:221] parsePacket(): could not receive data: 9
[ 19314][E][WiFiUdp.cpp:221] parsePacket(): could not receive data: 9
[ 19320][E][WiFiUdp.cpp:221] parsePacket(): could not receive data: 9
[ 19326][E][WiFiUdp.cpp:221] parsePacket(): could not receive data: 9
[ 19332][E][WiFiUdp.cpp:221] parsePacket(): could not receive data: 9
[ 19338][E][WiFiUdp.cpp:221] parsePacket(): could not receive data: 9
[ 19344][E][WiFiUdp.cpp:221] parsePacket(): could not receive data: 9
[ 19350][E][WiFiUdp.cpp:221] parsePacket(): could not receive data: 9
[ 19356][E][WiFiUdp.cpp:221] parsePacket(): could not receive data: 9
[ 19362][E][WiFiUdp.cpp:221] parsePacket(): could not receive data: 9
[ 19368][E][WiFiUdp.cpp:221] parsePacket(): could not receive data: 9
[ 19374][E][WiFiUdp.cpp:221] parsePacket(): could not receive data: 9
[ 19381][E][WiFiUdp.cpp:221] parsePacket(): could not receive data: 9
[ 19387][E][WiFiUdp.cpp:221] parsePacket(): could not receive data: 9
[ 19394][E][WiFiUdp.cpp:221] parsePacket(): could not receive data: 9
[ 19401][E][WiFiUdp.cpp:221] parsePacket(): could not receive data: 9
[ 19408][E][WiFiUdp.cpp:221] parsePacket(): could not receive data: 9
[ 19415][E][WiFiUdp.cpp:221] parsePacket(): could not receive data: 9
[ 19422][E][WiFiUdp.cpp:221] parsePacket(): could not receive data: 9
[ 19429][E][WiFiUdp.cpp:221] parsePacket(): could not receive data: 9
[ 19436][E][WiFiUdp.cpp:221] parsePacket(): could not receive data: 9
[ 19443][E][WiFiUdp.cpp:221] parsePacket(): could not receive data: 9
[ 19450][E][WiFiUdp.cpp:221] parsePacket(): could not receive data: 9
[ 19457][E][WiFiUdp.cpp:221] parsePacket(): could not receive data: 9
[ 19464][E][WiFiUdp.cpp:221] parsePacket(): could not receive data: 9
[ 19471][E][WiFiUdp.cpp:221] parsePacket(): could not receive data: 9
[ 19478][E][WiFiUdp.cpp:221] parsePacket(): could not receive data: 9
[ 19485][E][WiFiUdp.cpp:221] parsePacket(): could not receive data: 9
[ 19494][E][WiFiUdp.cpp:221] parsePacket(): could not receive data: 9
[ 19502][E][WiFiUdp.cpp:221] parsePacket(): could not receive data: 9
[ 19509][E][WiFiUdp.cpp:221] parsePacket(): could not receive data: 9
[ 19516][E][WiFiUdp.cpp:221] parsePacket(): could not receive data: 9
[ 19524][E][WiFiUdp.cpp:221] parsePacket(): could not receive data: 9
[ 19533][E][WiFiUdp.cpp:221] parsePacket(): could not receive data: 9
